3000	0	3500	0	1001.000000	
3000	0	3500	0	1001.000000	
3000	3000	3500	3000	1001.000000	
3478	3000	3500	3000	1001.000000	
3000	3000	3500	3000	1001.000000	
3000	3000	3500	3000	1001.000000	
3000	3000	3500	3000	1001.000000	
3000	3000	3500	3000	1001.000000	
3359	3000	3500	3000	1001.000000	
3000	3000	3500	3000	1001.000000	
3000	3000	3500	3000	1001.000000	
3000	3000	3500	3000	1001.000000	
3000	3000	3500	3000	1001.000000	
3000	3000	3500	3000	1001.000000	
3000	3000	3500	3000	1001.000000	
3000	3000	3500	3000	1001.000000	
3000	3000	3500	3000	1001.000000	
3000	3000	3500	3000	1001.000000	
3000	3000	3500	3000	1001.000000	
3000	3000	3500	3000	1001.000000	
3000	3000	3500	3000	1001.000000	
3000	3000	3500	3000	1001.000000	
3000	3000	3500	3000	1001.000000	
3000	3000	3500	3000	1001.000000	
3000	3000	3500	3000	1001.000000	
3000	3000	3500	3000	1002.000000	
3000	3000	3500	3000	1002.000000	
3000	3000	3500	3000	1002.000000	
3000	3000	3500	3000	1002.000000	
3430	3000	3500	3000	1002.000000	
3000	3000	3500	3000	1002.000000	
3000	3000	3500	3000	1002.000000	
3000	3000	3500	3000	1002.000000	
3000	3000	3500	3000	1002.000000	
3000	3000	3500	3000	1002.000000	
3000	3000	3500	3000	1002.000000	
3000	3000	3500	3000	1002.000000	
3000	3000	3500	3000	1002.000000	
3000	3000	3500	3000	1002.000000	
3000	3000	3500	3000	1002.000000	
3000	3000	3500	3000	1002.000000	
3000	3000	3500	3000	1002.000000	
3000	3000	3500	3000	1002.000000	
3000	3000	3500	3000	1002.000000	
3000	3000	3500	3000	1002.000000	
3000	3000	3500	3000	1002.000000	
3000	3000	3500	3000	1002.000000	
3000	3000	3500	3000	1002.000000	
3000	3000	3500	3000	1003.000000	
3000	3000	3500	3000	1003.000000	
3000	3000	3500	3000	1003.000000	
3000	3000	3500	3000	1003.000000	
3000	3000	3500	3000	1003.000000	
3000	3000	3500	3000	1003.000000	
3000	3000	3500	3000	1003.000000	
3000	3000	3500	3000	1003.000000	
3223	3000	3500	3000	1003.000000	
3000	3000	3500	3000	1003.000000	
3000	3000	3500	3000	1003.000000	
3000	3000	3500	3000	1003.000000	
3000	3000	3500	3000	1003.000000	
3000	3000	3500	3000	1003.000000	
3000	3000	3500	3000	1003.000000	
3000	3000	3500	3000	1003.000000	
3000	3000	3500	3000	1003.000000	
3000	3000	3500	3000	1003.000000	
3000	3000	3500	3000	1003.000000	
3000	3000	3500	3000	1003.000000	
3000	3000	3500	3000	1003.000000	
3000	3000	3500	3000	1003.000000	
3000	3000	3500	3000	1003.000000	
3000	3000	3500	3000	1004.000000	
3000	3000	3500	3000	1004.000000	
3000	3000	3500	3000	1004.000000	
3000	3000	3500	3000	1004.000000	
3000	3000	3500	3000	1004.000000	
3000	3000	3500	3000	1004.000000	
3000	3000	3500	3000	1004.000000	
3000	3000	3500	3000	1004.000000	
3461	3000	3500	3000	1004.000000	
3000	3000	3500	3000	1004.000000	
3000	3000	3500	3000	1004.000000	
3000	3000	3500	3000	1004.000000	
3000	3000	3500	3000	1004.000000	
3000	3000	3500	3000	1004.000000	
3000	3000	3500	3000	1004.000000	
3000	3000	3500	3000	1004.000000	
3000	3000	3500	3000	1004.000000	
3000	3000	3500	3000	1004.000000	
3000	3000	3500	3000	1004.000000	
3000	3000	3500	3000	1004.000000	
3000	3000	3500	3000	1004.000000	
3000	3000	3500	3000	1004.000000	
3000	3000	3500	3000	1004.000000	
3000	3000	3500	3000	1005.000000	
3000	3000	3500	3000	1005.000000	
3000	3000	3500	3000	1005.000000	
3000	3000	3500	3000	1005.000000	
3000	3000	3500	3000	1005.000000	
3000	3000	3500	3000	1005.000000	
3000	3000	3500	3000	1005.000000	
3000	3000	3500	3000	1005.000000	
3000	3000	3500	3000	1005.000000	
3000	3000	3500	3000	1005.000000	
3000	3000	3500	3000	1005.000000	
3000	3000	3500	3000	1005.000000	
3000	3000	3500	3000	1005.000000	
3441	3000	3500	3000	1005.000000	
3000	3000	3500	3000	1005.000000	
3441	3000	3500	3000	1005.000000	
3000	3000	3500	3000	1005.000000	
3000	3000	3500	3000	1005.000000	
3000	3000	3500	3000	1005.000000	
3000	3000	3500	3000	1005.000000	
3000	3000	3500	3000	1005.000000	
3000	3000	3500	3000	1005.000000	
3000	3000	3500	3000	1005.000000	
3000	3000	3500	3000	1006.000000	
3000	3000	3500	3000	1006.000000	
3000	3000	3500	3000	1006.000000	
3000	3000	3500	3000	1006.000000	
3000	3000	3500	3000	1006.000000	
3241	3000	3500	3000	1006.000000	
3000	3000	3500	3000	1006.000000	
3000	3000	3500	3000	1006.000000	
3000	3000	3500	3000	1006.000000	
3000	3000	3500	3000	1006.000000	
3000	3000	3500	3000	1006.000000	
3017	3000	3500	3000	1006.000000	
3000	3000	3500	3000	1006.000000	
3000	3000	3500	3000	1006.000000	
3000	3000	3500	3000	1006.000000	
3000	3000	3500	3000	1006.000000	
3000	3000	3500	3000	1006.000000	
3000	3000	3500	3000	1006.000000	
3000	3000	3500	3000	1006.000000	
3000	3000	3500	3000	1006.000000	
3000	3000	3500	3000	1006.000000	
3000	3000	3500	3000	1006.000000	
3000	3000	3500	3000	1006.000000	
3000	3000	3500	3000	1007.000000	
3000	3000	3500	3000	1007.000000	
3000	3000	3500	3000	1007.000000	
3000	3000	3500	3000	1007.000000	
3000	3000	3500	3000	1007.000000	
3000	3000	3500	3000	1007.000000	
3000	3000	3500	3000	1007.000000	
3000	3000	3500	3000	1007.000000	
3000	3000	3500	3000	1007.000000	
3000	3000	3500	3000	1007.000000	
3000	3000	3500	3000	1007.000000	
3000	3000	3500	3000	1007.000000	
3000	3000	3500	3000	1007.000000	
3000	3000	3500	3000	1007.000000	
3000	3000	3500	3000	1007.000000	
3000	3000	3500	3000	1007.000000	
3000	3000	3500	3000	1007.000000	
3000	3000	3500	3000	1007.000000	
3000	3000	3500	3000	1007.000000	
3000	3000	3500	3000	1007.000000	
3000	3000	3500	3000	1007.000000	
3000	3000	3500	3000	1007.000000	
3000	3000	3500	3000	1008.000000	
3000	3000	3500	3000	1008.000000	
3000	3000	3500	3000	1008.000000	
3000	3000	3500	3000	1008.000000	
3024	3000	3500	3000	1008.000000	
3000	3000	3500	3000	1008.000000	
3000	3000	3500	3000	1008.000000	
3000	3000	3500	3000	1008.000000	
3000	3000	3500	3000	1008.000000	
3000	3000	3500	3000	1008.000000	
3000	3000	3500	3000	1008.000000	
3000	3000	3500	3000	1008.000000	
3000	3000	3500	3000	1008.000000	
3000	3000	3500	3000	1008.000000	
3000	3000	3500	3000	1008.000000	
3000	3000	3500	3000	1008.000000	
3000	3000	3500	3000	1008.000000	
3000	3000	3500	3000	1008.000000	
3000	3000	3500	3000	1008.000000	
3000	3000	3500	3000	1008.000000	
3000	3000	3500	3000	1008.000000	
3000	3000	3500	3000	1008.000000	
3000	3000	3500	3000	1008.000000	
3000	3000	3500	3000	1009.000000	
3000	3000	3500	3000	1009.000000	
3000	3000	3500	3000	1009.000000	
3000	3000	3500	3000	1009.000000	
3000	3000	3500	3000	1009.000000	
3000	3000	3500	3000	1009.000000	
3000	3000	3500	3000	1009.000000	
3000	3000	3500	3000	1009.000000	
3000	3000	3500	3000	1009.000000	
3000	3000	3500	3000	1009.000000	
3000	3000	3500	3000	1009.000000	
3000	3000	3500	3000	1009.000000	
3000	3000	3500	3000	1009.000000	
3000	3000	3500	3000	1009.000000	
3000	3000	3500	3000	1009.000000	
3000	3000	3500	3000	1009.000000	
3000	3000	3500	3000	1009.000000	
3000	3000	3500	3000	1009.000000	
3000	3000	3500	3000	1009.000000	
3000	3000	3500	3000	1009.000000	
3000	3000	3500	3000	1009.000000	
3000	3000	3500	3000	1009.000000	
3000	3000	3500	3000	1009.000000	
3000	3000	3500	3000	1010.000000	
3000	3000	3500	3000	1010.000000	
3000	3000	3500	3000	1010.000000	
3000	3000	3500	3000	1010.000000	
3000	3000	3500	3000	1010.000000	
3000	3000	3500	3000	1010.000000	
3000	3000	3500	3000	1010.000000	
3000	3000	3500	3000	1010.000000	
3000	3000	3500	3000	1010.000000	
3000	3000	3500	3000	1010.000000	
3000	3000	3500	3000	1010.000000	
3000	3000	3500	3000	1010.000000	
3000	3000	3500	3000	1010.000000	
3000	3000	3500	3000	1010.000000	
3000	3000	3500	3000	1010.000000	
3000	3000	3500	3000	1010.000000	
3000	3000	3500	3000	1010.000000	
3000	3000	3500	3000	1010.000000	
3000	3000	3500	3000	1010.000000	
3000	3000	3500	3000	1010.000000	
3000	3000	3500	3000	1010.000000	
3000	3000	3500	3000	1010.000000	
3000	3000	3500	3000	1010.000000	
3000	3000	3500	3000	1011.000000	
3000	3000	3500	3000	1011.000000	
3000	3000	3500	3000	1011.000000	
3000	3000	3500	3000	1011.000000	
3000	3000	3500	3000	1011.000000	
3000	3000	3500	3000	1011.000000	
3000	3000	3500	3000	1011.000000	
3000	3000	3500	3000	1011.000000	
3000	3000	3500	3000	1011.000000	
3000	3000	3500	3000	1011.000000	
3000	3000	3500	3000	1011.000000	
3010	3000	3500	3000	1011.000000	
3000	3000	3500	3000	1011.000000	
3000	3000	3500	3000	1011.000000	
3000	3000	3500	3000	1011.000000	
3000	3000	3500	3000	1011.000000	
3000	3000	3500	3000	1011.000000	
3000	3000	3500	3000	1011.000000	
3000	3000	3500	3000	1011.000000	
3000	3000	3500	3000	1011.000000	
3000	3000	3500	3000	1011.000000	
3000	3000	3500	3000	1011.000000	
3000	3000	3500	3000	1011.000000	
3000	3000	3500	3000	1012.000000	
3000	3000	3500	3000	1012.000000	
3057	3000	3500	3000	1012.000000	
3000	3000	3500	3000	1012.000000	
3000	3000	3500	3000	1012.000000	
3000	3000	3500	3000	1012.000000	
3000	3000	3500	3000	1012.000000	
3000	3000	3500	3000	1012.000000	
3187	3000	3500	3000	1012.000000	
3000	3000	3500	3000	1012.000000	
3000	3000	3500	3000	1012.000000	
3000	3000	3500	3000	1012.000000	
3000	3000	3500	3000	1012.000000	
3086	3000	3500	3000	1012.000000	
3132	3000	3500	3000	1012.000000	
3000	3000	3500	3000	1012.000000	
3000	3000	3500	3000	1012.000000	
3272	3086	3500	3086	1008.000000	
3293	3132	3500	3132	1006.000000	
3000	3000	3500	3000	1012.000000	
3000	3000	3500	3000	1012.000000	
3000	3000	3500	3000	1012.000000	
3000	3000	3500	3000	1012.000000	
3000	3000	3500	3000	1013.000000	
3000	3000	3500	3000	1013.000000	
3000	3000	3500	3000	1013.000000	
3000	3000	3500	3000	1013.000000	
3000	3000	3500	3000	1013.000000	
3000	3000	3500	3000	1013.000000	
3000	3000	3500	3000	1013.000000	
3000	3000	3500	3000	1013.000000	
3000	3000	3500	3000	1013.000000	
3000	3000	3500	3000	1013.000000	
3000	3000	3500	3000	1013.000000	
3000	3000	3500	3000	1013.000000	
3000	3000	3500	3000	1013.000000	
3000	3000	3500	3000	1013.000000	
3000	3000	3500	3000	1013.000000	
3000	3000	3500	3000	1013.000000	
3000	3000	3500	3000	1013.000000	
3000	3000	3500	3000	1013.000000	
3000	3000	3500	3000	1013.000000	
3000	3000	3500	3000	1013.000000	
3000	3000	3500	3000	1013.000000	
3000	3000	3500	3000	1013.000000	
3000	3000	3500	3000	1013.000000	
3000	3000	3500	3000	1014.000000	
3000	3000	3500	3000	1014.000000	
3000	3000	3500	3000	1014.000000	
3000	3000	3500	3000	1014.000000	
3000	3000	3500	3000	1014.000000	
3000	3000	3500	3000	1014.000000	
3000	3000	3500	3000	1014.000000	
3000	3000	3500	3000	1014.000000	
3000	3000	3500	3000	1014.000000	
3000	3000	3500	3000	1014.000000	
3000	3000	3500	3000	1014.000000	
3000	3000	3500	3000	1014.000000	
3000	3000	3500	3000	1014.000000	
3000	3000	3500	3000	1014.000000	
3000	3000	3500	3000	1014.000000	
3000	3000	3500	3000	1014.000000	
3000	3000	3500	3000	1014.000000	
3000	3000	3500	3000	1014.000000	
3000	3000	3500	3000	1014.000000	
3000	3000	3500	3000	1014.000000	
3000	3000	3500	3000	1014.000000	
3000	3000	3500	3000	1014.000000	
3000	3000	3500	3000	1014.000000	
3000	3000	3500	3000	1015.000000	
3000	3000	3500	3000	1015.000000	
3000	3000	3500	3000	1015.000000	
3000	3000	3500	3000	1015.000000	
3000	3000	3500	3000	1015.000000	
3359	3000	3500	3000	1015.000000	
3000	3000	3500	3000	1015.000000	
3000	3000	3500	3000	1015.000000	
3000	3000	3500	3000	1015.000000	
3000	3000	3500	3000	1015.000000	
3000	3000	3500	3000	1015.000000	
3000	3000	3500	3000	1015.000000	
3368	3000	3500	3000	1015.000000	
3000	3000	3500	3000	1015.000000	
3000	3000	3500	3000	1015.000000	
3094	3000	3500	3000	1015.000000	
3000	3000	3500	3000	1015.000000	
3000	3000	3500	3000	1015.000000	
3000	3000	3500	3000	1015.000000	
3000	3000	3500	3000	1015.000000	
3000	3000	3500	3000	1015.000000	
3000	3000	3500	3000	1015.000000	
3000	3000	3500	3000	1015.000000	
3000	3000	3500	3000	1016.000000	
3000	3000	3500	3000	1016.000000	
3000	3000	3500	3000	1016.000000	
3000	3000	3500	3000	1016.000000	
3000	3000	3500	3000	1016.000000	
3000	3000	3500	3000	1016.000000	
3000	3000	3500	3000	1016.000000	
3000	3000	3500	3000	1016.000000	
3000	3000	3500	3000	1016.000000	
3000	3000	3500	3000	1016.000000	
3409	3000	3500	3000	1016.000000	
3000	3000	3500	3000	1016.000000	
3000	3000	3500	3000	1016.000000	
3000	3000	3500	3000	1016.000000	
3000	3000	3500	3000	1016.000000	
3000	3000	3500	3000	1016.000000	
3000	3000	3500	3000	1016.000000	
3000	3000	3500	3000	1016.000000	
3000	3000	3500	3000	1016.000000	
3000	3000	3500	3000	1016.000000	
3000	3000	3500	3000	1016.000000	
3000	3000	3500	3000	1016.000000	
3265	3000	3500	3000	1016.000000	
3000	3000	3500	3000	1017.000000	
3000	3000	3500	3000	1017.000000	
3000	3000	3500	3000	1017.000000	
3000	3000	3500	3000	1017.000000	
3000	3000	3500	3000	1017.000000	
3000	3000	3500	3000	1017.000000	
3000	3000	3500	3000	1017.000000	
3000	3000	3500	3000	1017.000000	
3000	3000	3500	3000	1017.000000	
3000	3000	3500	3000	1017.000000	
3000	3000	3500	3000	1017.000000	
3000	3000	3500	3000	1017.000000	
3133	3000	3500	3000	1017.000000	
3000	3000	3500	3000	1017.000000	
3000	3000	3500	3000	1017.000000	
3000	3000	3500	3000	1017.000000	
3000	3000	3500	3000	1017.000000	
3000	3000	3500	3000	1017.000000	
3000	3000	3500	3000	1017.000000	
3000	3000	3500	3000	1017.000000	
3000	3000	3500	3000	1017.000000	
3000	3000	3500	3000	1017.000000	
3000	3000	3500	3000	1018.000000	
3000	3000	3500	3000	1018.000000	
3000	3000	3500	3000	1018.000000	
3000	3000	3500	3000	1018.000000	
3000	3000	3500	3000	1018.000000	
3000	3000	3500	3000	1018.000000	
3000	3000	3500	3000	1018.000000	
3000	3000	3500	3000	1018.000000	
3000	3000	3500	3000	1018.000000	
3000	3000	3500	3000	1018.000000	
3000	3000	3500	3000	1018.000000	
3382	3000	3500	3000	1018.000000	
3000	3000	3500	3000	1018.000000	
3000	3000	3500	3000	1018.000000	
3000	3000	3500	3000	1018.000000	
3000	3000	3500	3000	1018.000000	
3000	3000	3500	3000	1018.000000	
3000	3000	3500	3000	1018.000000	
3000	3000	3500	3000	1018.000000	
3310	3000	3500	3000	1018.000000	
3000	3000	3500	3000	1018.000000	
3000	3000	3500	3000	1018.000000	
3000	3000	3500	3000	1018.000000	
3000	3000	3500	3000	1019.000000	
3000	3000	3500	3000	1019.000000	
3000	3000	3500	3000	1019.000000	
3000	3000	3500	3000	1019.000000	
3000	3000	3500	3000	1019.000000	
3000	3000	3500	3000	1019.000000	
3000	3000	3500	3000	1019.000000	
3000	3000	3500	3000	1019.000000	
3000	3000	3500	3000	1019.000000	
3000	3000	3500	3000	1019.000000	
3000	3000	3500	3000	1019.000000	
3000	3000	3500	3000	1019.000000	
3000	3000	3500	3000	1019.000000	
3000	3000	3500	3000	1019.000000	
3000	3000	3500	3000	1019.000000	
3000	3000	3500	3000	1019.000000	
3000	3000	3500	3000	1019.000000	
3000	3000	3500	3000	1019.000000	
3000	3000	3500	3000	1019.000000	
3000	3000	3500	3000	1019.000000	
3000	3000	3500	3000	1019.000000	
3000	3000	3500	3000	1019.000000	
3000	3000	3500	3000	1019.000000	
3000	3000	3500	3000	1020.000000	
3000	3000	3500	3000	1020.000000	
3000	3000	3500	3000	1020.000000	
3000	3000	3500	3000	1020.000000	
3000	3000	3500	3000	1020.000000	
3000	3000	3500	3000	1020.000000	
3000	3000	3500	3000	1020.000000	
3000	3000	3500	3000	1020.000000	
3000	3000	3500	3000	1020.000000	
3000	3000	3500	3000	1020.000000	
3000	3000	3500	3000	1020.000000	
3000	3000	3500	3000	1020.000000	
3000	3000	3500	3000	1020.000000	
3189	3000	3500	3000	1020.000000	
3000	3000	3500	3000	1020.000000	
3000	3000	3500	3000	1020.000000	
3000	3000	3500	3000	1020.000000	
3000	3000	3500	3000	1020.000000	
3000	3000	3500	3000	1020.000000	
3000	3000	3500	3000	1020.000000	
3000	3000	3500	3000	1020.000000	
3000	3000	3500	3000	1020.000000	
3000	3000	3500	3000	1020.000000	
3000	3000	3500	3000	1021.000000	
3000	3000	3500	3000	1021.000000	
3000	3000	3500	3000	1021.000000	
3000	3000	3500	3000	1021.000000	
3000	3000	3500	3000	1021.000000	
3000	3000	3500	3000	1021.000000	
3000	3000	3500	3000	1021.000000	
3000	3000	3500	3000	1021.000000	
3000	3000	3500	3000	1021.000000	
3425	3000	3500	3000	1021.000000	
3000	3000	3500	3000	1021.000000	
3000	3000	3500	3000	1021.000000	
3000	3000	3500	3000	1021.000000	
3000	3000	3500	3000	1021.000000	
3000	3000	3500	3000	1021.000000	
3000	3000	3500	3000	1021.000000	
3000	3000	3500	3000	1021.000000	
3000	3000	3500	3000	1021.000000	
3000	3000	3500	3000	1021.000000	
3000	3000	3500	3000	1021.000000	
3000	3000	3500	3000	1021.000000	
3000	3000	3500	3000	1021.000000	
3000	3000	3500	3000	1021.000000	
3000	3000	3500	3000	1022.000000	
3000	3000	3500	3000	1022.000000	
3001	3000	3500	3000	1022.000000	
3000	3000	3500	3000	1022.000000	
3000	3000	3500	3000	1022.000000	
3000	3000	3500	3000	1022.000000	
3000	3000	3500	3000	1022.000000	
3000	3000	3500	3000	1022.000000	
3000	3000	3500	3000	1022.000000	
3000	3000	3500	3000	1022.000000	
3000	3000	3500	3000	1022.000000	
3000	3000	3500	3000	1022.000000	
3000	3000	3500	3000	1022.000000	
3000	3000	3500	3000	1022.000000	
3000	3000	3500	3000	1022.000000	
3000	3000	3500	3000	1022.000000	
3000	3000	3500	3000	1022.000000	
3000	3000	3500	3000	1022.000000	
3000	3000	3500	3000	1022.000000	
3166	3000	3500	3000	1022.000000	
3000	3000	3500	3000	1022.000000	
3176	3000	3500	3000	1022.000000	
3000	3000	3500	3000	1022.000000	
3000	3000	3500	3000	1023.000000	
3069	3000	3500	3000	1023.000000	
3000	3000	3500	3000	1023.000000	
3000	3000	3500	3000	1023.000000	
3000	3000	3500	3000	1023.000000	
3000	3000	3500	3000	1023.000000	
3000	3000	3500	3000	1023.000000	
3000	3000	3500	3000	1023.000000	
3000	3000	3500	3000	1023.000000	
3000	3000	3500	3000	1023.000000	
3000	3000	3500	3000	1023.000000	
3000	3000	3500	3000	1023.000000	
3000	3000	3500	3000	1023.000000	
3000	3000	3500	3000	1023.000000	
3000	3000	3500	3000	1023.000000	
3000	3000	3500	3000	1023.000000	
3000	3000	3500	3000	1023.000000	
3000	3000	3500	3000	1023.000000	
3000	3000	3500	3000	1023.000000	
3000	3000	3500	3000	1023.000000	
3000	3000	3500	3000	1023.000000	
3000	3000	3500	3000	1023.000000	
3000	3000	3500	3000	1023.000000	
3000	3000	3500	3000	1024.000000	
3000	3000	3500	3000	1024.000000	
3000	3000	3500	3000	1024.000000	
3000	3000	3500	3000	1024.000000	
3000	3000	3500	3000	1024.000000	
3056	3000	3500	3000	1024.000000	
3000	3000	3500	3000	1024.000000	
3000	3000	3500	3000	1024.000000	
3000	3000	3500	3000	1024.000000	
3000	3000	3500	3000	1024.000000	
3000	3000	3500	3000	1024.000000	
3000	3000	3500	3000	1024.000000	
3246	3000	3500	3000	1024.000000	
3000	3000	3500	3000	1024.000000	
3107	3000	3500	3000	1024.000000	
3000	3000	3500	3000	1024.000000	
3000	3000	3500	3000	1024.000000	
3000	3000	3500	3000	1024.000000	
3000	3000	3500	3000	1024.000000	
3000	3000	3500	3000	1024.000000	
3000	3000	3500	3000	1024.000000	
3000	3000	3500	3000	1024.000000	
3000	3000	3500	3000	1025.000000	
3000	3000	3500	3000	1025.000000	
3000	3000	3500	3000	1025.000000	
3000	3000	3500	3000	1025.000000	
3000	3000	3500	3000	1025.000000	
3000	3000	3500	3000	1025.000000	
3000	3000	3500	3000	1025.000000	
3000	3000	3500	3000	1025.000000	
3000	3000	3500	3000	1025.000000	
3000	3000	3500	3000	1025.000000	
3000	3000	3500	3000	1025.000000	
3000	3000	3500	3000	1025.000000	
3000	3000	3500	3000	1025.000000	
3000	3000	3500	3000	1025.000000	
3000	3000	3500	3000	1025.000000	
3000	3000	3500	3000	1025.000000	
3000	3000	3500	3000	1025.000000	
3000	3000	3500	3000	1025.000000	
3000	3000	3500	3000	1025.000000	
3000	3000	3500	3000	1025.000000	
3000	3000	3500	3000	1025.000000	
3000	3000	3500	3000	1025.000000	
3000	3000	3500	3000	1025.000000	
3000	3000	3500	3000	1026.000000	
3000	3000	3500	3000	1026.000000	
3000	3000	3500	3000	1026.000000	
3000	3000	3500	3000	1026.000000	
3000	3000	3500	3000	1026.000000	
3000	3000	3500	3000	1026.000000	
3000	3000	3500	3000	1026.000000	
3000	3000	3500	3000	1026.000000	
3000	3000	3500	3000	1026.000000	
3000	3000	3500	3000	1026.000000	
3000	3000	3500	3000	1026.000000	
3000	3000	3500	3000	1026.000000	
3000	3000	3500	3000	1026.000000	
3000	3000	3500	3000	1026.000000	
3000	3000	3500	3000	1026.000000	
3000	3000	3500	3000	1026.000000	
3000	3000	3500	3000	1026.000000	
3000	3000	3500	3000	1026.000000	
3000	3000	3500	3000	1026.000000	
3000	3000	3500	3000	1026.000000	
3000	3000	3500	3000	1026.000000	
3000	3000	3500	3000	1026.000000	
3000	3000	3500	3000	1026.000000	
3000	3000	3500	3000	1027.000000	
3000	3000	3500	3000	1027.000000	
3000	3000	3500	3000	1027.000000	
3000	3000	3500	3000	1027.000000	
3000	3000	3500	3000	1027.000000	
3000	3000	3500	3000	1027.000000	
3183	3000	3500	3000	1027.000000	
3000	3000	3500	3000	1027.000000	
3000	3000	3500	3000	1027.000000	
3000	3000	3500	3000	1027.000000	
3000	3000	3500	3000	1027.000000	
3000	3000	3500	3000	1027.000000	
3000	3000	3500	3000	1027.000000	
3000	3000	3500	3000	1027.000000	
3000	3000	3500	3000	1027.000000	
3000	3000	3500	3000	1027.000000	
3000	3000	3500	3000	1027.000000	
3000	3000	3500	3000	1027.000000	
3000	3000	3500	3000	1027.000000	
3000	3000	3500	3000	1027.000000	
3000	3000	3500	3000	1027.000000	
3000	3000	3500	3000	1027.000000	
3000	3000	3500	3000	1027.000000	
3000	3000	3500	3000	1028.000000	
3000	3000	3500	3000	1028.000000	
3000	3000	3500	3000	1028.000000	
3000	3000	3500	3000	1028.000000	
3000	3000	3500	3000	1028.000000	
3000	3000	3500	3000	1028.000000	
3000	3000	3500	3000	1028.000000	
3000	3000	3500	3000	1028.000000	
3000	3000	3500	3000	1028.000000	
3000	3000	3500	3000	1028.000000	
3000	3000	3500	3000	1028.000000	
3105	3000	3500	3000	1028.000000	
3000	3000	3500	3000	1028.000000	
3000	3000	3500	3000	1028.000000	
3000	3000	3500	3000	1028.000000	
3000	3000	3500	3000	1028.000000	
3000	3000	3500	3000	1028.000000	
3000	3000	3500	3000	1028.000000	
3000	3000	3500	3000	1028.000000	
3000	3000	3500	3000	1028.000000	
3000	3000	3500	3000	1028.000000	
3000	3000	3500	3000	1028.000000	
3000	3000	3500	3000	1028.000000	
3000	3000	3500	3000	1029.000000	
3000	3000	3500	3000	1029.000000	
3000	3000	3500	3000	1029.000000	
3000	3000	3500	3000	1029.000000	
3000	3000	3500	3000	1029.000000	
3171	3000	3500	3000	1029.000000	
3000	3000	3500	3000	1029.000000	
3383	3000	3500	3000	1029.000000	
3000	3000	3500	3000	1029.000000	
3000	3000	3500	3000	1029.000000	
3000	3000	3500	3000	1029.000000	
3000	3000	3500	3000	1029.000000	
3000	3000	3500	3000	1029.000000	
3000	3000	3500	3000	1029.000000	
3000	3000	3500	3000	1029.000000	
3000	3000	3500	3000	1029.000000	
3323	3000	3500	3000	1029.000000	
3000	3000	3500	3000	1029.000000	
3000	3000	3500	3000	1029.000000	
3000	3000	3500	3000	1029.000000	
3000	3000	3500	3000	1029.000000	
3000	3000	3500	3000	1029.000000	
3000	3000	3500	3000	1029.000000	
3000	3000	3500	3000	1030.000000	
3000	3000	3500	3000	1030.000000	
3000	3000	3500	3000	1030.000000	
3000	3000	3500	3000	1030.000000	
3000	3000	3500	3000	1030.000000	
3000	3000	3500	3000	1030.000000	
3000	3000	3500	3000	1030.000000	
3000	3000	3500	3000	1030.000000	
3000	3000	3500	3000	1030.000000	
3000	3000	3500	3000	1030.000000	
3000	3000	3500	3000	1030.000000	
3430	3000	3500	3000	1030.000000	
3000	3000	3500	3000	1030.000000	
3000	3000	3500	3000	1030.000000	
3000	3000	3500	3000	1030.000000	
3000	3000	3500	3000	1030.000000	
3489	3000	3500	3000	1030.000000	
3000	3000	3500	3000	1030.000000	
3000	3000	3500	3000	1030.000000	
3000	3000	3500	3000	1030.000000	
3000	3000	3500	3000	1030.000000	
3000	3000	3500	3000	1030.000000	
3000	3000	3500	3000	1031.000000	
3000	3000	3500	3000	1031.000000	
3000	3000	3500	3000	1031.000000	
3000	3000	3500	3000	1031.000000	
3000	3000	3500	3000	1031.000000	
3000	3000	3500	3000	1031.000000	
3000	3000	3500	3000	1031.000000	
3000	3000	3500	3000	1031.000000	
3000	3000	3500	3000	1031.000000	
3000	3000	3500	3000	1031.000000	
3000	3000	3500	3000	1031.000000	
3386	3000	3500	3000	1031.000000	
3000	3000	3500	3000	1031.000000	
3000	3000	3500	3000	1031.000000	
3000	3000	3500	3000	1031.000000	
3000	3000	3500	3000	1031.000000	
3000	3000	3500	3000	1031.000000	
3000	3000	3500	3000	1031.000000	
3000	3000	3500	3000	1031.000000	
3000	3000	3500	3000	1031.000000	
3000	3000	3500	3000	1031.000000	
3000	3000	3500	3000	1031.000000	
3000	3000	3500	3000	1031.000000	
3000	3000	3500	3000	1032.000000	
3000	3000	3500	3000	1032.000000	
3000	3000	3500	3000	1032.000000	
3000	3000	3500	3000	1032.000000	
3000	3000	3500	3000	1032.000000	
3000	3000	3500	3000	1032.000000	
3000	3000	3500	3000	1032.000000	
3000	3000	3500	3000	1032.000000	
3000	3000	3500	3000	1032.000000	
3000	3000	3500	3000	1032.000000	
3000	3000	3500	3000	1032.000000	
3000	3000	3500	3000	1032.000000	
3000	3000	3500	3000	1032.000000	
3000	3000	3500	3000	1032.000000	
3000	3000	3500	3000	1032.000000	
3000	3000	3500	3000	1032.000000	
3000	3000	3500	3000	1032.000000	
3000	3000	3500	3000	1032.000000	
3000	3000	3500	3000	1032.000000	
3000	3000	3500	3000	1032.000000	
3000	3000	3500	3000	1032.000000	
3000	3000	3500	3000	1032.000000	
3000	3000	3500	3000	1032.000000	
3000	3000	3500	3000	1033.000000	
3000	3000	3500	3000	1033.000000	
3000	3000	3500	3000	1033.000000	
3000	3000	3500	3000	1033.000000	
3000	3000	3500	3000	1033.000000	
3000	3000	3500	3000	1033.000000	
3000	3000	3500	3000	1033.000000	
3000	3000	3500	3000	1033.000000	
3000	3000	3500	3000	1033.000000	
3000	3000	3500	3000	1033.000000	
3000	3000	3500	3000	1033.000000	
3000	3000	3500	3000	1033.000000	
3000	3000	3500	3000	1033.000000	
3000	3000	3500	3000	1033.000000	
3000	3000	3500	3000	1033.000000	
3000	3000	3500	3000	1033.000000	
3000	3000	3500	3000	1033.000000	
3280	3000	3500	3000	1033.000000	
3000	3000	3500	3000	1033.000000	
3000	3000	3500	3000	1033.000000	
3000	3000	3500	3000	1033.000000	
3000	3000	3500	3000	1033.000000	
3000	3000	3500	3000	1033.000000	
3000	3000	3500	3000	1034.000000	
3000	3000	3500	3000	1034.000000	
3000	3000	3500	3000	1034.000000	
3000	3000	3500	3000	1034.000000	
3000	3000	3500	3000	1034.000000	
3000	3000	3500	3000	1034.000000	
3000	3000	3500	3000	1034.000000	
3200	3000	3500	3000	1034.000000	
3000	3000	3500	3000	1034.000000	
3000	3000	3500	3000	1034.000000	
3000	3000	3500	3000	1034.000000	
3000	3000	3500	3000	1034.000000	
3000	3000	3500	3000	1034.000000	
3000	3000	3500	3000	1034.000000	
3000	3000	3500	3000	1034.000000	
3000	3000	3500	3000	1034.000000	
3000	3000	3500	3000	1034.000000	
3000	3000	3500	3000	1034.000000	
3000	3000	3500	3000	1034.000000	
3000	3000	3500	3000	1034.000000	
3000	3000	3500	3000	1034.000000	
3000	3000	3500	3000	1034.000000	
3000	3000	3500	3000	1034.000000	
3000	3000	3500	3000	1035.000000	
3000	3000	3500	3000	1035.000000	
3000	3000	3500	3000	1035.000000	
3000	3000	3500	3000	1035.000000	
3000	3000	3500	3000	1035.000000	
3000	3000	3500	3000	1035.000000	
3000	3000	3500	3000	1035.000000	
3000	3000	3500	3000	1035.000000	
3000	3000	3500	3000	1035.000000	
3000	3000	3500	3000	1035.000000	
3000	3000	3500	3000	1035.000000	
3000	3000	3500	3000	1035.000000	
3000	3000	3500	3000	1035.000000	
3000	3000	3500	3000	1035.000000	
3000	3000	3500	3000	1035.000000	
3218	3000	3500	3000	1035.000000	
3000	3000	3500	3000	1035.000000	
3000	3000	3500	3000	1035.000000	
3000	3000	3500	3000	1035.000000	
3000	3000	3500	3000	1035.000000	
3000	3000	3500	3000	1035.000000	
3000	3000	3500	3000	1035.000000	
3000	3000	3500	3000	1035.000000	
3000	3000	3500	3000	1036.000000	
3000	3000	3500	3000	1036.000000	
3000	3000	3500	3000	1036.000000	
3388	3000	3500	3000	1036.000000	
3000	3000	3500	3000	1036.000000	
3000	3000	3500	3000	1036.000000	
3000	3000	3500	3000	1036.000000	
3148	3000	3500	3000	1036.000000	
3000	3000	3500	3000	1036.000000	
3000	3000	3500	3000	1036.000000	
3000	3000	3500	3000	1036.000000	
3000	3000	3500	3000	1036.000000	
3000	3000	3500	3000	1036.000000	
3000	3000	3500	3000	1036.000000	
3000	3000	3500	3000	1036.000000	
3463	3000	3500	3000	1036.000000	
3000	3000	3500	3000	1036.000000	
3000	3000	3500	3000	1036.000000	
3000	3000	3500	3000	1036.000000	
3000	3000	3500	3000	1036.000000	
3000	3000	3500	3000	1036.000000	
3000	3000	3500	3000	1036.000000	
3000	3000	3500	3000	1036.000000	
3000	3000	3500	3000	1037.000000	
3000	3000	3500	3000	1037.000000	
3000	3000	3500	3000	1037.000000	
3000	3000	3500	3000	1037.000000	
3000	3000	3500	3000	1037.000000	
3000	3000	3500	3000	1037.000000	
3000	3000	3500	3000	1037.000000	
3000	3000	3500	3000	1037.000000	
3000	3000	3500	3000	1037.000000	
3000	3000	3500	3000	1037.000000	
3000	3000	3500	3000	1037.000000	
3000	3000	3500	3000	1037.000000	
3000	3000	3500	3000	1037.000000	
3000	3000	3500	3000	1037.000000	
3000	3000	3500	3000	1037.000000	
3000	3000	3500	3000	1037.000000	
3000	3000	3500	3000	1037.000000	
3000	3000	3500	3000	1037.000000	
3000	3000	3500	3000	1037.000000	
3000	3000	3500	3000	1037.000000	
3000	3000	3500	3000	1037.000000	
3101	3000	3500	3000	1037.000000	
3025	3000	3500	3000	1038.000000	
3000	3000	3500	3000	1038.000000	
3000	3000	3500	3000	1038.000000	
3000	3000	3500	3000	1038.000000	
3000	3000	3500	3000	1038.000000	
3000	3000	3500	3000	1038.000000	
3000	3000	3500	3000	1038.000000	
3148	3000	3500	3000	1038.000000	
3000	3000	3500	3000	1038.000000	
3000	3000	3500	3000	1038.000000	
3000	3000	3500	3000	1038.000000	
3037	3000	3500	3000	1038.000000	
3000	3000	3500	3000	1038.000000	
3000	3000	3500	3000	1038.000000	
3000	3000	3500	3000	1038.000000	
3000	3000	3500	3000	1038.000000	
3000	3000	3500	3000	1038.000000	
3000	3000	3500	3000	1038.000000	
3000	3000	3500	3000	1038.000000	
3000	3000	3500	3000	1038.000000	
3000	3000	3500	3000	1038.000000	
3000	3000	3500	3000	1038.000000	
3000	3000	3500	3000	1038.000000	
3000	3000	3500	3000	1039.000000	
3000	3000	3500	3000	1039.000000	
3000	3000	3500	3000	1039.000000	
3000	3000	3500	3000	1039.000000	
3000	3000	3500	3000	1039.000000	
3000	3000	3500	3000	1039.000000	
3000	3000	3500	3000	1039.000000	
3000	3000	3500	3000	1039.000000	
3000	3000	3500	3000	1039.000000	
3000	3000	3500	3000	1039.000000	
3000	3000	3500	3000	1039.000000	
3000	3000	3500	3000	1039.000000	
3000	3000	3500	3000	1039.000000	
3000	3000	3500	3000	1039.000000	
3000	3000	3500	3000	1039.000000	
3000	3000	3500	3000	1039.000000	
3000	3000	3500	3000	1039.000000	
3000	3000	3500	3000	1039.000000	
3000	3000	3500	3000	1039.000000	
3000	3000	3500	3000	1039.000000	
3000	3000	3500	3000	1039.000000	
3202	3000	3500	3000	1039.000000	
3000	3000	3500	3000	1039.000000	
3000	3000	3500	3000	1040.000000	
3000	3000	3500	3000	1040.000000	
3000	3000	3500	3000	1040.000000	
3000	3000	3500	3000	1040.000000	
3000	3000	3500	3000	1040.000000	
3000	3000	3500	3000	1040.000000	
3000	3000	3500	3000	1040.000000	
3000	3000	3500	3000	1040.000000	
3000	3000	3500	3000	1040.000000	
3000	3000	3500	3000	1040.000000	
3000	3000	3500	3000	1040.000000	
3000	3000	3500	3000	1040.000000	
3000	3000	3500	3000	1040.000000	
3000	3000	3500	3000	1040.000000	
3000	3000	3500	3000	1040.000000	
3000	3000	3500	3000	1040.000000	
3000	3000	3500	3000	1040.000000	
3000	3000	3500	3000	1040.000000	
3000	3000	3500	3000	1040.000000	
3000	3000	3500	3000	1040.000000	
3000	3000	3500	3000	1040.000000	
3000	3000	3500	3000	1040.000000	
3000	3000	3500	3000	1040.000000	
3000	3000	3500	3000	1041.000000	
3000	3000	3500	3000	1041.000000	
3000	3000	3500	3000	1041.000000	
3000	3000	3500	3000	1041.000000	
3000	3000	3500	3000	1041.000000	
3000	3000	3500	3000	1041.000000	
3000	3000	3500	3000	1041.000000	
3000	3000	3500	3000	1041.000000	
3000	3000	3500	3000	1041.000000	
3000	3000	3500	3000	1041.000000	
3000	3000	3500	3000	1041.000000	
3000	3000	3500	3000	1041.000000	
3000	3000	3500	3000	1041.000000	
3000	3000	3500	3000	1041.000000	
3000	3000	3500	3000	1041.000000	
3000	3000	3500	3000	1041.000000	
3000	3000	3500	3000	1041.000000	
3000	3000	3500	3000	1041.000000	
3415	3000	3500	3000	1041.000000	
3000	3000	3500	3000	1041.000000	
3000	3000	3500	3000	1041.000000	
3000	3000	3500	3000	1041.000000	
3000	3000	3500	3000	1041.000000	
3000	3000	3500	3000	1042.000000	
3000	3000	3500	3000	1042.000000	
3000	3000	3500	3000	1042.000000	
3000	3000	3500	3000	1042.000000	
3000	3000	3500	3000	1042.000000	
3000	3000	3500	3000	1042.000000	
3000	3000	3500	3000	1042.000000	
3000	3000	3500	3000	1042.000000	
3000	3000	3500	3000	1042.000000	
3000	3000	3500	3000	1042.000000	
3000	3000	3500	3000	1042.000000	
3000	3000	3500	3000	1042.000000	
3000	3000	3500	3000	1042.000000	
3000	3000	3500	3000	1042.000000	
3000	3000	3500	3000	1042.000000	
3000	3000	3500	3000	1042.000000	
3000	3000	3500	3000	1042.000000	
3000	3000	3500	3000	1042.000000	
3000	3000	3500	3000	1042.000000	
3000	3000	3500	3000	1042.000000	
3000	3000	3500	3000	1042.000000	
3000	3000	3500	3000	1042.000000	
3000	3000	3500	3000	1042.000000	
3000	3000	3500	3000	1043.000000	
3000	3000	3500	3000	1043.000000	
3000	3000	3500	3000	1043.000000	
3000	3000	3500	3000	1043.000000	
3000	3000	3500	3000	1043.000000	
3000	3000	3500	3000	1043.000000	
3439	3000	3500	3000	1043.000000	
3000	3000	3500	3000	1043.000000	
3000	3000	3500	3000	1043.000000	
3000	3000	3500	3000	1043.000000	
3000	3000	3500	3000	1043.000000	
3000	3000	3500	3000	1043.000000	
3000	3000	3500	3000	1043.000000	
3000	3000	3500	3000	1043.000000	
3000	3000	3500	3000	1043.000000	
3000	3000	3500	3000	1043.000000	
3000	3000	3500	3000	1043.000000	
3000	3000	3500	3000	1043.000000	
3000	3000	3500	3000	1043.000000	
3000	3000	3500	3000	1043.000000	
3000	3000	3500	3000	1043.000000	
3000	3000	3500	3000	1043.000000	
3000	3000	3500	3000	1043.000000	
3000	3000	3500	3000	1044.000000	
3000	3000	3500	3000	1044.000000	
3000	3000	3500	3000	1044.000000	
3222	3000	3500	3000	1044.000000	
3000	3000	3500	3000	1044.000000	
3000	3000	3500	3000	1044.000000	
3000	3000	3500	3000	1044.000000	
3000	3000	3500	3000	1044.000000	
3000	3000	3500	3000	1044.000000	
3000	3000	3500	3000	1044.000000	
3000	3000	3500	3000	1044.000000	
3000	3000	3500	3000	1044.000000	
3000	3000	3500	3000	1044.000000	
3000	3000	3500	3000	1044.000000	
3000	3000	3500	3000	1044.000000	
3000	3000	3500	3000	1044.000000	
3000	3000	3500	3000	1044.000000	
3000	3000	3500	3000	1044.000000	
3000	3000	3500	3000	1044.000000	
3000	3000	3500	3000	1044.000000	
3000	3000	3500	3000	1044.000000	
3000	3000	3500	3000	1044.000000	
3000	3000	3500	3000	1045.000000	
3000	3000	3500	3000	1045.000000	
3000	3000	3500	3000	1045.000000	
3000	3000	3500	3000	1045.000000	
3000	3000	3500	3000	1045.000000	
3000	3000	3500	3000	1045.000000	
3000	3000	3500	3000	1045.000000	
3000	3000	3500	3000	1045.000000	
3000	3000	3500	3000	1045.000000	
3000	3000	3500	3000	1045.000000	
3000	3000	3500	3000	1045.000000	
3000	3000	3500	3000	1045.000000	
3000	3000	3500	3000	1045.000000	
3000	3000	3500	3000	1045.000000	
3000	3000	3500	3000	1045.000000	
3000	3000	3500	3000	1045.000000	
3000	3000	3500	3000	1045.000000	
3000	3000	3500	3000	1045.000000	
3000	3000	3500	3000	1045.000000	
3000	3000	3500	3000	1045.000000	
3000	3000	3500	3000	1045.000000	
3000	3000	3500	3000	1045.000000	
3000	3000	3500	3000	1045.000000	
3000	3000	3500	3000	1046.000000	
3000	3000	3500	3000	1046.000000	
3000	3000	3500	3000	1046.000000	
3000	3000	3500	3000	1046.000000	
3000	3000	3500	3000	1046.000000	
3000	3000	3500	3000	1046.000000	
3000	3000	3500	3000	1046.000000	
3000	3000	3500	3000	1046.000000	
3125	3000	3500	3000	1046.000000	
3000	3000	3500	3000	1046.000000	
3000	3000	3500	3000	1046.000000	
3000	3000	3500	3000	1046.000000	
3000	3000	3500	3000	1046.000000	
3000	3000	3500	3000	1046.000000	
3000	3000	3500	3000	1046.000000	
3000	3000	3500	3000	1046.000000	
3000	3000	3500	3000	1046.000000	
3034	3000	3500	3000	1046.000000	
3000	3000	3500	3000	1046.000000	
3000	3000	3500	3000	1046.000000	
3000	3000	3500	3000	1046.000000	
3000	3000	3500	3000	1046.000000	
3000	3000	3500	3000	1046.000000	
3000	3000	3500	3000	1047.000000	
3000	3000	3500	3000	1047.000000	
3000	3000	3500	3000	1047.000000	
3000	3000	3500	3000	1047.000000	
3000	3000	3500	3000	1047.000000	
3000	3000	3500	3000	1047.000000	
3000	3000	3500	3000	1047.000000	
3000	3000	3500	3000	1047.000000	
3000	3000	3500	3000	1047.000000	
3000	3000	3500	3000	1047.000000	
3000	3000	3500	3000	1047.000000	
3000	3000	3500	3000	1047.000000	
3000	3000	3500	3000	1047.000000	
3481	3000	3500	3000	1047.000000	
3000	3000	3500	3000	1047.000000	
3000	3000	3500	3000	1047.000000	
3000	3000	3500	3000	1047.000000	
3000	3000	3500	3000	1047.000000	
3000	3000	3500	3000	1047.000000	
3000	3000	3500	3000	1047.000000	
3000	3000	3500	3000	1047.000000	
3000	3000	3500	3000	1047.000000	
3000	3000	3500	3000	1047.000000	
3000	3000	3500	3000	1048.000000	
3000	3000	3500	3000	1048.000000	
3000	3000	3500	3000	1048.000000	
3000	3000	3500	3000	1048.000000	
3000	3000	3500	3000	1048.000000	
3000	3000	3500	3000	1048.000000	
3000	3000	3500	3000	1048.000000	
3000	3000	3500	3000	1048.000000	
3000	3000	3500	3000	1048.000000	
3000	3000	3500	3000	1048.000000	
3000	3000	3500	3000	1048.000000	
3450	3000	3500	3000	1048.000000	
3000	3000	3500	3000	1048.000000	
3000	3000	3500	3000	1048.000000	
3000	3000	3500	3000	1048.000000	
3000	3000	3500	3000	1048.000000	
3000	3000	3500	3000	1048.000000	
3000	3000	3500	3000	1048.000000	
3000	3000	3500	3000	1048.000000	
3000	3000	3500	3000	1048.000000	
3000	3000	3500	3000	1048.000000	
3000	3000	3500	3000	1048.000000	
3000	3000	3500	3000	1048.000000	
3000	3000	3500	3000	1049.000000	
3000	3000	3500	3000	1049.000000	
3000	3000	3500	3000	1049.000000	
3000	3000	3500	3000	1049.000000	
3000	3000	3500	3000	1049.000000	
3000	3000	3500	3000	1049.000000	
3000	3000	3500	3000	1049.000000	
3000	3000	3500	3000	1049.000000	
3000	3000	3500	3000	1049.000000	
3000	3000	3500	3000	1049.000000	
3000	3000	3500	3000	1049.000000	
3113	3000	3500	3000	1049.000000	
3000	3000	3500	3000	1049.000000	
3000	3000	3500	3000	1049.000000	
3000	3000	3500	3000	1049.000000	
3000	3000	3500	3000	1049.000000	
3000	3000	3500	3000	1049.000000	
3000	3000	3500	3000	1049.000000	
3000	3000	3500	3000	1049.000000	
3000	3000	3500	3000	1049.000000	
3000	3000	3500	3000	1049.000000	
3000	3000	3500	3000	1049.000000	
3000	3000	3500	3000	1049.000000	
3000	3000	3500	3000	1050.000000	
3000	3000	3500	3000	1050.000000	
3000	3000	3500	3000	1050.000000	
3000	3000	3500	3000	1050.000000	
3000	3000	3500	3000	1050.000000	
3000	3000	3500	3000	1050.000000	
3000	3000	3500	3000	1050.000000	
3000	3000	3500	3000	1050.000000	
3000	3000	3500	3000	1050.000000	
3000	3000	3500	3000	1050.000000	
3000	3000	3500	3000	1050.000000	
3000	3000	3500	3000	1050.000000	
3000	3000	3500	3000	1050.000000	
3000	3000	3500	3000	1050.000000	
3000	3000	3500	3000	1050.000000	
3000	3000	3500	3000	1050.000000	
3000	3000	3500	3000	1050.000000	
3000	3000	3500	3000	1050.000000	
3000	3000	3500	3000	1050.000000	
3000	3000	3500	3000	1050.000000	
3000	3000	3500	3000	1050.000000	
3000	3000	3500	3000	1050.000000	
3000	3000	3500	3000	1050.000000	
3000	3000	3500	3000	1051.000000	
3000	3000	3500	3000	1051.000000	
3000	3000	3500	3000	1051.000000	
3000	3000	3500	3000	1051.000000	
3000	3000	3500	3000	1051.000000	
3000	3000	3500	3000	1051.000000	
3000	3000	3500	3000	1051.000000	
3000	3000	3500	3000	1051.000000	
3000	3000	3500	3000	1051.000000	
3000	3000	3500	3000	1051.000000	
3000	3000	3500	3000	1051.000000	
3000	3000	3500	3000	1051.000000	
3000	3000	3500	3000	1051.000000	
3000	3000	3500	3000	1051.000000	
3000	3000	3500	3000	1051.000000	
3000	3000	3500	3000	1051.000000	
3000	3000	3500	3000	1051.000000	
3000	3000	3500	3000	1051.000000	
3000	3000	3500	3000	1051.000000	
3000	3000	3500	3000	1051.000000	
3000	3000	3500	3000	1051.000000	
3254	3000	3500	3000	1051.000000	
3000	3000	3500	3000	1052.000000	
3000	3000	3500	3000	1052.000000	
3000	3000	3500	3000	1052.000000	
3000	3000	3500	3000	1052.000000	
3000	3000	3500	3000	1052.000000	
3000	3000	3500	3000	1052.000000	
3000	3000	3500	3000	1052.000000	
3000	3000	3500	3000	1052.000000	
3000	3000	3500	3000	1052.000000	
3000	3000	3500	3000	1052.000000	
3000	3000	3500	3000	1052.000000	
3000	3000	3500	3000	1052.000000	
3000	3000	3500	3000	1052.000000	
3000	3000	3500	3000	1052.000000	
3000	3000	3500	3000	1052.000000	
3000	3000	3500	3000	1052.000000	
3000	3000	3500	3000	1052.000000	
3000	3000	3500	3000	1052.000000	
3000	3000	3500	3000	1052.000000	
3000	3000	3500	3000	1052.000000	
3000	3000	3500	3000	1052.000000	
3000	3000	3500	3000	1052.000000	
3000	3000	3500	3000	1052.000000	
3000	3000	3500	3000	1053.000000	
3000	3000	3500	3000	1053.000000	
3000	3000	3500	3000	1053.000000	
3000	3000	3500	3000	1053.000000	
3000	3000	3500	3000	1053.000000	
3345	3000	3500	3000	1053.000000	
3000	3000	3500	3000	1053.000000	
3000	3000	3500	3000	1053.000000	
3000	3000	3500	3000	1053.000000	
3000	3000	3500	3000	1053.000000	
3000	3000	3500	3000	1053.000000	
3000	3000	3500	3000	1053.000000	
3000	3000	3500	3000	1053.000000	
3000	3000	3500	3000	1053.000000	
3000	3000	3500	3000	1053.000000	
3000	3000	3500	3000	1053.000000	
3000	3000	3500	3000	1053.000000	
3000	3000	3500	3000	1053.000000	
3000	3000	3500	3000	1053.000000	
3000	3000	3500	3000	1053.000000	
3000	3000	3500	3000	1053.000000	
3000	3000	3500	3000	1053.000000	
3000	3000	3500	3000	1053.000000	
3000	3000	3500	3000	1054.000000	
3000	3000	3500	3000	1054.000000	
3000	3000	3500	3000	1054.000000	
3000	3000	3500	3000	1054.000000	
3000	3000	3500	3000	1054.000000	
3000	3000	3500	3000	1054.000000	
3000	3000	3500	3000	1054.000000	
3000	3000	3500	3000	1054.000000	
3000	3000	3500	3000	1054.000000	
3000	3000	3500	3000	1054.000000	
3000	3000	3500	3000	1054.000000	
3000	3000	3500	3000	1054.000000	
3000	3000	3500	3000	1054.000000	
3000	3000	3500	3000	1054.000000	
3000	3000	3500	3000	1054.000000	
3000	3000	3500	3000	1054.000000	
3000	3000	3500	3000	1054.000000	
3000	3000	3500	3000	1054.000000	
3000	3000	3500	3000	1054.000000	
3000	3000	3500	3000	1054.000000	
3000	3000	3500	3000	1054.000000	
3000	3000	3500	3000	1054.000000	
3000	3000	3500	3000	1054.000000	
3000	3000	3500	3000	1055.000000	
3000	3000	3500	3000	1055.000000	
3000	3000	3500	3000	1055.000000	
3000	3000	3500	3000	1055.000000	
3000	3000	3500	3000	1055.000000	
3374	3000	3500	3000	1055.000000	
3000	3000	3500	3000	1055.000000	
3000	3000	3500	3000	1055.000000	
3000	3000	3500	3000	1055.000000	
3000	3000	3500	3000	1055.000000	
3000	3000	3500	3000	1055.000000	
3000	3000	3500	3000	1055.000000	
3000	3000	3500	3000	1055.000000	
3000	3000	3500	3000	1055.000000	
3000	3000	3500	3000	1055.000000	
3000	3000	3500	3000	1055.000000	
3000	3000	3500	3000	1055.000000	
3000	3000	3500	3000	1055.000000	
3000	3000	3500	3000	1055.000000	
3000	3000	3500	3000	1055.000000	
3000	3000	3500	3000	1055.000000	
3000	3000	3500	3000	1055.000000	
3000	3000	3500	3000	1055.000000	
3000	3000	3500	3000	1056.000000	
3000	3000	3500	3000	1056.000000	
3000	3000	3500	3000	1056.000000	
3000	3000	3500	3000	1056.000000	
3000	3000	3500	3000	1056.000000	
3000	3000	3500	3000	1056.000000	
3000	3000	3500	3000	1056.000000	
3000	3000	3500	3000	1056.000000	
3000	3000	3500	3000	1056.000000	
3000	3000	3500	3000	1056.000000	
3000	3000	3500	3000	1056.000000	
3000	3000	3500	3000	1056.000000	
3000	3000	3500	3000	1056.000000	
3000	3000	3500	3000	1056.000000	
3000	3000	3500	3000	1056.000000	
3000	3000	3500	3000	1056.000000	
3000	3000	3500	3000	1056.000000	
3000	3000	3500	3000	1056.000000	
3000	3000	3500	3000	1056.000000	
3000	3000	3500	3000	1056.000000	
3000	3000	3500	3000	1056.000000	
3000	3000	3500	3000	1056.000000	
3000	3000	3500	3000	1056.000000	
3000	3000	3500	3000	1057.000000	
3000	3000	3500	3000	1057.000000	
3000	3000	3500	3000	1057.000000	
3000	3000	3500	3000	1057.000000	
3000	3000	3500	3000	1057.000000	
3000	3000	3500	3000	1057.000000	
3000	3000	3500	3000	1057.000000	
3000	3000	3500	3000	1057.000000	
3000	3000	3500	3000	1057.000000	
3000	3000	3500	3000	1057.000000	
3000	3000	3500	3000	1057.000000	
3000	3000	3500	3000	1057.000000	
3000	3000	3500	3000	1057.000000	
3052	3000	3500	3000	1057.000000	
3000	3000	3500	3000	1057.000000	
3175	3000	3500	3000	1057.000000	
3345	3052	3500	3052	1055.000000	
3010	3052	3500	3052	1055.000000	
3000	3010	3500	3010	1057.000000	
3000	3010	3500	3010	1057.000000	
3000	3000	3500	3000	1057.000000	
3000	3000	3500	3000	1057.000000	
3000	3000	3500	3000	1057.000000	
3000	3000	3500	3000	1058.000000	
3000	3000	3500	3000	1058.000000	
3000	3000	3500	3000	1058.000000	
3000	3000	3500	3000	1058.000000	
3000	3000	3500	3000	1058.000000	
3000	3000	3500	3000	1058.000000	
3000	3000	3500	3000	1058.000000	
3000	3000	3500	3000	1058.000000	
3000	3000	3500	3000	1058.000000	
3000	3000	3500	3000	1058.000000	
3208	3000	3500	3000	1058.000000	
3000	3000	3500	3000	1058.000000	
3000	3000	3500	3000	1058.000000	
3118	3000	3500	3000	1058.000000	
3000	3000	3500	3000	1058.000000	
3000	3000	3500	3000	1058.000000	
3000	3000	3500	3000	1058.000000	
3000	3000	3500	3000	1058.000000	
3000	3000	3500	3000	1058.000000	
3000	3000	3500	3000	1058.000000	
3153	3000	3500	3000	1058.000000	
3000	3000	3500	3000	1058.000000	
3000	3000	3500	3000	1058.000000	
3000	3000	3500	3000	1059.000000	
3000	3000	3500	3000	1059.000000	
3000	3000	3500	3000	1059.000000	
3000	3000	3500	3000	1059.000000	
3000	3000	3500	3000	1059.000000	
3000	3000	3500	3000	1059.000000	
3000	3000	3500	3000	1059.000000	
3263	3000	3500	3000	1059.000000	
3000	3000	3500	3000	1059.000000	
3000	3000	3500	3000	1059.000000	
3000	3000	3500	3000	1059.000000	
3000	3000	3500	3000	1059.000000	
3000	3000	3500	3000	1059.000000	
3000	3000	3500	3000	1059.000000	
3000	3000	3500	3000	1059.000000	
3000	3000	3500	3000	1059.000000	
3000	3000	3500	3000	1059.000000	
3000	3000	3500	3000	1059.000000	
3000	3000	3500	3000	1059.000000	
3000	3000	3500	3000	1059.000000	
3000	3000	3500	3000	1059.000000	
3000	3000	3500	3000	1059.000000	
3000	3000	3500	3000	1059.000000	
3000	3000	3500	3000	1060.000000	
3000	3000	3500	3000	1060.000000	
3000	3000	3500	3000	1060.000000	
3000	3000	3500	3000	1060.000000	
3000	3000	3500	3000	1060.000000	
3000	3000	3500	3000	1060.000000	
3000	3000	3500	3000	1060.000000	
3000	3000	3500	3000	1060.000000	
3000	3000	3500	3000	1060.000000	
3000	3000	3500	3000	1060.000000	
3000	3000	3500	3000	1060.000000	
3000	3000	3500	3000	1060.000000	
3000	3000	3500	3000	1060.000000	
3138	3000	3500	3000	1060.000000	
3000	3000	3500	3000	1060.000000	
3000	3000	3500	3000	1060.000000	
3000	3000	3500	3000	1060.000000	
3000	3000	3500	3000	1060.000000	
3000	3000	3500	3000	1060.000000	
3000	3000	3500	3000	1060.000000	
3000	3000	3500	3000	1060.000000	
3000	3000	3500	3000	1060.000000	
3000	3000	3500	3000	1060.000000	
3000	3000	3500	3000	1061.000000	
3000	3000	3500	3000	1061.000000	
3000	3000	3500	3000	1061.000000	
3000	3000	3500	3000	1061.000000	
3000	3000	3500	3000	1061.000000	
3317	3000	3500	3000	1061.000000	
3000	3000	3500	3000	1061.000000	
3000	3000	3500	3000	1061.000000	
3000	3000	3500	3000	1061.000000	
3000	3000	3500	3000	1061.000000	
3000	3000	3500	3000	1061.000000	
3000	3000	3500	3000	1061.000000	
3000	3000	3500	3000	1061.000000	
3000	3000	3500	3000	1061.000000	
3000	3000	3500	3000	1061.000000	
3000	3000	3500	3000	1061.000000	
3000	3000	3500	3000	1061.000000	
3000	3000	3500	3000	1061.000000	
3000	3000	3500	3000	1061.000000	
3000	3000	3500	3000	1061.000000	
3000	3000	3500	3000	1061.000000	
3000	3000	3500	3000	1061.000000	
3000	3000	3500	3000	1062.000000	
3000	3000	3500	3000	1062.000000	
3008	3000	3500	3000	1062.000000	
3000	3000	3500	3000	1062.000000	
3000	3000	3500	3000	1062.000000	
3000	3000	3500	3000	1062.000000	
3000	3000	3500	3000	1062.000000	
3306	3000	3500	3000	1062.000000	
3000	3000	3500	3000	1062.000000	
3000	3000	3500	3000	1062.000000	
3000	3000	3500	3000	1062.000000	
3000	3000	3500	3000	1062.000000	
3000	3000	3500	3000	1062.000000	
3171	3000	3500	3000	1062.000000	
3126	3000	3500	3000	1062.000000	
3000	3000	3500	3000	1062.000000	
3000	3000	3500	3000	1062.000000	
3000	3000	3500	3000	1062.000000	
3000	3000	3500	3000	1062.000000	
3000	3000	3500	3000	1062.000000	
3000	3000	3500	3000	1062.000000	
3000	3000	3500	3000	1062.000000	
3000	3000	3500	3000	1062.000000	
3000	3000	3500	3000	1063.000000	
3000	3000	3500	3000	1063.000000	
3000	3000	3500	3000	1063.000000	
3000	3000	3500	3000	1063.000000	
3000	3000	3500	3000	1063.000000	
3000	3000	3500	3000	1063.000000	
3000	3000	3500	3000	1063.000000	
3178	3000	3500	3000	1063.000000	
3000	3000	3500	3000	1063.000000	
3000	3000	3500	3000	1063.000000	
3000	3000	3500	3000	1063.000000	
3000	3000	3500	3000	1063.000000	
3000	3000	3500	3000	1063.000000	
3000	3000	3500	3000	1063.000000	
3000	3000	3500	3000	1063.000000	
3000	3000	3500	3000	1063.000000	
3000	3000	3500	3000	1063.000000	
3000	3000	3500	3000	1063.000000	
3000	3000	3500	3000	1063.000000	
3000	3000	3500	3000	1063.000000	
3000	3000	3500	3000	1063.000000	
3360	3000	3500	3000	1063.000000	
3000	3000	3500	3000	1063.000000	
3000	3000	3500	3000	1064.000000	
3000	3000	3500	3000	1064.000000	
3000	3000	3500	3000	1064.000000	
3000	3000	3500	3000	1064.000000	
3000	3000	3500	3000	1064.000000	
3000	3000	3500	3000	1064.000000	
3000	3000	3500	3000	1064.000000	
3348	3000	3500	3000	1064.000000	
3000	3000	3500	3000	1064.000000	
3000	3000	3500	3000	1064.000000	
3000	3000	3500	3000	1064.000000	
3000	3000	3500	3000	1064.000000	
3000	3000	3500	3000	1064.000000	
3000	3000	3500	3000	1064.000000	
3000	3000	3500	3000	1064.000000	
3000	3000	3500	3000	1064.000000	
3000	3000	3500	3000	1064.000000	
3000	3000	3500	3000	1064.000000	
3000	3000	3500	3000	1064.000000	
3000	3000	3500	3000	1064.000000	
3000	3000	3500	3000	1064.000000	
3000	3000	3500	3000	1064.000000	
3000	3000	3500	3000	1064.000000	
3271	3000	3500	3000	1065.000000	
3000	3000	3500	3000	1065.000000	
3000	3000	3500	3000	1065.000000	
3000	3000	3500	3000	1065.000000	
3000	3000	3500	3000	1065.000000	
3000	3000	3500	3000	1065.000000	
3102	3000	3500	3000	1065.000000	
3000	3000	3500	3000	1065.000000	
3000	3000	3500	3000	1065.000000	
3000	3000	3500	3000	1065.000000	
3000	3000	3500	3000	1065.000000	
3000	3000	3500	3000	1065.000000	
3000	3000	3500	3000	1065.000000	
3000	3000	3500	3000	1065.000000	
3000	3000	3500	3000	1065.000000	
3000	3000	3500	3000	1065.000000	
3000	3000	3500	3000	1065.000000	
3000	3000	3500	3000	1065.000000	
3000	3000	3500	3000	1065.000000	
3000	3000	3500	3000	1065.000000	
3000	3000	3500	3000	1065.000000	
3000	3000	3500	3000	1065.000000	
3000	3000	3500	3000	1065.000000	
3000	3000	3500	3000	1066.000000	
3278	3000	3500	3000	1066.000000	
3000	3000	3500	3000	1066.000000	
3000	3000	3500	3000	1066.000000	
3000	3000	3500	3000	1066.000000	
3000	3000	3500	3000	1066.000000	
3000	3000	3500	3000	1066.000000	
3000	3000	3500	3000	1066.000000	
3014	3000	3500	3000	1066.000000	
3000	3000	3500	3000	1066.000000	
3000	3000	3500	3000	1066.000000	
3000	3000	3500	3000	1066.000000	
3000	3000	3500	3000	1066.000000	
3000	3000	3500	3000	1066.000000	
3000	3000	3500	3000	1066.000000	
3000	3000	3500	3000	1066.000000	
3000	3000	3500	3000	1066.000000	
3000	3000	3500	3000	1066.000000	
3000	3000	3500	3000	1066.000000	
3000	3000	3500	3000	1066.000000	
3000	3000	3500	3000	1066.000000	
3093	3000	3500	3000	1066.000000	
3427	3000	3500	3000	1066.000000	
3000	3000	3500	3000	1067.000000	
3128	3093	3500	3093	1062.000000	
3000	3093	3500	3093	1062.000000	
3000	3000	3500	3000	1067.000000	
3000	3000	3500	3000	1067.000000	
3000	3000	3500	3000	1067.000000	
3000	3000	3500	3000	1067.000000	
3000	3000	3500	3000	1067.000000	
3000	3000	3500	3000	1067.000000	
3000	3000	3500	3000	1067.000000	
3000	3000	3500	3000	1067.000000	
3000	3000	3500	3000	1067.000000	
3000	3000	3500	3000	1067.000000	
3000	3000	3500	3000	1067.000000	
3000	3000	3500	3000	1067.000000	
3000	3000	3500	3000	1067.000000	
3000	3000	3500	3000	1067.000000	
3000	3000	3500	3000	1067.000000	
3000	3000	3500	3000	1067.000000	
3000	3000	3500	3000	1067.000000	
3000	3000	3500	3000	1067.000000	
3000	3000	3500	3000	1067.000000	
3000	3000	3500	3000	1067.000000	
3000	3000	3500	3000	1068.000000	
3000	3000	3500	3000	1068.000000	
3000	3000	3500	3000	1068.000000	
3000	3000	3500	3000	1068.000000	
3000	3000	3500	3000	1068.000000	
3000	3000	3500	3000	1068.000000	
3000	3000	3500	3000	1068.000000	
3000	3000	3500	3000	1068.000000	
3000	3000	3500	3000	1068.000000	
3000	3000	3500	3000	1068.000000	
3000	3000	3500	3000	1068.000000	
3461	3000	3500	3000	1068.000000	
3000	3000	3500	3000	1068.000000	
3000	3000	3500	3000	1068.000000	
3000	3000	3500	3000	1068.000000	
3000	3000	3500	3000	1068.000000	
3000	3000	3500	3000	1068.000000	
3000	3000	3500	3000	1068.000000	
3000	3000	3500	3000	1068.000000	
3000	3000	3500	3000	1068.000000	
3000	3000	3500	3000	1068.000000	
3000	3000	3500	3000	1068.000000	
3000	3000	3500	3000	1068.000000	
3000	3000	3500	3000	1069.000000	
3000	3000	3500	3000	1069.000000	
3000	3000	3500	3000	1069.000000	
3000	3000	3500	3000	1069.000000	
3000	3000	3500	3000	1069.000000	
3000	3000	3500	3000	1069.000000	
3000	3000	3500	3000	1069.000000	
3000	3000	3500	3000	1069.000000	
3000	3000	3500	3000	1069.000000	
3000	3000	3500	3000	1069.000000	
3000	3000	3500	3000	1069.000000	
3000	3000	3500	3000	1069.000000	
3000	3000	3500	3000	1069.000000	
3000	3000	3500	3000	1069.000000	
3000	3000	3500	3000	1069.000000	
3000	3000	3500	3000	1069.000000	
3000	3000	3500	3000	1069.000000	
3000	3000	3500	3000	1069.000000	
3000	3000	3500	3000	1069.000000	
3000	3000	3500	3000	1069.000000	
3000	3000	3500	3000	1069.000000	
3000	3000	3500	3000	1069.000000	
3000	3000	3500	3000	1069.000000	
3000	3000	3500	3000	1070.000000	
3000	3000	3500	3000	1070.000000	
3000	3000	3500	3000	1070.000000	
3000	3000	3500	3000	1070.000000	
3000	3000	3500	3000	1070.000000	
3000	3000	3500	3000	1070.000000	
3000	3000	3500	3000	1070.000000	
3202	3000	3500	3000	1070.000000	
3000	3000	3500	3000	1070.000000	
3000	3000	3500	3000	1070.000000	
3000	3000	3500	3000	1070.000000	
3000	3000	3500	3000	1070.000000	
3000	3000	3500	3000	1070.000000	
3000	3000	3500	3000	1070.000000	
3000	3000	3500	3000	1070.000000	
3000	3000	3500	3000	1070.000000	
3000	3000	3500	3000	1070.000000	
3000	3000	3500	3000	1070.000000	
3000	3000	3500	3000	1070.000000	
3000	3000	3500	3000	1070.000000	
3000	3000	3500	3000	1070.000000	
3000	3000	3500	3000	1070.000000	
3000	3000	3500	3000	1070.000000	
3000	3000	3500	3000	1071.000000	
3000	3000	3500	3000	1071.000000	
3000	3000	3500	3000	1071.000000	
3000	3000	3500	3000	1071.000000	
3000	3000	3500	3000	1071.000000	
3000	3000	3500	3000	1071.000000	
3000	3000	3500	3000	1071.000000	
3000	3000	3500	3000	1071.000000	
3000	3000	3500	3000	1071.000000	
3000	3000	3500	3000	1071.000000	
3000	3000	3500	3000	1071.000000	
3000	3000	3500	3000	1071.000000	
3000	3000	3500	3000	1071.000000	
3000	3000	3500	3000	1071.000000	
3000	3000	3500	3000	1071.000000	
3000	3000	3500	3000	1071.000000	
3000	3000	3500	3000	1071.000000	
3000	3000	3500	3000	1071.000000	
3000	3000	3500	3000	1071.000000	
3000	3000	3500	3000	1071.000000	
3000	3000	3500	3000	1071.000000	
3000	3000	3500	3000	1071.000000	
3000	3000	3500	3000	1071.000000	
3000	3000	3500	3000	1072.000000	
3000	3000	3500	3000	1072.000000	
3000	3000	3500	3000	1072.000000	
3000	3000	3500	3000	1072.000000	
3000	3000	3500	3000	1072.000000	
3000	3000	3500	3000	1072.000000	
3000	3000	3500	3000	1072.000000	
3000	3000	3500	3000	1072.000000	
3000	3000	3500	3000	1072.000000	
3000	3000	3500	3000	1072.000000	
3000	3000	3500	3000	1072.000000	
3000	3000	3500	3000	1072.000000	
3000	3000	3500	3000	1072.000000	
3000	3000	3500	3000	1072.000000	
3000	3000	3500	3000	1072.000000	
3000	3000	3500	3000	1072.000000	
3000	3000	3500	3000	1072.000000	
3000	3000	3500	3000	1072.000000	
3000	3000	3500	3000	1072.000000	
3000	3000	3500	3000	1072.000000	
3000	3000	3500	3000	1072.000000	
3000	3000	3500	3000	1072.000000	
3000	3000	3500	3000	1072.000000	
3000	3000	3500	3000	1073.000000	
3000	3000	3500	3000	1073.000000	
3000	3000	3500	3000	1073.000000	
3000	3000	3500	3000	1073.000000	
3000	3000	3500	3000	1073.000000	
3000	3000	3500	3000	1073.000000	
3000	3000	3500	3000	1073.000000	
3000	3000	3500	3000	1073.000000	
3000	3000	3500	3000	1073.000000	
3000	3000	3500	3000	1073.000000	
3000	3000	3500	3000	1073.000000	
3000	3000	3500	3000	1073.000000	
3000	3000	3500	3000	1073.000000	
3000	3000	3500	3000	1073.000000	
3000	3000	3500	3000	1073.000000	
3000	3000	3500	3000	1073.000000	
3000	3000	3500	3000	1073.000000	
3000	3000	3500	3000	1073.000000	
3000	3000	3500	3000	1073.000000	
3000	3000	3500	3000	1073.000000	
3000	3000	3500	3000	1073.000000	
3000	3000	3500	3000	1073.000000	
3000	3000	3500	3000	1074.000000	
3000	3000	3500	3000	1074.000000	
3000	3000	3500	3000	1074.000000	
3000	3000	3500	3000	1074.000000	
3000	3000	3500	3000	1074.000000	
3000	3000	3500	3000	1074.000000	
3000	3000	3500	3000	1074.000000	
3000	3000	3500	3000	1074.000000	
3000	3000	3500	3000	1074.000000	
3000	3000	3500	3000	1074.000000	
3088	3000	3500	3000	1074.000000	
3000	3000	3500	3000	1074.000000	
3000	3000	3500	3000	1074.000000	
3000	3000	3500	3000	1074.000000	
3000	3000	3500	3000	1074.000000	
3000	3000	3500	3000	1074.000000	
3000	3000	3500	3000	1074.000000	
3000	3000	3500	3000	1074.000000	
3000	3000	3500	3000	1074.000000	
3000	3000	3500	3000	1074.000000	
3000	3000	3500	3000	1074.000000	
3000	3000	3500	3000	1074.000000	
3000	3000	3500	3000	1074.000000	
3000	3000	3500	3000	1075.000000	
3000	3000	3500	3000	1075.000000	
3000	3000	3500	3000	1075.000000	
3000	3000	3500	3000	1075.000000	
3000	3000	3500	3000	1075.000000	
3000	3000	3500	3000	1075.000000	
3378	3000	3500	3000	1075.000000	
3000	3000	3500	3000	1075.000000	
3000	3000	3500	3000	1075.000000	
3000	3000	3500	3000	1075.000000	
3000	3000	3500	3000	1075.000000	
3000	3000	3500	3000	1075.000000	
3000	3000	3500	3000	1075.000000	
3000	3000	3500	3000	1075.000000	
3000	3000	3500	3000	1075.000000	
3350	3000	3500	3000	1075.000000	
3000	3000	3500	3000	1075.000000	
3165	3000	3500	3000	1075.000000	
3000	3000	3500	3000	1075.000000	
3000	3000	3500	3000	1075.000000	
3000	3000	3500	3000	1075.000000	
3000	3000	3500	3000	1075.000000	
3000	3000	3500	3000	1075.000000	
3000	3000	3500	3000	1076.000000	
3000	3000	3500	3000	1076.000000	
3000	3000	3500	3000	1076.000000	
3000	3000	3500	3000	1076.000000	
3000	3000	3500	3000	1076.000000	
3000	3000	3500	3000	1076.000000	
3000	3000	3500	3000	1076.000000	
3000	3000	3500	3000	1076.000000	
3000	3000	3500	3000	1076.000000	
3000	3000	3500	3000	1076.000000	
3000	3000	3500	3000	1076.000000	
3000	3000	3500	3000	1076.000000	
3000	3000	3500	3000	1076.000000	
3000	3000	3500	3000	1076.000000	
3000	3000	3500	3000	1076.000000	
3000	3000	3500	3000	1076.000000	
3000	3000	3500	3000	1076.000000	
3000	3000	3500	3000	1076.000000	
3000	3000	3500	3000	1076.000000	
3000	3000	3500	3000	1076.000000	
3000	3000	3500	3000	1076.000000	
3000	3000	3500	3000	1076.000000	
3000	3000	3500	3000	1076.000000	
3000	3000	3500	3000	1077.000000	
3000	3000	3500	3000	1077.000000	
3000	3000	3500	3000	1077.000000	
3000	3000	3500	3000	1077.000000	
3000	3000	3500	3000	1077.000000	
3000	3000	3500	3000	1077.000000	
3000	3000	3500	3000	1077.000000	
3000	3000	3500	3000	1077.000000	
3000	3000	3500	3000	1077.000000	
3000	3000	3500	3000	1077.000000	
3000	3000	3500	3000	1077.000000	
3000	3000	3500	3000	1077.000000	
3000	3000	3500	3000	1077.000000	
3000	3000	3500	3000	1077.000000	
3000	3000	3500	3000	1077.000000	
3000	3000	3500	3000	1077.000000	
3000	3000	3500	3000	1077.000000	
3000	3000	3500	3000	1077.000000	
3000	3000	3500	3000	1077.000000	
3000	3000	3500	3000	1077.000000	
3000	3000	3500	3000	1077.000000	
3000	3000	3500	3000	1077.000000	
3000	3000	3500	3000	1077.000000	
3000	3000	3500	3000	1078.000000	
3000	3000	3500	3000	1078.000000	
3000	3000	3500	3000	1078.000000	
3000	3000	3500	3000	1078.000000	
3000	3000	3500	3000	1078.000000	
3000	3000	3500	3000	1078.000000	
3000	3000	3500	3000	1078.000000	
3000	3000	3500	3000	1078.000000	
3000	3000	3500	3000	1078.000000	
3000	3000	3500	3000	1078.000000	
3000	3000	3500	3000	1078.000000	
3000	3000	3500	3000	1078.000000	
3000	3000	3500	3000	1078.000000	
3000	3000	3500	3000	1078.000000	
3000	3000	3500	3000	1078.000000	
3000	3000	3500	3000	1078.000000	
3000	3000	3500	3000	1078.000000	
3000	3000	3500	3000	1078.000000	
3000	3000	3500	3000	1078.000000	
3000	3000	3500	3000	1078.000000	
3000	3000	3500	3000	1078.000000	
3000	3000	3500	3000	1078.000000	
3000	3000	3500	3000	1078.000000	
3000	3000	3500	3000	1079.000000	
3000	3000	3500	3000	1079.000000	
3000	3000	3500	3000	1079.000000	
3000	3000	3500	3000	1079.000000	
3000	3000	3500	3000	1079.000000	
3000	3000	3500	3000	1079.000000	
3000	3000	3500	3000	1079.000000	
3000	3000	3500	3000	1079.000000	
3000	3000	3500	3000	1079.000000	
3000	3000	3500	3000	1079.000000	
3000	3000	3500	3000	1079.000000	
3000	3000	3500	3000	1079.000000	
3000	3000	3500	3000	1079.000000	
3000	3000	3500	3000	1079.000000	
3000	3000	3500	3000	1079.000000	
3000	3000	3500	3000	1079.000000	
3000	3000	3500	3000	1079.000000	
3000	3000	3500	3000	1079.000000	
3471	3000	3500	3000	1079.000000	
3000	3000	3500	3000	1079.000000	
3000	3000	3500	3000	1079.000000	
3000	3000	3500	3000	1079.000000	
3000	3000	3500	3000	1079.000000	
3000	3000	3500	3000	1080.000000	
3000	3000	3500	3000	1080.000000	
3000	3000	3500	3000	1080.000000	
3000	3000	3500	3000	1080.000000	
3000	3000	3500	3000	1080.000000	
3000	3000	3500	3000	1080.000000	
3000	3000	3500	3000	1080.000000	
3000	3000	3500	3000	1080.000000	
3000	3000	3500	3000	1080.000000	
3000	3000	3500	3000	1080.000000	
3000	3000	3500	3000	1080.000000	
3000	3000	3500	3000	1080.000000	
3000	3000	3500	3000	1080.000000	
3000	3000	3500	3000	1080.000000	
3000	3000	3500	3000	1080.000000	
3000	3000	3500	3000	1080.000000	
3000	3000	3500	3000	1080.000000	
3000	3000	3500	3000	1080.000000	
3356	3000	3500	3000	1080.000000	
3000	3000	3500	3000	1080.000000	
3000	3000	3500	3000	1080.000000	
3000	3000	3500	3000	1080.000000	
3000	3000	3500	3000	1080.000000	
3000	3000	3500	3000	1081.000000	
3000	3000	3500	3000	1081.000000	
3000	3000	3500	3000	1081.000000	
3000	3000	3500	3000	1081.000000	
3000	3000	3500	3000	1081.000000	
3000	3000	3500	3000	1081.000000	
3000	3000	3500	3000	1081.000000	
3000	3000	3500	3000	1081.000000	
3000	3000	3500	3000	1081.000000	
3000	3000	3500	3000	1081.000000	
3000	3000	3500	3000	1081.000000	
3000	3000	3500	3000	1081.000000	
3000	3000	3500	3000	1081.000000	
3000	3000	3500	3000	1081.000000	
3000	3000	3500	3000	1081.000000	
3000	3000	3500	3000	1081.000000	
3000	3000	3500	3000	1081.000000	
3000	3000	3500	3000	1081.000000	
3497	3000	3500	3000	1081.000000	
3000	3000	3500	3000	1081.000000	
3000	3000	3500	3000	1081.000000	
3000	3000	3500	3000	1081.000000	
3000	3000	3500	3000	1082.000000	
3000	3000	3500	3000	1082.000000	
3188	3000	3500	3000	1082.000000	
3000	3000	3500	3000	1082.000000	
3000	3000	3500	3000	1082.000000	
3000	3000	3500	3000	1082.000000	
3000	3000	3500	3000	1082.000000	
3000	3000	3500	3000	1082.000000	
3189	3000	3500	3000	1082.000000	
3000	3000	3500	3000	1082.000000	
3000	3000	3500	3000	1082.000000	
3000	3000	3500	3000	1082.000000	
3000	3000	3500	3000	1082.000000	
3000	3000	3500	3000	1082.000000	
3000	3000	3500	3000	1082.000000	
3000	3000	3500	3000	1082.000000	
3000	3000	3500	3000	1082.000000	
3000	3000	3500	3000	1082.000000	
3000	3000	3500	3000	1082.000000	
3000	3000	3500	3000	1082.000000	
3000	3000	3500	3000	1082.000000	
3000	3000	3500	3000	1082.000000	
3000	3000	3500	3000	1082.000000	
3000	3000	3500	3000	1083.000000	
3000	3000	3500	3000	1083.000000	
3105	3000	3500	3000	1083.000000	
3000	3000	3500	3000	1083.000000	
3230	3000	3500	3000	1083.000000	
3000	3000	3500	3000	1083.000000	
3000	3000	3500	3000	1083.000000	
3000	3000	3500	3000	1083.000000	
3100	3000	3500	3000	1083.000000	
3000	3000	3500	3000	1083.000000	
3000	3000	3500	3000	1083.000000	
3000	3000	3500	3000	1083.000000	
3000	3000	3500	3000	1083.000000	
3000	3000	3500	3000	1083.000000	
3000	3000	3500	3000	1083.000000	
3000	3000	3500	3000	1083.000000	
3000	3000	3500	3000	1083.000000	
3000	3000	3500	3000	1083.000000	
3000	3000	3500	3000	1083.000000	
3000	3000	3500	3000	1083.000000	
3000	3000	3500	3000	1083.000000	
3000	3000	3500	3000	1083.000000	
3000	3000	3500	3000	1083.000000	
3000	3000	3500	3000	1084.000000	
3000	3000	3500	3000	1084.000000	
3000	3000	3500	3000	1084.000000	
3000	3000	3500	3000	1084.000000	
3000	3000	3500	3000	1084.000000	
3000	3000	3500	3000	1084.000000	
3252	3000	3500	3000	1084.000000	
3000	3000	3500	3000	1084.000000	
3000	3000	3500	3000	1084.000000	
3000	3000	3500	3000	1084.000000	
3000	3000	3500	3000	1084.000000	
3000	3000	3500	3000	1084.000000	
3000	3000	3500	3000	1084.000000	
3000	3000	3500	3000	1084.000000	
3000	3000	3500	3000	1084.000000	
3000	3000	3500	3000	1084.000000	
3000	3000	3500	3000	1084.000000	
3000	3000	3500	3000	1084.000000	
3000	3000	3500	3000	1084.000000	
3000	3000	3500	3000	1084.000000	
3000	3000	3500	3000	1084.000000	
3000	3000	3500	3000	1084.000000	
3000	3000	3500	3000	1084.000000	
3000	3000	3500	3000	1085.000000	
3000	3000	3500	3000	1085.000000	
3190	3000	3500	3000	1085.000000	
3000	3000	3500	3000	1085.000000	
3000	3000	3500	3000	1085.000000	
3000	3000	3500	3000	1085.000000	
3000	3000	3500	3000	1085.000000	
3000	3000	3500	3000	1085.000000	
3000	3000	3500	3000	1085.000000	
3000	3000	3500	3000	1085.000000	
3000	3000	3500	3000	1085.000000	
3000	3000	3500	3000	1085.000000	
3000	3000	3500	3000	1085.000000	
3000	3000	3500	3000	1085.000000	
3000	3000	3500	3000	1085.000000	
3000	3000	3500	3000	1085.000000	
3000	3000	3500	3000	1085.000000	
3000	3000	3500	3000	1085.000000	
3000	3000	3500	3000	1085.000000	
3000	3000	3500	3000	1085.000000	
3000	3000	3500	3000	1085.000000	
3000	3000	3500	3000	1085.000000	
3000	3000	3500	3000	1085.000000	
3000	3000	3500	3000	1086.000000	
3000	3000	3500	3000	1086.000000	
3000	3000	3500	3000	1086.000000	
3000	3000	3500	3000	1086.000000	
3000	3000	3500	3000	1086.000000	
3000	3000	3500	3000	1086.000000	
3000	3000	3500	3000	1086.000000	
3000	3000	3500	3000	1086.000000	
3000	3000	3500	3000	1086.000000	
3000	3000	3500	3000	1086.000000	
3000	3000	3500	3000	1086.000000	
3000	3000	3500	3000	1086.000000	
3000	3000	3500	3000	1086.000000	
3000	3000	3500	3000	1086.000000	
3000	3000	3500	3000	1086.000000	
3000	3000	3500	3000	1086.000000	
3000	3000	3500	3000	1086.000000	
3000	3000	3500	3000	1086.000000	
3000	3000	3500	3000	1086.000000	
3000	3000	3500	3000	1086.000000	
3000	3000	3500	3000	1086.000000	
3000	3000	3500	3000	1086.000000	
3000	3000	3500	3000	1086.000000	
3000	3000	3500	3000	1087.000000	
3000	3000	3500	3000	1087.000000	
3000	3000	3500	3000	1087.000000	
3000	3000	3500	3000	1087.000000	
3000	3000	3500	3000	1087.000000	
3000	3000	3500	3000	1087.000000	
3000	3000	3500	3000	1087.000000	
3000	3000	3500	3000	1087.000000	
3000	3000	3500	3000	1087.000000	
3000	3000	3500	3000	1087.000000	
3000	3000	3500	3000	1087.000000	
3000	3000	3500	3000	1087.000000	
3000	3000	3500	3000	1087.000000	
3000	3000	3500	3000	1087.000000	
3000	3000	3500	3000	1087.000000	
3000	3000	3500	3000	1087.000000	
3000	3000	3500	3000	1087.000000	
3000	3000	3500	3000	1087.000000	
3000	3000	3500	3000	1087.000000	
3000	3000	3500	3000	1087.000000	
3000	3000	3500	3000	1087.000000	
3000	3000	3500	3000	1087.000000	
3000	3000	3500	3000	1087.000000	
3000	3000	3500	3000	1088.000000	
3000	3000	3500	3000	1088.000000	
3000	3000	3500	3000	1088.000000	
3000	3000	3500	3000	1088.000000	
3000	3000	3500	3000	1088.000000	
3000	3000	3500	3000	1088.000000	
3000	3000	3500	3000	1088.000000	
3000	3000	3500	3000	1088.000000	
3000	3000	3500	3000	1088.000000	
3000	3000	3500	3000	1088.000000	
3000	3000	3500	3000	1088.000000	
3000	3000	3500	3000	1088.000000	
3000	3000	3500	3000	1088.000000	
3000	3000	3500	3000	1088.000000	
3000	3000	3500	3000	1088.000000	
3000	3000	3500	3000	1088.000000	
3000	3000	3500	3000	1088.000000	
3000	3000	3500	3000	1088.000000	
3000	3000	3500	3000	1088.000000	
3000	3000	3500	3000	1088.000000	
3000	3000	3500	3000	1088.000000	
3000	3000	3500	3000	1088.000000	
3000	3000	3500	3000	1088.000000	
3000	3000	3500	3000	1089.000000	
3000	3000	3500	3000	1089.000000	
3000	3000	3500	3000	1089.000000	
3000	3000	3500	3000	1089.000000	
3000	3000	3500	3000	1089.000000	
3000	3000	3500	3000	1089.000000	
3000	3000	3500	3000	1089.000000	
3000	3000	3500	3000	1089.000000	
3000	3000	3500	3000	1089.000000	
3000	3000	3500	3000	1089.000000	
3000	3000	3500	3000	1089.000000	
3000	3000	3500	3000	1089.000000	
3000	3000	3500	3000	1089.000000	
3000	3000	3500	3000	1089.000000	
3000	3000	3500	3000	1089.000000	
3000	3000	3500	3000	1089.000000	
3000	3000	3500	3000	1089.000000	
3000	3000	3500	3000	1089.000000	
3000	3000	3500	3000	1089.000000	
3000	3000	3500	3000	1089.000000	
3000	3000	3500	3000	1089.000000	
3000	3000	3500	3000	1089.000000	
3000	3000	3500	3000	1089.000000	
3433	3000	3500	3000	1090.000000	
3000	3000	3500	3000	1090.000000	
3000	3000	3500	3000	1090.000000	
3000	3000	3500	3000	1090.000000	
3000	3000	3500	3000	1090.000000	
3000	3000	3500	3000	1090.000000	
3000	3000	3500	3000	1090.000000	
3000	3000	3500	3000	1090.000000	
3000	3000	3500	3000	1090.000000	
3000	3000	3500	3000	1090.000000	
3000	3000	3500	3000	1090.000000	
3000	3000	3500	3000	1090.000000	
3000	3000	3500	3000	1090.000000	
3000	3000	3500	3000	1090.000000	
3000	3000	3500	3000	1090.000000	
3000	3000	3500	3000	1090.000000	
3000	3000	3500	3000	1090.000000	
3000	3000	3500	3000	1090.000000	
3000	3000	3500	3000	1090.000000	
3000	3000	3500	3000	1090.000000	
3000	3000	3500	3000	1090.000000	
3000	3000	3500	3000	1090.000000	
3000	3000	3500	3000	1091.000000	
3000	3000	3500	3000	1091.000000	
3000	3000	3500	3000	1091.000000	
3000	3000	3500	3000	1091.000000	
3000	3000	3500	3000	1091.000000	
3000	3000	3500	3000	1091.000000	
3000	3000	3500	3000	1091.000000	
3000	3000	3500	3000	1091.000000	
3000	3000	3500	3000	1091.000000	
3000	3000	3500	3000	1091.000000	
3000	3000	3500	3000	1091.000000	
3000	3000	3500	3000	1091.000000	
3000	3000	3500	3000	1091.000000	
3000	3000	3500	3000	1091.000000	
3000	3000	3500	3000	1091.000000	
3000	3000	3500	3000	1091.000000	
3000	3000	3500	3000	1091.000000	
3000	3000	3500	3000	1091.000000	
3000	3000	3500	3000	1091.000000	
3000	3000	3500	3000	1091.000000	
3000	3000	3500	3000	1091.000000	
3000	3000	3500	3000	1091.000000	
3000	3000	3500	3000	1091.000000	
3000	3000	3500	3000	1092.000000	
3000	3000	3500	3000	1092.000000	
3000	3000	3500	3000	1092.000000	
3000	3000	3500	3000	1092.000000	
3000	3000	3500	3000	1092.000000	
3000	3000	3500	3000	1092.000000	
3000	3000	3500	3000	1092.000000	
3000	3000	3500	3000	1092.000000	
3000	3000	3500	3000	1092.000000	
3000	3000	3500	3000	1092.000000	
3000	3000	3500	3000	1092.000000	
3000	3000	3500	3000	1092.000000	
3000	3000	3500	3000	1092.000000	
3000	3000	3500	3000	1092.000000	
3000	3000	3500	3000	1092.000000	
3000	3000	3500	3000	1092.000000	
3000	3000	3500	3000	1092.000000	
3000	3000	3500	3000	1092.000000	
3000	3000	3500	3000	1092.000000	
3000	3000	3500	3000	1092.000000	
3000	3000	3500	3000	1092.000000	
3000	3000	3500	3000	1092.000000	
3099	3000	3500	3000	1092.000000	
3000	3000	3500	3000	1093.000000	
3000	3000	3500	3000	1093.000000	
3366	3000	3500	3000	1093.000000	
3000	3000	3500	3000	1093.000000	
3000	3000	3500	3000	1093.000000	
3000	3000	3500	3000	1093.000000	
3000	3000	3500	3000	1093.000000	
3000	3000	3500	3000	1093.000000	
3000	3000	3500	3000	1093.000000	
3000	3000	3500	3000	1093.000000	
3000	3000	3500	3000	1093.000000	
3000	3000	3500	3000	1093.000000	
3000	3000	3500	3000	1093.000000	
3000	3000	3500	3000	1093.000000	
3000	3000	3500	3000	1093.000000	
3000	3000	3500	3000	1093.000000	
3000	3000	3500	3000	1093.000000	
3000	3000	3500	3000	1093.000000	
3000	3000	3500	3000	1093.000000	
3000	3000	3500	3000	1093.000000	
3000	3000	3500	3000	1093.000000	
3000	3000	3500	3000	1093.000000	
3000	3000	3500	3000	1093.000000	
3000	3000	3500	3000	1094.000000	
3000	3000	3500	3000	1094.000000	
3000	3000	3500	3000	1094.000000	
3000	3000	3500	3000	1094.000000	
3000	3000	3500	3000	1094.000000	
3000	3000	3500	3000	1094.000000	
3000	3000	3500	3000	1094.000000	
3000	3000	3500	3000	1094.000000	
3000	3000	3500	3000	1094.000000	
3000	3000	3500	3000	1094.000000	
3000	3000	3500	3000	1094.000000	
3000	3000	3500	3000	1094.000000	
3000	3000	3500	3000	1094.000000	
3000	3000	3500	3000	1094.000000	
3000	3000	3500	3000	1094.000000	
3000	3000	3500	3000	1094.000000	
3000	3000	3500	3000	1094.000000	
3000	3000	3500	3000	1094.000000	
3000	3000	3500	3000	1094.000000	
3081	3000	3500	3000	1094.000000	
3000	3000	3500	3000	1094.000000	
3000	3000	3500	3000	1094.000000	
3000	3000	3500	3000	1094.000000	
3000	3000	3500	3000	1095.000000	
3000	3000	3500	3000	1095.000000	
3000	3000	3500	3000	1095.000000	
3000	3000	3500	3000	1095.000000	
3000	3000	3500	3000	1095.000000	
3000	3000	3500	3000	1095.000000	
3000	3000	3500	3000	1095.000000	
3000	3000	3500	3000	1095.000000	
3000	3000	3500	3000	1095.000000	
3000	3000	3500	3000	1095.000000	
3000	3000	3500	3000	1095.000000	
3000	3000	3500	3000	1095.000000	
3000	3000	3500	3000	1095.000000	
3000	3000	3500	3000	1095.000000	
3000	3000	3500	3000	1095.000000	
3000	3000	3500	3000	1095.000000	
3000	3000	3500	3000	1095.000000	
3000	3000	3500	3000	1095.000000	
3000	3000	3500	3000	1095.000000	
3000	3000	3500	3000	1095.000000	
3000	3000	3500	3000	1095.000000	
3000	3000	3500	3000	1095.000000	
3000	3000	3500	3000	1095.000000	
3000	3000	3500	3000	1096.000000	
3000	3000	3500	3000	1096.000000	
3000	3000	3500	3000	1096.000000	
3000	3000	3500	3000	1096.000000	
3000	3000	3500	3000	1096.000000	
3000	3000	3500	3000	1096.000000	
3000	3000	3500	3000	1096.000000	
3000	3000	3500	3000	1096.000000	
3000	3000	3500	3000	1096.000000	
3000	3000	3500	3000	1096.000000	
3000	3000	3500	3000	1096.000000	
3000	3000	3500	3000	1096.000000	
3000	3000	3500	3000	1096.000000	
3000	3000	3500	3000	1096.000000	
3000	3000	3500	3000	1096.000000	
3000	3000	3500	3000	1096.000000	
3000	3000	3500	3000	1096.000000	
3000	3000	3500	3000	1096.000000	
3000	3000	3500	3000	1096.000000	
3000	3000	3500	3000	1096.000000	
3000	3000	3500	3000	1096.000000	
3000	3000	3500	3000	1096.000000	
3000	3000	3500	3000	1096.000000	
3000	3000	3500	3000	1097.000000	
3000	3000	3500	3000	1097.000000	
3000	3000	3500	3000	1097.000000	
3469	3000	3500	3000	1097.000000	
3000	3000	3500	3000	1097.000000	
3000	3000	3500	3000	1097.000000	
3472	3000	3500	3000	1097.000000	
3000	3000	3500	3000	1097.000000	
3000	3000	3500	3000	1097.000000	
3000	3000	3500	3000	1097.000000	
3000	3000	3500	3000	1097.000000	
3000	3000	3500	3000	1097.000000	
3000	3000	3500	3000	1097.000000	
3000	3000	3500	3000	1097.000000	
3000	3000	3500	3000	1097.000000	
3000	3000	3500	3000	1097.000000	
3000	3000	3500	3000	1097.000000	
3000	3000	3500	3000	1097.000000	
3000	3000	3500	3000	1097.000000	
3000	3000	3500	3000	1097.000000	
3000	3000	3500	3000	1097.000000	
3000	3000	3500	3000	1097.000000	
3000	3000	3500	3000	1097.000000	
3000	3000	3500	3000	1098.000000	
3000	3000	3500	3000	1098.000000	
3000	3000	3500	3000	1098.000000	
3000	3000	3500	3000	1098.000000	
3000	3000	3500	3000	1098.000000	
3000	3000	3500	3000	1098.000000	
3000	3000	3500	3000	1098.000000	
3000	3000	3500	3000	1098.000000	
3000	3000	3500	3000	1098.000000	
3000	3000	3500	3000	1098.000000	
3000	3000	3500	3000	1098.000000	
3000	3000	3500	3000	1098.000000	
3157	3000	3500	3000	1098.000000	
3000	3000	3500	3000	1098.000000	
3000	3000	3500	3000	1098.000000	
3000	3000	3500	3000	1098.000000	
3000	3000	3500	3000	1098.000000	
3000	3000	3500	3000	1098.000000	
3000	3000	3500	3000	1098.000000	
3000	3000	3500	3000	1098.000000	
3000	3000	3500	3000	1098.000000	
3000	3000	3500	3000	1098.000000	
3000	3000	3500	3000	1098.000000	
3000	3000	3500	3000	1099.000000	
3000	3000	3500	3000	1099.000000	
3000	3000	3500	3000	1099.000000	
3000	3000	3500	3000	1099.000000	
3363	3000	3500	3000	1099.000000	
3000	3000	3500	3000	1099.000000	
3000	3000	3500	3000	1099.000000	
3000	3000	3500	3000	1099.000000	
3000	3000	3500	3000	1099.000000	
3000	3000	3500	3000	1099.000000	
3000	3000	3500	3000	1099.000000	
3000	3000	3500	3000	1099.000000	
3000	3000	3500	3000	1099.000000	
3000	3000	3500	3000	1099.000000	
3000	3000	3500	3000	1099.000000	
3000	3000	3500	3000	1099.000000	
3000	3000	3500	3000	1099.000000	
3000	3000	3500	3000	1099.000000	
3000	3000	3500	3000	1099.000000	
3000	3000	3500	3000	1099.000000	
3000	3000	3500	3000	1099.000000	
3000	3000	3500	3000	1099.000000	
3000	3000	3500	3000	1100.000000	
3000	3000	3500	3000	1100.000000	
3000	3000	3500	3000	1100.000000	
3000	3000	3500	3000	1100.000000	
3000	3000	3500	3000	1100.000000	
3000	3000	3500	3000	1100.000000	
3000	3000	3500	3000	1100.000000	
3000	3000	3500	3000	1100.000000	
3000	3000	3500	3000	1100.000000	
3000	3000	3500	3000	1100.000000	
3000	3000	3500	3000	1100.000000	
3000	3000	3500	3000	1100.000000	
3000	3000	3500	3000	1100.000000	
3000	3000	3500	3000	1100.000000	
3000	3000	3500	3000	1100.000000	
3000	3000	3500	3000	1100.000000	
3000	3000	3500	3000	1100.000000	
3000	3000	3500	3000	1100.000000	
3000	3000	3500	3000	1100.000000	
3000	3000	3500	3000	1100.000000	
3000	3000	3500	3000	1100.000000	
3000	3000	3500	3000	1100.000000	
3000	3000	3500	3000	1100.000000	
3000	3000	3500	3000	1101.000000	
3000	3000	3500	3000	1101.000000	
3000	3000	3500	3000	1101.000000	
3000	3000	3500	3000	1101.000000	
3000	3000	3500	3000	1101.000000	
3000	3000	3500	3000	1101.000000	
3000	3000	3500	3000	1101.000000	
3000	3000	3500	3000	1101.000000	
3000	3000	3500	3000	1101.000000	
3000	3000	3500	3000	1101.000000	
3000	3000	3500	3000	1101.000000	
3000	3000	3500	3000	1101.000000	
3000	3000	3500	3000	1101.000000	
3000	3000	3500	3000	1101.000000	
3000	3000	3500	3000	1101.000000	
3000	3000	3500	3000	1101.000000	
3137	3000	3500	3000	1101.000000	
3000	3000	3500	3000	1101.000000	
3000	3000	3500	3000	1101.000000	
3000	3000	3500	3000	1101.000000	
3000	3000	3500	3000	1101.000000	
3000	3000	3500	3000	1101.000000	
3000	3000	3500	3000	1101.000000	
3000	3000	3500	3000	1102.000000	
3000	3000	3500	3000	1102.000000	
3000	3000	3500	3000	1102.000000	
3000	3000	3500	3000	1102.000000	
3000	3000	3500	3000	1102.000000	
3000	3000	3500	3000	1102.000000	
3000	3000	3500	3000	1102.000000	
3000	3000	3500	3000	1102.000000	
3000	3000	3500	3000	1102.000000	
3000	3000	3500	3000	1102.000000	
3000	3000	3500	3000	1102.000000	
3000	3000	3500	3000	1102.000000	
3353	3000	3500	3000	1102.000000	
3000	3000	3500	3000	1102.000000	
3000	3000	3500	3000	1102.000000	
3000	3000	3500	3000	1102.000000	
3000	3000	3500	3000	1102.000000	
3000	3000	3500	3000	1102.000000	
3000	3000	3500	3000	1102.000000	
3000	3000	3500	3000	1102.000000	
3236	3000	3500	3000	1102.000000	
3000	3000	3500	3000	1102.000000	
3000	3000	3500	3000	1102.000000	
3000	3000	3500	3000	1103.000000	
3000	3000	3500	3000	1103.000000	
3000	3000	3500	3000	1103.000000	
3000	3000	3500	3000	1103.000000	
3000	3000	3500	3000	1103.000000	
3293	3000	3500	3000	1103.000000	
3290	3000	3500	3000	1103.000000	
3000	3000	3500	3000	1103.000000	
3000	3000	3500	3000	1103.000000	
3000	3000	3500	3000	1103.000000	
3000	3000	3500	3000	1103.000000	
3000	3000	3500	3000	1103.000000	
3000	3000	3500	3000	1103.000000	
3000	3000	3500	3000	1103.000000	
3000	3000	3500	3000	1103.000000	
3080	3000	3500	3000	1103.000000	
3000	3000	3500	3000	1103.000000	
3000	3000	3500	3000	1103.000000	
3000	3000	3500	3000	1103.000000	
3000	3000	3500	3000	1103.000000	
3000	3000	3500	3000	1103.000000	
3000	3000	3500	3000	1103.000000	
3000	3000	3500	3000	1103.000000	
3000	3000	3500	3000	1104.000000	
3000	3000	3500	3000	1104.000000	
3000	3000	3500	3000	1104.000000	
3000	3000	3500	3000	1104.000000	
3000	3000	3500	3000	1104.000000	
3000	3000	3500	3000	1104.000000	
3000	3000	3500	3000	1104.000000	
3000	3000	3500	3000	1104.000000	
3000	3000	3500	3000	1104.000000	
3000	3000	3500	3000	1104.000000	
3000	3000	3500	3000	1104.000000	
3000	3000	3500	3000	1104.000000	
3014	3000	3500	3000	1104.000000	
3000	3000	3500	3000	1104.000000	
3000	3000	3500	3000	1104.000000	
3000	3000	3500	3000	1104.000000	
3000	3000	3500	3000	1104.000000	
3000	3000	3500	3000	1104.000000	
3000	3000	3500	3000	1104.000000	
3109	3000	3500	3000	1104.000000	
3000	3000	3500	3000	1104.000000	
3000	3000	3500	3000	1104.000000	
3000	3000	3500	3000	1104.000000	
3000	3000	3500	3000	1105.000000	
3001	3000	3500	3000	1105.000000	
3000	3000	3500	3000	1105.000000	
3499	3000	3500	3000	1105.000000	
3000	3000	3500	3000	1105.000000	
3000	3000	3500	3000	1105.000000	
3000	3000	3500	3000	1105.000000	
3000	3000	3500	3000	1105.000000	
3074	3000	3500	3000	1105.000000	
3000	3000	3500	3000	1105.000000	
3237	3000	3500	3000	1105.000000	
3000	3000	3500	3000	1105.000000	
3000	3000	3500	3000	1105.000000	
3000	3000	3500	3000	1105.000000	
3000	3000	3500	3000	1105.000000	
3000	3000	3500	3000	1105.000000	
3000	3000	3500	3000	1105.000000	
3000	3000	3500	3000	1105.000000	
3000	3000	3500	3000	1105.000000	
3000	3000	3500	3000	1105.000000	
3000	3000	3500	3000	1105.000000	
3000	3000	3500	3000	1105.000000	
3000	3000	3500	3000	1105.000000	
3000	3000	3500	3000	1106.000000	
3123	3000	3500	3000	1106.000000	
3000	3000	3500	3000	1106.000000	
3000	3000	3500	3000	1106.000000	
3000	3000	3500	3000	1106.000000	
3000	3000	3500	3000	1106.000000	
3000	3000	3500	3000	1106.000000	
3000	3000	3500	3000	1106.000000	
3000	3000	3500	3000	1106.000000	
3000	3000	3500	3000	1106.000000	
3000	3000	3500	3000	1106.000000	
3000	3000	3500	3000	1106.000000	
3000	3000	3500	3000	1106.000000	
3000	3000	3500	3000	1106.000000	
3000	3000	3500	3000	1106.000000	
3000	3000	3500	3000	1106.000000	
3000	3000	3500	3000	1106.000000	
3000	3000	3500	3000	1106.000000	
3000	3000	3500	3000	1106.000000	
3000	3000	3500	3000	1106.000000	
3027	3000	3500	3000	1106.000000	
3000	3000	3500	3000	1106.000000	
3000	3000	3500	3000	1106.000000	
3000	3000	3500	3000	1107.000000	
3000	3000	3500	3000	1107.000000	
3000	3000	3500	3000	1107.000000	
3000	3000	3500	3000	1107.000000	
3000	3000	3500	3000	1107.000000	
3000	3000	3500	3000	1107.000000	
3263	3000	3500	3000	1107.000000	
3440	3000	3500	3000	1107.000000	
3000	3000	3500	3000	1107.000000	
3000	3000	3500	3000	1107.000000	
3000	3000	3500	3000	1107.000000	
3000	3000	3500	3000	1107.000000	
3000	3000	3500	3000	1107.000000	
3000	3000	3500	3000	1107.000000	
3035	3000	3500	3000	1107.000000	
3000	3000	3500	3000	1107.000000	
3000	3000	3500	3000	1107.000000	
3000	3000	3500	3000	1107.000000	
3000	3000	3500	3000	1107.000000	
3000	3000	3500	3000	1107.000000	
3000	3000	3500	3000	1107.000000	
3000	3000	3500	3000	1107.000000	
3000	3000	3500	3000	1108.000000	
3000	3000	3500	3000	1108.000000	
3000	3000	3500	3000	1108.000000	
3000	3000	3500	3000	1108.000000	
3000	3000	3500	3000	1108.000000	
3000	3000	3500	3000	1108.000000	
3000	3000	3500	3000	1108.000000	
3000	3000	3500	3000	1108.000000	
3000	3000	3500	3000	1108.000000	
3000	3000	3500	3000	1108.000000	
3000	3000	3500	3000	1108.000000	
3000	3000	3500	3000	1108.000000	
3000	3000	3500	3000	1108.000000	
3000	3000	3500	3000	1108.000000	
3000	3000	3500	3000	1108.000000	
3000	3000	3500	3000	1108.000000	
3000	3000	3500	3000	1108.000000	
3000	3000	3500	3000	1108.000000	
3000	3000	3500	3000	1108.000000	
3000	3000	3500	3000	1108.000000	
3000	3000	3500	3000	1108.000000	
3000	3000	3500	3000	1108.000000	
3000	3000	3500	3000	1108.000000	
3000	3000	3500	3000	1109.000000	
3000	3000	3500	3000	1109.000000	
3000	3000	3500	3000	1109.000000	
3000	3000	3500	3000	1109.000000	
3061	3000	3500	3000	1109.000000	
3000	3000	3500	3000	1109.000000	
3000	3000	3500	3000	1109.000000	
3000	3000	3500	3000	1109.000000	
3000	3000	3500	3000	1109.000000	
3000	3000	3500	3000	1109.000000	
3000	3000	3500	3000	1109.000000	
3000	3000	3500	3000	1109.000000	
3000	3000	3500	3000	1109.000000	
3000	3000	3500	3000	1109.000000	
3000	3000	3500	3000	1109.000000	
3000	3000	3500	3000	1109.000000	
3000	3000	3500	3000	1109.000000	
3000	3000	3500	3000	1109.000000	
3000	3000	3500	3000	1109.000000	
3000	3000	3500	3000	1109.000000	
3000	3000	3500	3000	1109.000000	
3000	3000	3500	3000	1109.000000	
3000	3000	3500	3000	1109.000000	
3094	3000	3500	3000	1110.000000	
3000	3000	3500	3000	1110.000000	
3000	3000	3500	3000	1110.000000	
3000	3000	3500	3000	1110.000000	
3000	3000	3500	3000	1110.000000	
3000	3000	3500	3000	1110.000000	
3000	3000	3500	3000	1110.000000	
3000	3000	3500	3000	1110.000000	
3000	3000	3500	3000	1110.000000	
3000	3000	3500	3000	1110.000000	
3000	3000	3500	3000	1110.000000	
3000	3000	3500	3000	1110.000000	
3000	3000	3500	3000	1110.000000	
3000	3000	3500	3000	1110.000000	
3000	3000	3500	3000	1110.000000	
3000	3000	3500	3000	1110.000000	
3000	3000	3500	3000	1110.000000	
3000	3000	3500	3000	1110.000000	
3000	3000	3500	3000	1110.000000	
3000	3000	3500	3000	1110.000000	
3000	3000	3500	3000	1110.000000	
3000	3000	3500	3000	1110.000000	
3000	3000	3500	3000	1110.000000	
3000	3000	3500	3000	1111.000000	
3000	3000	3500	3000	1111.000000	
3000	3000	3500	3000	1111.000000	
3000	3000	3500	3000	1111.000000	
3000	3000	3500	3000	1111.000000	
3000	3000	3500	3000	1111.000000	
3000	3000	3500	3000	1111.000000	
3000	3000	3500	3000	1111.000000	
3000	3000	3500	3000	1111.000000	
3000	3000	3500	3000	1111.000000	
3200	3000	3500	3000	1111.000000	
3000	3000	3500	3000	1111.000000	
3000	3000	3500	3000	1111.000000	
3000	3000	3500	3000	1111.000000	
3000	3000	3500	3000	1111.000000	
3000	3000	3500	3000	1111.000000	
3000	3000	3500	3000	1111.000000	
3000	3000	3500	3000	1111.000000	
3000	3000	3500	3000	1111.000000	
3000	3000	3500	3000	1111.000000	
3000	3000	3500	3000	1111.000000	
3000	3000	3500	3000	1111.000000	
3000	3000	3500	3000	1111.000000	
3000	3000	3500	3000	1112.000000	
3000	3000	3500	3000	1112.000000	
3000	3000	3500	3000	1112.000000	
3000	3000	3500	3000	1112.000000	
3000	3000	3500	3000	1112.000000	
3000	3000	3500	3000	1112.000000	
3000	3000	3500	3000	1112.000000	
3000	3000	3500	3000	1112.000000	
3000	3000	3500	3000	1112.000000	
3000	3000	3500	3000	1112.000000	
3000	3000	3500	3000	1112.000000	
3000	3000	3500	3000	1112.000000	
3000	3000	3500	3000	1112.000000	
3000	3000	3500	3000	1112.000000	
3000	3000	3500	3000	1112.000000	
3000	3000	3500	3000	1112.000000	
3000	3000	3500	3000	1112.000000	
3000	3000	3500	3000	1112.000000	
3000	3000	3500	3000	1112.000000	
3000	3000	3500	3000	1112.000000	
3000	3000	3500	3000	1112.000000	
3000	3000	3500	3000	1112.000000	
3000	3000	3500	3000	1112.000000	
3000	3000	3500	3000	1113.000000	
3000	3000	3500	3000	1113.000000	
3000	3000	3500	3000	1113.000000	
3000	3000	3500	3000	1113.000000	
3000	3000	3500	3000	1113.000000	
3000	3000	3500	3000	1113.000000	
3082	3000	3500	3000	1113.000000	
3000	3000	3500	3000	1113.000000	
3000	3000	3500	3000	1113.000000	
3000	3000	3500	3000	1113.000000	
3000	3000	3500	3000	1113.000000	
3000	3000	3500	3000	1113.000000	
3000	3000	3500	3000	1113.000000	
3000	3000	3500	3000	1113.000000	
3000	3000	3500	3000	1113.000000	
3253	3000	3500	3000	1113.000000	
3105	3000	3500	3000	1113.000000	
3000	3000	3500	3000	1113.000000	
3459	3105	3500	3105	1108.000000	
3000	3105	3500	3105	1108.000000	
3000	3000	3500	3000	1113.000000	
3000	3000	3500	3000	1113.000000	
3000	3000	3500	3000	1113.000000	
3000	3000	3500	3000	1114.000000	
3000	3000	3500	3000	1114.000000	
3000	3000	3500	3000	1114.000000	
3000	3000	3500	3000	1114.000000	
3000	3000	3500	3000	1114.000000	
3000	3000	3500	3000	1114.000000	
3000	3000	3500	3000	1114.000000	
3000	3000	3500	3000	1114.000000	
3000	3000	3500	3000	1114.000000	
3000	3000	3500	3000	1114.000000	
3000	3000	3500	3000	1114.000000	
3000	3000	3500	3000	1114.000000	
3000	3000	3500	3000	1114.000000	
3000	3000	3500	3000	1114.000000	
3000	3000	3500	3000	1114.000000	
3000	3000	3500	3000	1114.000000	
3000	3000	3500	3000	1114.000000	
3000	3000	3500	3000	1114.000000	
3000	3000	3500	3000	1114.000000	
3000	3000	3500	3000	1114.000000	
3000	3000	3500	3000	1114.000000	
3000	3000	3500	3000	1114.000000	
3000	3000	3500	3000	1114.000000	
3000	3000	3500	3000	1115.000000	
3000	3000	3500	3000	1115.000000	
3000	3000	3500	3000	1115.000000	
3000	3000	3500	3000	1115.000000	
3000	3000	3500	3000	1115.000000	
3000	3000	3500	3000	1115.000000	
3000	3000	3500	3000	1115.000000	
3000	3000	3500	3000	1115.000000	
3000	3000	3500	3000	1115.000000	
3000	3000	3500	3000	1115.000000	
3000	3000	3500	3000	1115.000000	
3000	3000	3500	3000	1115.000000	
3000	3000	3500	3000	1115.000000	
3000	3000	3500	3000	1115.000000	
3000	3000	3500	3000	1115.000000	
3000	3000	3500	3000	1115.000000	
3051	3000	3500	3000	1115.000000	
3000	3000	3500	3000	1115.000000	
3000	3000	3500	3000	1115.000000	
3416	3000	3500	3000	1115.000000	
3000	3000	3500	3000	1115.000000	
3000	3000	3500	3000	1115.000000	
3000	3000	3500	3000	1115.000000	
3000	3000	3500	3000	1116.000000	
3000	3000	3500	3000	1116.000000	
3000	3000	3500	3000	1116.000000	
3000	3000	3500	3000	1116.000000	
3000	3000	3500	3000	1116.000000	
3000	3000	3500	3000	1116.000000	
3000	3000	3500	3000	1116.000000	
3000	3000	3500	3000	1116.000000	
3000	3000	3500	3000	1116.000000	
3000	3000	3500	3000	1116.000000	
3000	3000	3500	3000	1116.000000	
3000	3000	3500	3000	1116.000000	
3000	3000	3500	3000	1116.000000	
3393	3000	3500	3000	1116.000000	
3000	3000	3500	3000	1116.000000	
3000	3000	3500	3000	1116.000000	
3000	3000	3500	3000	1116.000000	
3000	3000	3500	3000	1116.000000	
3000	3000	3500	3000	1116.000000	
3000	3000	3500	3000	1116.000000	
3000	3000	3500	3000	1116.000000	
3000	3000	3500	3000	1116.000000	
3000	3000	3500	3000	1116.000000	
3000	3000	3500	3000	1117.000000	
3000	3000	3500	3000	1117.000000	
3000	3000	3500	3000	1117.000000	
3000	3000	3500	3000	1117.000000	
3000	3000	3500	3000	1117.000000	
3000	3000	3500	3000	1117.000000	
3000	3000	3500	3000	1117.000000	
3000	3000	3500	3000	1117.000000	
3000	3000	3500	3000	1117.000000	
3000	3000	3500	3000	1117.000000	
3000	3000	3500	3000	1117.000000	
3000	3000	3500	3000	1117.000000	
3000	3000	3500	3000	1117.000000	
3000	3000	3500	3000	1117.000000	
3000	3000	3500	3000	1117.000000	
3000	3000	3500	3000	1117.000000	
3000	3000	3500	3000	1117.000000	
3000	3000	3500	3000	1117.000000	
3000	3000	3500	3000	1117.000000	
3000	3000	3500	3000	1117.000000	
3000	3000	3500	3000	1117.000000	
3000	3000	3500	3000	1117.000000	
3000	3000	3500	3000	1117.000000	
3407	3000	3500	3000	1118.000000	
3000	3000	3500	3000	1118.000000	
3000	3000	3500	3000	1118.000000	
3000	3000	3500	3000	1118.000000	
3000	3000	3500	3000	1118.000000	
3000	3000	3500	3000	1118.000000	
3000	3000	3500	3000	1118.000000	
3000	3000	3500	3000	1118.000000	
3000	3000	3500	3000	1118.000000	
3000	3000	3500	3000	1118.000000	
3000	3000	3500	3000	1118.000000	
3000	3000	3500	3000	1118.000000	
3000	3000	3500	3000	1118.000000	
3000	3000	3500	3000	1118.000000	
3000	3000	3500	3000	1118.000000	
3000	3000	3500	3000	1118.000000	
3000	3000	3500	3000	1118.000000	
3000	3000	3500	3000	1118.000000	
3000	3000	3500	3000	1118.000000	
3000	3000	3500	3000	1118.000000	
3000	3000	3500	3000	1118.000000	
3000	3000	3500	3000	1118.000000	
3000	3000	3500	3000	1118.000000	
3000	3000	3500	3000	1119.000000	
3137	3000	3500	3000	1119.000000	
3000	3000	3500	3000	1119.000000	
3000	3000	3500	3000	1119.000000	
3000	3000	3500	3000	1119.000000	
3000	3000	3500	3000	1119.000000	
3000	3000	3500	3000	1119.000000	
3000	3000	3500	3000	1119.000000	
3000	3000	3500	3000	1119.000000	
3000	3000	3500	3000	1119.000000	
3000	3000	3500	3000	1119.000000	
3000	3000	3500	3000	1119.000000	
3000	3000	3500	3000	1119.000000	
3000	3000	3500	3000	1119.000000	
3000	3000	3500	3000	1119.000000	
3000	3000	3500	3000	1119.000000	
3000	3000	3500	3000	1119.000000	
3000	3000	3500	3000	1119.000000	
3000	3000	3500	3000	1119.000000	
3000	3000	3500	3000	1119.000000	
3000	3000	3500	3000	1119.000000	
3000	3000	3500	3000	1119.000000	
3000	3000	3500	3000	1120.000000	
3000	3000	3500	3000	1120.000000	
3000	3000	3500	3000	1120.000000	
3000	3000	3500	3000	1120.000000	
3000	3000	3500	3000	1120.000000	
3000	3000	3500	3000	1120.000000	
3000	3000	3500	3000	1120.000000	
3000	3000	3500	3000	1120.000000	
3000	3000	3500	3000	1120.000000	
3000	3000	3500	3000	1120.000000	
3319	3000	3500	3000	1120.000000	
3000	3000	3500	3000	1120.000000	
3000	3000	3500	3000	1120.000000	
3000	3000	3500	3000	1120.000000	
3000	3000	3500	3000	1120.000000	
3000	3000	3500	3000	1120.000000	
3000	3000	3500	3000	1120.000000	
3236	3000	3500	3000	1120.000000	
3000	3000	3500	3000	1120.000000	
3000	3000	3500	3000	1120.000000	
3000	3000	3500	3000	1120.000000	
3000	3000	3500	3000	1120.000000	
3000	3000	3500	3000	1120.000000	
3000	3000	3500	3000	1121.000000	
3000	3000	3500	3000	1121.000000	
3000	3000	3500	3000	1121.000000	
3000	3000	3500	3000	1121.000000	
3000	3000	3500	3000	1121.000000	
3000	3000	3500	3000	1121.000000	
3000	3000	3500	3000	1121.000000	
3000	3000	3500	3000	1121.000000	
3000	3000	3500	3000	1121.000000	
3000	3000	3500	3000	1121.000000	
3000	3000	3500	3000	1121.000000	
3000	3000	3500	3000	1121.000000	
3439	3000	3500	3000	1121.000000	
3000	3000	3500	3000	1121.000000	
3000	3000	3500	3000	1121.000000	
3000	3000	3500	3000	1121.000000	
3000	3000	3500	3000	1121.000000	
3000	3000	3500	3000	1121.000000	
3000	3000	3500	3000	1121.000000	
3000	3000	3500	3000	1121.000000	
3000	3000	3500	3000	1121.000000	
3000	3000	3500	3000	1121.000000	
3000	3000	3500	3000	1121.000000	
3000	3000	3500	3000	1122.000000	
3000	3000	3500	3000	1122.000000	
3000	3000	3500	3000	1122.000000	
3000	3000	3500	3000	1122.000000	
3000	3000	3500	3000	1122.000000	
3000	3000	3500	3000	1122.000000	
3164	3000	3500	3000	1122.000000	
3417	3000	3500	3000	1122.000000	
3000	3000	3500	3000	1122.000000	
3000	3000	3500	3000	1122.000000	
3000	3000	3500	3000	1122.000000	
3000	3000	3500	3000	1122.000000	
3000	3000	3500	3000	1122.000000	
3000	3000	3500	3000	1122.000000	
3000	3000	3500	3000	1122.000000	
3000	3000	3500	3000	1122.000000	
3000	3000	3500	3000	1122.000000	
3000	3000	3500	3000	1122.000000	
3197	3000	3500	3000	1122.000000	
3456	3000	3500	3000	1122.000000	
3000	3000	3500	3000	1122.000000	
3000	3000	3500	3000	1122.000000	
3000	3000	3500	3000	1122.000000	
3000	3000	3500	3000	1123.000000	
3000	3000	3500	3000	1123.000000	
3000	3000	3500	3000	1123.000000	
3000	3000	3500	3000	1123.000000	
3000	3000	3500	3000	1123.000000	
3000	3000	3500	3000	1123.000000	
3000	3000	3500	3000	1123.000000	
3000	3000	3500	3000	1123.000000	
3000	3000	3500	3000	1123.000000	
3000	3000	3500	3000	1123.000000	
3000	3000	3500	3000	1123.000000	
3000	3000	3500	3000	1123.000000	
3000	3000	3500	3000	1123.000000	
3439	3000	3500	3000	1123.000000	
3000	3000	3500	3000	1123.000000	
3000	3000	3500	3000	1123.000000	
3000	3000	3500	3000	1123.000000	
3000	3000	3500	3000	1123.000000	
3150	3000	3500	3000	1123.000000	
3000	3000	3500	3000	1123.000000	
3491	3000	3500	3000	1123.000000	
3000	3000	3500	3000	1123.000000	
3000	3000	3500	3000	1123.000000	
3000	3000	3500	3000	1124.000000	
3000	3000	3500	3000	1124.000000	
3000	3000	3500	3000	1124.000000	
3000	3000	3500	3000	1124.000000	
3000	3000	3500	3000	1124.000000	
3000	3000	3500	3000	1124.000000	
3000	3000	3500	3000	1124.000000	
3000	3000	3500	3000	1124.000000	
3000	3000	3500	3000	1124.000000	
3000	3000	3500	3000	1124.000000	
3000	3000	3500	3000	1124.000000	
3000	3000	3500	3000	1124.000000	
3000	3000	3500	3000	1124.000000	
3000	3000	3500	3000	1124.000000	
3000	3000	3500	3000	1124.000000	
3429	3000	3500	3000	1124.000000	
3000	3000	3500	3000	1124.000000	
3000	3000	3500	3000	1124.000000	
3000	3000	3500	3000	1124.000000	
3000	3000	3500	3000	1124.000000	
3000	3000	3500	3000	1124.000000	
3000	3000	3500	3000	1124.000000	
3000	3000	3500	3000	1124.000000	
3000	3000	3500	3000	1125.000000	
3000	3000	3500	3000	1125.000000	
3133	3000	3500	3000	1125.000000	
3000	3000	3500	3000	1125.000000	
3000	3000	3500	3000	1125.000000	
3000	3000	3500	3000	1125.000000	
3000	3000	3500	3000	1125.000000	
3000	3000	3500	3000	1125.000000	
3000	3000	3500	3000	1125.000000	
3000	3000	3500	3000	1125.000000	
3000	3000	3500	3000	1125.000000	
3000	3000	3500	3000	1125.000000	
3000	3000	3500	3000	1125.000000	
3000	3000	3500	3000	1125.000000	
3000	3000	3500	3000	1125.000000	
3000	3000	3500	3000	1125.000000	
3000	3000	3500	3000	1125.000000	
3000	3000	3500	3000	1125.000000	
3000	3000	3500	3000	1125.000000	
3000	3000	3500	3000	1125.000000	
3000	3000	3500	3000	1125.000000	
3000	3000	3500	3000	1125.000000	
3000	3000	3500	3000	1125.000000	
3000	3000	3500	3000	1126.000000	
3000	3000	3500	3000	1126.000000	
3000	3000	3500	3000	1126.000000	
3000	3000	3500	3000	1126.000000	
3000	3000	3500	3000	1126.000000	
3000	3000	3500	3000	1126.000000	
3000	3000	3500	3000	1126.000000	
3000	3000	3500	3000	1126.000000	
3000	3000	3500	3000	1126.000000	
3000	3000	3500	3000	1126.000000	
3000	3000	3500	3000	1126.000000	
3000	3000	3500	3000	1126.000000	
3000	3000	3500	3000	1126.000000	
3000	3000	3500	3000	1126.000000	
3000	3000	3500	3000	1126.000000	
3152	3000	3500	3000	1126.000000	
3000	3000	3500	3000	1126.000000	
3000	3000	3500	3000	1126.000000	
3000	3000	3500	3000	1126.000000	
3000	3000	3500	3000	1126.000000	
3000	3000	3500	3000	1126.000000	
3000	3000	3500	3000	1126.000000	
3000	3000	3500	3000	1126.000000	
3000	3000	3500	3000	1127.000000	
3000	3000	3500	3000	1127.000000	
3000	3000	3500	3000	1127.000000	
3000	3000	3500	3000	1127.000000	
3000	3000	3500	3000	1127.000000	
3000	3000	3500	3000	1127.000000	
3000	3000	3500	3000	1127.000000	
3000	3000	3500	3000	1127.000000	
3000	3000	3500	3000	1127.000000	
3000	3000	3500	3000	1127.000000	
3000	3000	3500	3000	1127.000000	
3000	3000	3500	3000	1127.000000	
3000	3000	3500	3000	1127.000000	
3000	3000	3500	3000	1127.000000	
3000	3000	3500	3000	1127.000000	
3000	3000	3500	3000	1127.000000	
3000	3000	3500	3000	1127.000000	
3000	3000	3500	3000	1127.000000	
3000	3000	3500	3000	1127.000000	
3000	3000	3500	3000	1127.000000	
3000	3000	3500	3000	1127.000000	
3000	3000	3500	3000	1127.000000	
3000	3000	3500	3000	1127.000000	
3000	3000	3500	3000	1128.000000	
3000	3000	3500	3000	1128.000000	
3000	3000	3500	3000	1128.000000	
3000	3000	3500	3000	1128.000000	
3000	3000	3500	3000	1128.000000	
3000	3000	3500	3000	1128.000000	
3000	3000	3500	3000	1128.000000	
3000	3000	3500	3000	1128.000000	
3000	3000	3500	3000	1128.000000	
3000	3000	3500	3000	1128.000000	
3000	3000	3500	3000	1128.000000	
3000	3000	3500	3000	1128.000000	
3000	3000	3500	3000	1128.000000	
3000	3000	3500	3000	1128.000000	
3000	3000	3500	3000	1128.000000	
3000	3000	3500	3000	1128.000000	
3000	3000	3500	3000	1128.000000	
3000	3000	3500	3000	1128.000000	
3000	3000	3500	3000	1128.000000	
3000	3000	3500	3000	1128.000000	
3000	3000	3500	3000	1128.000000	
3000	3000	3500	3000	1128.000000	
3000	3000	3500	3000	1129.000000	
3000	3000	3500	3000	1129.000000	
3000	3000	3500	3000	1129.000000	
3000	3000	3500	3000	1129.000000	
3000	3000	3500	3000	1129.000000	
3000	3000	3500	3000	1129.000000	
3000	3000	3500	3000	1129.000000	
3000	3000	3500	3000	1129.000000	
3000	3000	3500	3000	1129.000000	
3000	3000	3500	3000	1129.000000	
3000	3000	3500	3000	1129.000000	
3000	3000	3500	3000	1129.000000	
3000	3000	3500	3000	1129.000000	
3247	3000	3500	3000	1129.000000	
3000	3000	3500	3000	1129.000000	
3000	3000	3500	3000	1129.000000	
3000	3000	3500	3000	1129.000000	
3000	3000	3500	3000	1129.000000	
3000	3000	3500	3000	1129.000000	
3000	3000	3500	3000	1129.000000	
3000	3000	3500	3000	1129.000000	
3000	3000	3500	3000	1129.000000	
3000	3000	3500	3000	1129.000000	
3000	3000	3500	3000	1130.000000	
3000	3000	3500	3000	1130.000000	
3000	3000	3500	3000	1130.000000	
3000	3000	3500	3000	1130.000000	
3000	3000	3500	3000	1130.000000	
3000	3000	3500	3000	1130.000000	
3000	3000	3500	3000	1130.000000	
3000	3000	3500	3000	1130.000000	
3000	3000	3500	3000	1130.000000	
3000	3000	3500	3000	1130.000000	
3000	3000	3500	3000	1130.000000	
3000	3000	3500	3000	1130.000000	
3298	3000	3500	3000	1130.000000	
3000	3000	3500	3000	1130.000000	
3000	3000	3500	3000	1130.000000	
3000	3000	3500	3000	1130.000000	
3000	3000	3500	3000	1130.000000	
3069	3000	3500	3000	1130.000000	
3000	3000	3500	3000	1130.000000	
3000	3000	3500	3000	1130.000000	
3000	3000	3500	3000	1130.000000	
3000	3000	3500	3000	1130.000000	
3000	3000	3500	3000	1130.000000	
3000	3000	3500	3000	1131.000000	
3000	3000	3500	3000	1131.000000	
3000	3000	3500	3000	1131.000000	
3000	3000	3500	3000	1131.000000	
3000	3000	3500	3000	1131.000000	
3000	3000	3500	3000	1131.000000	
3000	3000	3500	3000	1131.000000	
3000	3000	3500	3000	1131.000000	
3000	3000	3500	3000	1131.000000	
3000	3000	3500	3000	1131.000000	
3000	3000	3500	3000	1131.000000	
3000	3000	3500	3000	1131.000000	
3000	3000	3500	3000	1131.000000	
3000	3000	3500	3000	1131.000000	
3000	3000	3500	3000	1131.000000	
3000	3000	3500	3000	1131.000000	
3000	3000	3500	3000	1131.000000	
3000	3000	3500	3000	1131.000000	
3000	3000	3500	3000	1131.000000	
3000	3000	3500	3000	1131.000000	
3000	3000	3500	3000	1131.000000	
3000	3000	3500	3000	1131.000000	
3000	3000	3500	3000	1131.000000	
3000	3000	3500	3000	1132.000000	
3000	3000	3500	3000	1132.000000	
3000	3000	3500	3000	1132.000000	
3000	3000	3500	3000	1132.000000	
3000	3000	3500	3000	1132.000000	
3000	3000	3500	3000	1132.000000	
3220	3000	3500	3000	1132.000000	
3000	3000	3500	3000	1132.000000	
3000	3000	3500	3000	1132.000000	
3000	3000	3500	3000	1132.000000	
3000	3000	3500	3000	1132.000000	
3000	3000	3500	3000	1132.000000	
3000	3000	3500	3000	1132.000000	
3000	3000	3500	3000	1132.000000	
3000	3000	3500	3000	1132.000000	
3000	3000	3500	3000	1132.000000	
3000	3000	3500	3000	1132.000000	
3000	3000	3500	3000	1132.000000	
3000	3000	3500	3000	1132.000000	
3000	3000	3500	3000	1132.000000	
3000	3000	3500	3000	1132.000000	
3000	3000	3500	3000	1132.000000	
3000	3000	3500	3000	1132.000000	
3000	3000	3500	3000	1133.000000	
3000	3000	3500	3000	1133.000000	
3000	3000	3500	3000	1133.000000	
3000	3000	3500	3000	1133.000000	
3000	3000	3500	3000	1133.000000	
3000	3000	3500	3000	1133.000000	
3000	3000	3500	3000	1133.000000	
3000	3000	3500	3000	1133.000000	
3000	3000	3500	3000	1133.000000	
3000	3000	3500	3000	1133.000000	
3000	3000	3500	3000	1133.000000	
3000	3000	3500	3000	1133.000000	
3019	3000	3500	3000	1133.000000	
3000	3000	3500	3000	1133.000000	
3000	3000	3500	3000	1133.000000	
3000	3000	3500	3000	1133.000000	
3000	3000	3500	3000	1133.000000	
3000	3000	3500	3000	1133.000000	
3000	3000	3500	3000	1133.000000	
3254	3000	3500	3000	1133.000000	
3000	3000	3500	3000	1133.000000	
3000	3000	3500	3000	1133.000000	
3000	3000	3500	3000	1133.000000	
3000	3000	3500	3000	1134.000000	
3000	3000	3500	3000	1134.000000	
3000	3000	3500	3000	1134.000000	
3000	3000	3500	3000	1134.000000	
3000	3000	3500	3000	1134.000000	
3000	3000	3500	3000	1134.000000	
3000	3000	3500	3000	1134.000000	
3000	3000	3500	3000	1134.000000	
3000	3000	3500	3000	1134.000000	
3000	3000	3500	3000	1134.000000	
3000	3000	3500	3000	1134.000000	
3000	3000	3500	3000	1134.000000	
3000	3000	3500	3000	1134.000000	
3000	3000	3500	3000	1134.000000	
3000	3000	3500	3000	1134.000000	
3000	3000	3500	3000	1134.000000	
3000	3000	3500	3000	1134.000000	
3000	3000	3500	3000	1134.000000	
3000	3000	3500	3000	1134.000000	
3000	3000	3500	3000	1134.000000	
3000	3000	3500	3000	1134.000000	
3000	3000	3500	3000	1134.000000	
3000	3000	3500	3000	1134.000000	
3000	3000	3500	3000	1135.000000	
3000	3000	3500	3000	1135.000000	
3000	3000	3500	3000	1135.000000	
3000	3000	3500	3000	1135.000000	
3000	3000	3500	3000	1135.000000	
3000	3000	3500	3000	1135.000000	
3000	3000	3500	3000	1135.000000	
3075	3000	3500	3000	1135.000000	
3000	3000	3500	3000	1135.000000	
3000	3000	3500	3000	1135.000000	
3000	3000	3500	3000	1135.000000	
3000	3000	3500	3000	1135.000000	
3000	3000	3500	3000	1135.000000	
3000	3000	3500	3000	1135.000000	
3000	3000	3500	3000	1135.000000	
3000	3000	3500	3000	1135.000000	
3000	3000	3500	3000	1135.000000	
3000	3000	3500	3000	1135.000000	
3000	3000	3500	3000	1135.000000	
3000	3000	3500	3000	1135.000000	
3000	3000	3500	3000	1135.000000	
3000	3000	3500	3000	1135.000000	
3000	3000	3500	3000	1135.000000	
3000	3000	3500	3000	1136.000000	
3000	3000	3500	3000	1136.000000	
3000	3000	3500	3000	1136.000000	
3000	3000	3500	3000	1136.000000	
3000	3000	3500	3000	1136.000000	
3000	3000	3500	3000	1136.000000	
3000	3000	3500	3000	1136.000000	
3000	3000	3500	3000	1136.000000	
3405	3000	3500	3000	1136.000000	
3000	3000	3500	3000	1136.000000	
3000	3000	3500	3000	1136.000000	
3000	3000	3500	3000	1136.000000	
3000	3000	3500	3000	1136.000000	
3000	3000	3500	3000	1136.000000	
3000	3000	3500	3000	1136.000000	
3000	3000	3500	3000	1136.000000	
3000	3000	3500	3000	1136.000000	
3000	3000	3500	3000	1136.000000	
3000	3000	3500	3000	1136.000000	
3000	3000	3500	3000	1136.000000	
3000	3000	3500	3000	1136.000000	
3000	3000	3500	3000	1136.000000	
3000	3000	3500	3000	1137.000000	
3000	3000	3500	3000	1137.000000	
3000	3000	3500	3000	1137.000000	
3000	3000	3500	3000	1137.000000	
3000	3000	3500	3000	1137.000000	
3000	3000	3500	3000	1137.000000	
3000	3000	3500	3000	1137.000000	
3000	3000	3500	3000	1137.000000	
3000	3000	3500	3000	1137.000000	
3000	3000	3500	3000	1137.000000	
3000	3000	3500	3000	1137.000000	
3000	3000	3500	3000	1137.000000	
3000	3000	3500	3000	1137.000000	
3000	3000	3500	3000	1137.000000	
3000	3000	3500	3000	1137.000000	
3000	3000	3500	3000	1137.000000	
3000	3000	3500	3000	1137.000000	
3000	3000	3500	3000	1137.000000	
3000	3000	3500	3000	1137.000000	
3082	3000	3500	3000	1137.000000	
3000	3000	3500	3000	1137.000000	
3000	3000	3500	3000	1137.000000	
3000	3000	3500	3000	1137.000000	
3000	3000	3500	3000	1138.000000	
3000	3000	3500	3000	1138.000000	
3000	3000	3500	3000	1138.000000	
3000	3000	3500	3000	1138.000000	
3000	3000	3500	3000	1138.000000	
3000	3000	3500	3000	1138.000000	
3000	3000	3500	3000	1138.000000	
3000	3000	3500	3000	1138.000000	
3000	3000	3500	3000	1138.000000	
3000	3000	3500	3000	1138.000000	
3000	3000	3500	3000	1138.000000	
3000	3000	3500	3000	1138.000000	
3000	3000	3500	3000	1138.000000	
3000	3000	3500	3000	1138.000000	
3000	3000	3500	3000	1138.000000	
3000	3000	3500	3000	1138.000000	
3000	3000	3500	3000	1138.000000	
3000	3000	3500	3000	1138.000000	
3000	3000	3500	3000	1138.000000	
3000	3000	3500	3000	1138.000000	
3000	3000	3500	3000	1138.000000	
3000	3000	3500	3000	1138.000000	
3000	3000	3500	3000	1138.000000	
3000	3000	3500	3000	1139.000000	
3000	3000	3500	3000	1139.000000	
3000	3000	3500	3000	1139.000000	
3000	3000	3500	3000	1139.000000	
3000	3000	3500	3000	1139.000000	
3000	3000	3500	3000	1139.000000	
3000	3000	3500	3000	1139.000000	
3000	3000	3500	3000	1139.000000	
3000	3000	3500	3000	1139.000000	
3000	3000	3500	3000	1139.000000	
3000	3000	3500	3000	1139.000000	
3000	3000	3500	3000	1139.000000	
3000	3000	3500	3000	1139.000000	
3000	3000	3500	3000	1139.000000	
3128	3000	3500	3000	1139.000000	
3000	3000	3500	3000	1139.000000	
3000	3000	3500	3000	1139.000000	
3000	3000	3500	3000	1139.000000	
3000	3000	3500	3000	1139.000000	
3000	3000	3500	3000	1139.000000	
3000	3000	3500	3000	1139.000000	
3000	3000	3500	3000	1139.000000	
3000	3000	3500	3000	1139.000000	
3000	3000	3500	3000	1140.000000	
3000	3000	3500	3000	1140.000000	
3000	3000	3500	3000	1140.000000	
3000	3000	3500	3000	1140.000000	
3447	3000	3500	3000	1140.000000	
3000	3000	3500	3000	1140.000000	
3000	3000	3500	3000	1140.000000	
3000	3000	3500	3000	1140.000000	
3000	3000	3500	3000	1140.000000	
3000	3000	3500	3000	1140.000000	
3373	3000	3500	3000	1140.000000	
3000	3000	3500	3000	1140.000000	
3000	3000	3500	3000	1140.000000	
3000	3000	3500	3000	1140.000000	
3000	3000	3500	3000	1140.000000	
3000	3000	3500	3000	1140.000000	
3078	3000	3500	3000	1140.000000	
3000	3000	3500	3000	1140.000000	
3000	3000	3500	3000	1140.000000	
3000	3000	3500	3000	1140.000000	
3000	3000	3500	3000	1140.000000	
3000	3000	3500	3000	1140.000000	
3000	3000	3500	3000	1140.000000	
3000	3000	3500	3000	1141.000000	
3000	3000	3500	3000	1141.000000	
3000	3000	3500	3000	1141.000000	
3000	3000	3500	3000	1141.000000	
3000	3000	3500	3000	1141.000000	
3000	3000	3500	3000	1141.000000	
3000	3000	3500	3000	1141.000000	
3000	3000	3500	3000	1141.000000	
3000	3000	3500	3000	1141.000000	
3000	3000	3500	3000	1141.000000	
3000	3000	3500	3000	1141.000000	
3146	3000	3500	3000	1141.000000	
3481	3000	3500	3000	1141.000000	
3000	3000	3500	3000	1141.000000	
3000	3000	3500	3000	1141.000000	
3000	3000	3500	3000	1141.000000	
3000	3000	3500	3000	1141.000000	
3000	3000	3500	3000	1141.000000	
3000	3000	3500	3000	1141.000000	
3000	3000	3500	3000	1141.000000	
3000	3000	3500	3000	1141.000000	
3000	3000	3500	3000	1141.000000	
3000	3000	3500	3000	1141.000000	
3000	3000	3500	3000	1142.000000	
3000	3000	3500	3000	1142.000000	
3000	3000	3500	3000	1142.000000	
3000	3000	3500	3000	1142.000000	
3000	3000	3500	3000	1142.000000	
3000	3000	3500	3000	1142.000000	
3000	3000	3500	3000	1142.000000	
3000	3000	3500	3000	1142.000000	
3000	3000	3500	3000	1142.000000	
3000	3000	3500	3000	1142.000000	
3000	3000	3500	3000	1142.000000	
3000	3000	3500	3000	1142.000000	
3000	3000	3500	3000	1142.000000	
3000	3000	3500	3000	1142.000000	
3000	3000	3500	3000	1142.000000	
3000	3000	3500	3000	1142.000000	
3000	3000	3500	3000	1142.000000	
3000	3000	3500	3000	1142.000000	
3000	3000	3500	3000	1142.000000	
3000	3000	3500	3000	1142.000000	
3000	3000	3500	3000	1142.000000	
3000	3000	3500	3000	1142.000000	
3000	3000	3500	3000	1142.000000	
3000	3000	3500	3000	1143.000000	
3000	3000	3500	3000	1143.000000	
3000	3000	3500	3000	1143.000000	
3000	3000	3500	3000	1143.000000	
3000	3000	3500	3000	1143.000000	
3000	3000	3500	3000	1143.000000	
3000	3000	3500	3000	1143.000000	
3000	3000	3500	3000	1143.000000	
3000	3000	3500	3000	1143.000000	
3000	3000	3500	3000	1143.000000	
3000	3000	3500	3000	1143.000000	
3000	3000	3500	3000	1143.000000	
3000	3000	3500	3000	1143.000000	
3000	3000	3500	3000	1143.000000	
3000	3000	3500	3000	1143.000000	
3000	3000	3500	3000	1143.000000	
3000	3000	3500	3000	1143.000000	
3000	3000	3500	3000	1143.000000	
3000	3000	3500	3000	1143.000000	
3000	3000	3500	3000	1143.000000	
3252	3000	3500	3000	1143.000000	
3417	3000	3500	3000	1143.000000	
3000	3000	3500	3000	1143.000000	
3000	3000	3500	3000	1144.000000	
3000	3000	3500	3000	1144.000000	
3000	3000	3500	3000	1144.000000	
3420	3000	3500	3000	1144.000000	
3000	3000	3500	3000	1144.000000	
3000	3000	3500	3000	1144.000000	
3000	3000	3500	3000	1144.000000	
3000	3000	3500	3000	1144.000000	
3000	3000	3500	3000	1144.000000	
3000	3000	3500	3000	1144.000000	
3000	3000	3500	3000	1144.000000	
3000	3000	3500	3000	1144.000000	
3000	3000	3500	3000	1144.000000	
3000	3000	3500	3000	1144.000000	
3000	3000	3500	3000	1144.000000	
3000	3000	3500	3000	1144.000000	
3000	3000	3500	3000	1144.000000	
3000	3000	3500	3000	1144.000000	
3000	3000	3500	3000	1144.000000	
3000	3000	3500	3000	1144.000000	
3000	3000	3500	3000	1144.000000	
3000	3000	3500	3000	1144.000000	
3000	3000	3500	3000	1144.000000	
3000	3000	3500	3000	1145.000000	
3000	3000	3500	3000	1145.000000	
3347	3000	3500	3000	1145.000000	
3000	3000	3500	3000	1145.000000	
3000	3000	3500	3000	1145.000000	
3000	3000	3500	3000	1145.000000	
3000	3000	3500	3000	1145.000000	
3000	3000	3500	3000	1145.000000	
3000	3000	3500	3000	1145.000000	
3000	3000	3500	3000	1145.000000	
3000	3000	3500	3000	1145.000000	
3000	3000	3500	3000	1145.000000	
3000	3000	3500	3000	1145.000000	
3000	3000	3500	3000	1145.000000	
3000	3000	3500	3000	1145.000000	
3000	3000	3500	3000	1145.000000	
3000	3000	3500	3000	1145.000000	
3000	3000	3500	3000	1145.000000	
3000	3000	3500	3000	1145.000000	
3000	3000	3500	3000	1145.000000	
3000	3000	3500	3000	1145.000000	
3000	3000	3500	3000	1145.000000	
3000	3000	3500	3000	1146.000000	
3000	3000	3500	3000	1146.000000	
3000	3000	3500	3000	1146.000000	
3048	3000	3500	3000	1146.000000	
3000	3000	3500	3000	1146.000000	
3000	3000	3500	3000	1146.000000	
3000	3000	3500	3000	1146.000000	
3000	3000	3500	3000	1146.000000	
3000	3000	3500	3000	1146.000000	
3000	3000	3500	3000	1146.000000	
3000	3000	3500	3000	1146.000000	
3000	3000	3500	3000	1146.000000	
3000	3000	3500	3000	1146.000000	
3000	3000	3500	3000	1146.000000	
3000	3000	3500	3000	1146.000000	
3000	3000	3500	3000	1146.000000	
3000	3000	3500	3000	1146.000000	
3000	3000	3500	3000	1146.000000	
3000	3000	3500	3000	1146.000000	
3000	3000	3500	3000	1146.000000	
3000	3000	3500	3000	1146.000000	
3000	3000	3500	3000	1146.000000	
3000	3000	3500	3000	1146.000000	
3000	3000	3500	3000	1147.000000	
3000	3000	3500	3000	1147.000000	
3000	3000	3500	3000	1147.000000	
3000	3000	3500	3000	1147.000000	
3000	3000	3500	3000	1147.000000	
3031	3000	3500	3000	1147.000000	
3000	3000	3500	3000	1147.000000	
3303	3000	3500	3000	1147.000000	
3000	3000	3500	3000	1147.000000	
3000	3000	3500	3000	1147.000000	
3000	3000	3500	3000	1147.000000	
3000	3000	3500	3000	1147.000000	
3000	3000	3500	3000	1147.000000	
3000	3000	3500	3000	1147.000000	
3000	3000	3500	3000	1147.000000	
3000	3000	3500	3000	1147.000000	
3000	3000	3500	3000	1147.000000	
3000	3000	3500	3000	1147.000000	
3114	3000	3500	3000	1147.000000	
3000	3000	3500	3000	1147.000000	
3000	3000	3500	3000	1147.000000	
3000	3000	3500	3000	1147.000000	
3000	3000	3500	3000	1147.000000	
3000	3000	3500	3000	1148.000000	
3000	3000	3500	3000	1148.000000	
3000	3000	3500	3000	1148.000000	
3000	3000	3500	3000	1148.000000	
3000	3000	3500	3000	1148.000000	
3000	3000	3500	3000	1148.000000	
3000	3000	3500	3000	1148.000000	
3000	3000	3500	3000	1148.000000	
3000	3000	3500	3000	1148.000000	
3000	3000	3500	3000	1148.000000	
3000	3000	3500	3000	1148.000000	
3000	3000	3500	3000	1148.000000	
3000	3000	3500	3000	1148.000000	
3000	3000	3500	3000	1148.000000	
3000	3000	3500	3000	1148.000000	
3000	3000	3500	3000	1148.000000	
3000	3000	3500	3000	1148.000000	
3000	3000	3500	3000	1148.000000	
3000	3000	3500	3000	1148.000000	
3000	3000	3500	3000	1148.000000	
3000	3000	3500	3000	1148.000000	
3000	3000	3500	3000	1148.000000	
3239	3000	3500	3000	1148.000000	
3000	3000	3500	3000	1149.000000	
3000	3000	3500	3000	1149.000000	
3115	3000	3500	3000	1149.000000	
3000	3000	3500	3000	1149.000000	
3000	3000	3500	3000	1149.000000	
3000	3000	3500	3000	1149.000000	
3000	3000	3500	3000	1149.000000	
3000	3000	3500	3000	1149.000000	
3000	3000	3500	3000	1149.000000	
3000	3000	3500	3000	1149.000000	
3000	3000	3500	3000	1149.000000	
3000	3000	3500	3000	1149.000000	
3000	3000	3500	3000	1149.000000	
3000	3000	3500	3000	1149.000000	
3000	3000	3500	3000	1149.000000	
3000	3000	3500	3000	1149.000000	
3000	3000	3500	3000	1149.000000	
3000	3000	3500	3000	1149.000000	
3000	3000	3500	3000	1149.000000	
3000	3000	3500	3000	1149.000000	
3000	3000	3500	3000	1149.000000	
3000	3000	3500	3000	1149.000000	
3000	3000	3500	3000	1149.000000	
3000	3000	3500	3000	1150.000000	
3000	3000	3500	3000	1150.000000	
3000	3000	3500	3000	1150.000000	
3000	3000	3500	3000	1150.000000	
3000	3000	3500	3000	1150.000000	
3000	3000	3500	3000	1150.000000	
3000	3000	3500	3000	1150.000000	
3000	3000	3500	3000	1150.000000	
3000	3000	3500	3000	1150.000000	
3000	3000	3500	3000	1150.000000	
3000	3000	3500	3000	1150.000000	
3000	3000	3500	3000	1150.000000	
3000	3000	3500	3000	1150.000000	
3000	3000	3500	3000	1150.000000	
3000	3000	3500	3000	1150.000000	
3000	3000	3500	3000	1150.000000	
3000	3000	3500	3000	1150.000000	
3000	3000	3500	3000	1150.000000	
3000	3000	3500	3000	1150.000000	
3000	3000	3500	3000	1150.000000	
3000	3000	3500	3000	1150.000000	
3000	3000	3500	3000	1150.000000	
3000	3000	3500	3000	1150.000000	
3000	3000	3500	3000	1151.000000	
3000	3000	3500	3000	1151.000000	
3000	3000	3500	3000	1151.000000	
3000	3000	3500	3000	1151.000000	
3000	3000	3500	3000	1151.000000	
3000	3000	3500	3000	1151.000000	
3000	3000	3500	3000	1151.000000	
3139	3000	3500	3000	1151.000000	
3434	3000	3500	3000	1151.000000	
3243	3139	3500	3139	1144.000000	
3000	3139	3500	3139	1144.000000	
3000	3139	3500	3139	1144.000000	
3000	3000	3500	3000	1151.000000	
3000	3000	3500	3000	1151.000000	
3000	3000	3500	3000	1151.000000	
3000	3000	3500	3000	1151.000000	
3000	3000	3500	3000	1151.000000	
3000	3000	3500	3000	1151.000000	
3000	3000	3500	3000	1151.000000	
3000	3000	3500	3000	1151.000000	
3000	3000	3500	3000	1151.000000	
3000	3000	3500	3000	1151.000000	
3000	3000	3500	3000	1151.000000	
3356	3000	3500	3000	1151.000000	
3000	3000	3500	3000	1152.000000	
3000	3000	3500	3000	1152.000000	
3000	3000	3500	3000	1152.000000	
3294	3000	3500	3000	1152.000000	
3000	3000	3500	3000	1152.000000	
3034	3000	3500	3000	1152.000000	
3000	3000	3500	3000	1152.000000	
3000	3000	3500	3000	1152.000000	
3000	3000	3500	3000	1152.000000	
3000	3000	3500	3000	1152.000000	
3000	3000	3500	3000	1152.000000	
3000	3000	3500	3000	1152.000000	
3000	3000	3500	3000	1152.000000	
3000	3000	3500	3000	1152.000000	
3000	3000	3500	3000	1152.000000	
3000	3000	3500	3000	1152.000000	
3000	3000	3500	3000	1152.000000	
3000	3000	3500	3000	1152.000000	
3000	3000	3500	3000	1152.000000	
3000	3000	3500	3000	1152.000000	
3000	3000	3500	3000	1152.000000	
3000	3000	3500	3000	1152.000000	
3000	3000	3500	3000	1153.000000	
3000	3000	3500	3000	1153.000000	
3000	3000	3500	3000	1153.000000	
3000	3000	3500	3000	1153.000000	
3000	3000	3500	3000	1153.000000	
3000	3000	3500	3000	1153.000000	
3000	3000	3500	3000	1153.000000	
3000	3000	3500	3000	1153.000000	
3000	3000	3500	3000	1153.000000	
3316	3000	3500	3000	1153.000000	
3000	3000	3500	3000	1153.000000	
3000	3000	3500	3000	1153.000000	
3000	3000	3500	3000	1153.000000	
3000	3000	3500	3000	1153.000000	
3000	3000	3500	3000	1153.000000	
3000	3000	3500	3000	1153.000000	
3041	3000	3500	3000	1153.000000	
3000	3000	3500	3000	1153.000000	
3000	3000	3500	3000	1153.000000	
3000	3000	3500	3000	1153.000000	
3000	3000	3500	3000	1153.000000	
3000	3000	3500	3000	1153.000000	
3000	3000	3500	3000	1153.000000	
3000	3000	3500	3000	1154.000000	
3000	3000	3500	3000	1154.000000	
3000	3000	3500	3000	1154.000000	
3000	3000	3500	3000	1154.000000	
3000	3000	3500	3000	1154.000000	
3000	3000	3500	3000	1154.000000	
3000	3000	3500	3000	1154.000000	
3000	3000	3500	3000	1154.000000	
3000	3000	3500	3000	1154.000000	
3000	3000	3500	3000	1154.000000	
3000	3000	3500	3000	1154.000000	
3000	3000	3500	3000	1154.000000	
3000	3000	3500	3000	1154.000000	
3000	3000	3500	3000	1154.000000	
3000	3000	3500	3000	1154.000000	
3000	3000	3500	3000	1154.000000	
3000	3000	3500	3000	1154.000000	
3000	3000	3500	3000	1154.000000	
3000	3000	3500	3000	1154.000000	
3000	3000	3500	3000	1154.000000	
3000	3000	3500	3000	1154.000000	
3000	3000	3500	3000	1154.000000	
3000	3000	3500	3000	1154.000000	
3000	3000	3500	3000	1155.000000	
3000	3000	3500	3000	1155.000000	
3000	3000	3500	3000	1155.000000	
3000	3000	3500	3000	1155.000000	
3000	3000	3500	3000	1155.000000	
3000	3000	3500	3000	1155.000000	
3000	3000	3500	3000	1155.000000	
3000	3000	3500	3000	1155.000000	
3000	3000	3500	3000	1155.000000	
3000	3000	3500	3000	1155.000000	
3000	3000	3500	3000	1155.000000	
3000	3000	3500	3000	1155.000000	
3000	3000	3500	3000	1155.000000	
3000	3000	3500	3000	1155.000000	
3000	3000	3500	3000	1155.000000	
3000	3000	3500	3000	1155.000000	
3000	3000	3500	3000	1155.000000	
3000	3000	3500	3000	1155.000000	
3000	3000	3500	3000	1155.000000	
3000	3000	3500	3000	1155.000000	
3000	3000	3500	3000	1155.000000	
3000	3000	3500	3000	1155.000000	
3317	3000	3500	3000	1155.000000	
3000	3000	3500	3000	1156.000000	
3000	3000	3500	3000	1156.000000	
3000	3000	3500	3000	1156.000000	
3000	3000	3500	3000	1156.000000	
3000	3000	3500	3000	1156.000000	
3000	3000	3500	3000	1156.000000	
3000	3000	3500	3000	1156.000000	
3240	3000	3500	3000	1156.000000	
3000	3000	3500	3000	1156.000000	
3000	3000	3500	3000	1156.000000	
3000	3000	3500	3000	1156.000000	
3000	3000	3500	3000	1156.000000	
3000	3000	3500	3000	1156.000000	
3000	3000	3500	3000	1156.000000	
3000	3000	3500	3000	1156.000000	
3000	3000	3500	3000	1156.000000	
3000	3000	3500	3000	1156.000000	
3000	3000	3500	3000	1156.000000	
3000	3000	3500	3000	1156.000000	
3000	3000	3500	3000	1156.000000	
3000	3000	3500	3000	1156.000000	
3000	3000	3500	3000	1156.000000	
3000	3000	3500	3000	1156.000000	
3077	3000	3500	3000	1157.000000	
3000	3000	3500	3000	1157.000000	
3000	3000	3500	3000	1157.000000	
3000	3000	3500	3000	1157.000000	
3000	3000	3500	3000	1157.000000	
3105	3000	3500	3000	1157.000000	
3000	3000	3500	3000	1157.000000	
3000	3000	3500	3000	1157.000000	
3154	3000	3500	3000	1157.000000	
3000	3000	3500	3000	1157.000000	
3000	3000	3500	3000	1157.000000	
3000	3000	3500	3000	1157.000000	
3000	3000	3500	3000	1157.000000	
3000	3000	3500	3000	1157.000000	
3000	3000	3500	3000	1157.000000	
3000	3000	3500	3000	1157.000000	
3000	3000	3500	3000	1157.000000	
3000	3000	3500	3000	1157.000000	
3000	3000	3500	3000	1157.000000	
3000	3000	3500	3000	1157.000000	
3000	3000	3500	3000	1157.000000	
3000	3000	3500	3000	1157.000000	
3000	3000	3500	3000	1157.000000	
3000	3000	3500	3000	1158.000000	
3000	3000	3500	3000	1158.000000	
3000	3000	3500	3000	1158.000000	
3000	3000	3500	3000	1158.000000	
3000	3000	3500	3000	1158.000000	
3000	3000	3500	3000	1158.000000	
3000	3000	3500	3000	1158.000000	
3000	3000	3500	3000	1158.000000	
3000	3000	3500	3000	1158.000000	
3000	3000	3500	3000	1158.000000	
3000	3000	3500	3000	1158.000000	
3000	3000	3500	3000	1158.000000	
3000	3000	3500	3000	1158.000000	
3000	3000	3500	3000	1158.000000	
3000	3000	3500	3000	1158.000000	
3000	3000	3500	3000	1158.000000	
3000	3000	3500	3000	1158.000000	
3000	3000	3500	3000	1158.000000	
3000	3000	3500	3000	1158.000000	
3000	3000	3500	3000	1158.000000	
3000	3000	3500	3000	1158.000000	
3000	3000	3500	3000	1158.000000	
3000	3000	3500	3000	1158.000000	
3000	3000	3500	3000	1159.000000	
3000	3000	3500	3000	1159.000000	
3000	3000	3500	3000	1159.000000	
3000	3000	3500	3000	1159.000000	
3000	3000	3500	3000	1159.000000	
3000	3000	3500	3000	1159.000000	
3000	3000	3500	3000	1159.000000	
3000	3000	3500	3000	1159.000000	
3000	3000	3500	3000	1159.000000	
3000	3000	3500	3000	1159.000000	
3000	3000	3500	3000	1159.000000	
3000	3000	3500	3000	1159.000000	
3000	3000	3500	3000	1159.000000	
3000	3000	3500	3000	1159.000000	
3000	3000	3500	3000	1159.000000	
3000	3000	3500	3000	1159.000000	
3000	3000	3500	3000	1159.000000	
3000	3000	3500	3000	1159.000000	
3290	3000	3500	3000	1159.000000	
3000	3000	3500	3000	1159.000000	
3000	3000	3500	3000	1159.000000	
3000	3000	3500	3000	1159.000000	
3000	3000	3500	3000	1159.000000	
3000	3000	3500	3000	1160.000000	
3000	3000	3500	3000	1160.000000	
3000	3000	3500	3000	1160.000000	
3000	3000	3500	3000	1160.000000	
3000	3000	3500	3000	1160.000000	
3000	3000	3500	3000	1160.000000	
3000	3000	3500	3000	1160.000000	
3000	3000	3500	3000	1160.000000	
3000	3000	3500	3000	1160.000000	
3000	3000	3500	3000	1160.000000	
3000	3000	3500	3000	1160.000000	
3000	3000	3500	3000	1160.000000	
3000	3000	3500	3000	1160.000000	
3000	3000	3500	3000	1160.000000	
3000	3000	3500	3000	1160.000000	
3000	3000	3500	3000	1160.000000	
3000	3000	3500	3000	1160.000000	
3000	3000	3500	3000	1160.000000	
3000	3000	3500	3000	1160.000000	
3000	3000	3500	3000	1160.000000	
3000	3000	3500	3000	1160.000000	
3000	3000	3500	3000	1160.000000	
3000	3000	3500	3000	1161.000000	
3000	3000	3500	3000	1161.000000	
3000	3000	3500	3000	1161.000000	
3000	3000	3500	3000	1161.000000	
3000	3000	3500	3000	1161.000000	
3000	3000	3500	3000	1161.000000	
3000	3000	3500	3000	1161.000000	
3000	3000	3500	3000	1161.000000	
3000	3000	3500	3000	1161.000000	
3000	3000	3500	3000	1161.000000	
3000	3000	3500	3000	1161.000000	
3000	3000	3500	3000	1161.000000	
3000	3000	3500	3000	1161.000000	
3000	3000	3500	3000	1161.000000	
3000	3000	3500	3000	1161.000000	
3154	3000	3500	3000	1161.000000	
3000	3000	3500	3000	1161.000000	
3000	3000	3500	3000	1161.000000	
3000	3000	3500	3000	1161.000000	
3000	3000	3500	3000	1161.000000	
3000	3000	3500	3000	1161.000000	
3000	3000	3500	3000	1161.000000	
3000	3000	3500	3000	1161.000000	
3000	3000	3500	3000	1162.000000	
3000	3000	3500	3000	1162.000000	
3000	3000	3500	3000	1162.000000	
3000	3000	3500	3000	1162.000000	
3000	3000	3500	3000	1162.000000	
3000	3000	3500	3000	1162.000000	
3000	3000	3500	3000	1162.000000	
3000	3000	3500	3000	1162.000000	
3000	3000	3500	3000	1162.000000	
3081	3000	3500	3000	1162.000000	
3000	3000	3500	3000	1162.000000	
3000	3000	3500	3000	1162.000000	
3000	3000	3500	3000	1162.000000	
3000	3000	3500	3000	1162.000000	
3000	3000	3500	3000	1162.000000	
3000	3000	3500	3000	1162.000000	
3000	3000	3500	3000	1162.000000	
3000	3000	3500	3000	1162.000000	
3000	3000	3500	3000	1162.000000	
3000	3000	3500	3000	1162.000000	
3000	3000	3500	3000	1162.000000	
3000	3000	3500	3000	1162.000000	
3000	3000	3500	3000	1162.000000	
3000	3000	3500	3000	1163.000000	
3342	3000	3500	3000	1163.000000	
3000	3000	3500	3000	1163.000000	
3000	3000	3500	3000	1163.000000	
3000	3000	3500	3000	1163.000000	
3000	3000	3500	3000	1163.000000	
3000	3000	3500	3000	1163.000000	
3000	3000	3500	3000	1163.000000	
3000	3000	3500	3000	1163.000000	
3000	3000	3500	3000	1163.000000	
3000	3000	3500	3000	1163.000000	
3000	3000	3500	3000	1163.000000	
3000	3000	3500	3000	1163.000000	
3000	3000	3500	3000	1163.000000	
3000	3000	3500	3000	1163.000000	
3000	3000	3500	3000	1163.000000	
3000	3000	3500	3000	1163.000000	
3000	3000	3500	3000	1163.000000	
3000	3000	3500	3000	1163.000000	
3000	3000	3500	3000	1163.000000	
3000	3000	3500	3000	1163.000000	
3000	3000	3500	3000	1163.000000	
3000	3000	3500	3000	1163.000000	
3000	3000	3500	3000	1164.000000	
3000	3000	3500	3000	1164.000000	
3000	3000	3500	3000	1164.000000	
3000	3000	3500	3000	1164.000000	
3000	3000	3500	3000	1164.000000	
3000	3000	3500	3000	1164.000000	
3212	3000	3500	3000	1164.000000	
3000	3000	3500	3000	1164.000000	
3000	3000	3500	3000	1164.000000	
3000	3000	3500	3000	1164.000000	
3000	3000	3500	3000	1164.000000	
3000	3000	3500	3000	1164.000000	
3000	3000	3500	3000	1164.000000	
3000	3000	3500	3000	1164.000000	
3000	3000	3500	3000	1164.000000	
3000	3000	3500	3000	1164.000000	
3000	3000	3500	3000	1164.000000	
3000	3000	3500	3000	1164.000000	
3000	3000	3500	3000	1164.000000	
3000	3000	3500	3000	1164.000000	
3000	3000	3500	3000	1164.000000	
3000	3000	3500	3000	1164.000000	
3000	3000	3500	3000	1164.000000	
3000	3000	3500	3000	1165.000000	
3000	3000	3500	3000	1165.000000	
3000	3000	3500	3000	1165.000000	
3000	3000	3500	3000	1165.000000	
3000	3000	3500	3000	1165.000000	
3000	3000	3500	3000	1165.000000	
3000	3000	3500	3000	1165.000000	
3000	3000	3500	3000	1165.000000	
3359	3000	3500	3000	1165.000000	
3089	3000	3500	3000	1165.000000	
3000	3000	3500	3000	1165.000000	
3000	3000	3500	3000	1165.000000	
3000	3000	3500	3000	1165.000000	
3000	3000	3500	3000	1165.000000	
3000	3000	3500	3000	1165.000000	
3000	3000	3500	3000	1165.000000	
3000	3000	3500	3000	1165.000000	
3000	3000	3500	3000	1165.000000	
3000	3000	3500	3000	1165.000000	
3000	3000	3500	3000	1165.000000	
3000	3000	3500	3000	1165.000000	
3000	3000	3500	3000	1165.000000	
3000	3000	3500	3000	1165.000000	
3000	3000	3500	3000	1166.000000	
3000	3000	3500	3000	1166.000000	
3000	3000	3500	3000	1166.000000	
3000	3000	3500	3000	1166.000000	
3000	3000	3500	3000	1166.000000	
3000	3000	3500	3000	1166.000000	
3000	3000	3500	3000	1166.000000	
3000	3000	3500	3000	1166.000000	
3000	3000	3500	3000	1166.000000	
3000	3000	3500	3000	1166.000000	
3000	3000	3500	3000	1166.000000	
3000	3000	3500	3000	1166.000000	
3000	3000	3500	3000	1166.000000	
3000	3000	3500	3000	1166.000000	
3000	3000	3500	3000	1166.000000	
3000	3000	3500	3000	1166.000000	
3000	3000	3500	3000	1166.000000	
3000	3000	3500	3000	1166.000000	
3000	3000	3500	3000	1166.000000	
3000	3000	3500	3000	1166.000000	
3000	3000	3500	3000	1166.000000	
3000	3000	3500	3000	1166.000000	
3000	3000	3500	3000	1166.000000	
3000	3000	3500	3000	1167.000000	
3000	3000	3500	3000	1167.000000	
3000	3000	3500	3000	1167.000000	
3000	3000	3500	3000	1167.000000	
3000	3000	3500	3000	1167.000000	
3000	3000	3500	3000	1167.000000	
3000	3000	3500	3000	1167.000000	
3000	3000	3500	3000	1167.000000	
3000	3000	3500	3000	1167.000000	
3000	3000	3500	3000	1167.000000	
3000	3000	3500	3000	1167.000000	
3000	3000	3500	3000	1167.000000	
3000	3000	3500	3000	1167.000000	
3000	3000	3500	3000	1167.000000	
3023	3000	3500	3000	1167.000000	
3000	3000	3500	3000	1167.000000	
3000	3000	3500	3000	1167.000000	
3000	3000	3500	3000	1167.000000	
3000	3000	3500	3000	1167.000000	
3000	3000	3500	3000	1167.000000	
3000	3000	3500	3000	1167.000000	
3000	3000	3500	3000	1167.000000	
3000	3000	3500	3000	1167.000000	
3000	3000	3500	3000	1168.000000	
3000	3000	3500	3000	1168.000000	
3000	3000	3500	3000	1168.000000	
3000	3000	3500	3000	1168.000000	
3000	3000	3500	3000	1168.000000	
3000	3000	3500	3000	1168.000000	
3000	3000	3500	3000	1168.000000	
3000	3000	3500	3000	1168.000000	
3000	3000	3500	3000	1168.000000	
3000	3000	3500	3000	1168.000000	
3000	3000	3500	3000	1168.000000	
3470	3000	3500	3000	1168.000000	
3000	3000	3500	3000	1168.000000	
3000	3000	3500	3000	1168.000000	
3000	3000	3500	3000	1168.000000	
3000	3000	3500	3000	1168.000000	
3000	3000	3500	3000	1168.000000	
3000	3000	3500	3000	1168.000000	
3000	3000	3500	3000	1168.000000	
3000	3000	3500	3000	1168.000000	
3000	3000	3500	3000	1168.000000	
3000	3000	3500	3000	1168.000000	
3000	3000	3500	3000	1168.000000	
3000	3000	3500	3000	1169.000000	
3000	3000	3500	3000	1169.000000	
3000	3000	3500	3000	1169.000000	
3000	3000	3500	3000	1169.000000	
3000	3000	3500	3000	1169.000000	
3223	3000	3500	3000	1169.000000	
3000	3000	3500	3000	1169.000000	
3000	3000	3500	3000	1169.000000	
3000	3000	3500	3000	1169.000000	
3000	3000	3500	3000	1169.000000	
3000	3000	3500	3000	1169.000000	
3000	3000	3500	3000	1169.000000	
3000	3000	3500	3000	1169.000000	
3000	3000	3500	3000	1169.000000	
3000	3000	3500	3000	1169.000000	
3000	3000	3500	3000	1169.000000	
3000	3000	3500	3000	1169.000000	
3000	3000	3500	3000	1169.000000	
3000	3000	3500	3000	1169.000000	
3000	3000	3500	3000	1169.000000	
3000	3000	3500	3000	1169.000000	
3000	3000	3500	3000	1169.000000	
3000	3000	3500	3000	1170.000000	
3000	3000	3500	3000	1170.000000	
3000	3000	3500	3000	1170.000000	
3000	3000	3500	3000	1170.000000	
3000	3000	3500	3000	1170.000000	
3000	3000	3500	3000	1170.000000	
3000	3000	3500	3000	1170.000000	
3000	3000	3500	3000	1170.000000	
3236	3000	3500	3000	1170.000000	
3000	3000	3500	3000	1170.000000	
3000	3000	3500	3000	1170.000000	
3262	3000	3500	3000	1170.000000	
3000	3000	3500	3000	1170.000000	
3000	3000	3500	3000	1170.000000	
3000	3000	3500	3000	1170.000000	
3000	3000	3500	3000	1170.000000	
3000	3000	3500	3000	1170.000000	
3000	3000	3500	3000	1170.000000	
3000	3000	3500	3000	1170.000000	
3374	3000	3500	3000	1170.000000	
3000	3000	3500	3000	1170.000000	
3000	3000	3500	3000	1170.000000	
3000	3000	3500	3000	1170.000000	
3000	3000	3500	3000	1171.000000	
3000	3000	3500	3000	1171.000000	
3000	3000	3500	3000	1171.000000	
3000	3000	3500	3000	1171.000000	
3000	3000	3500	3000	1171.000000	
3000	3000	3500	3000	1171.000000	
3000	3000	3500	3000	1171.000000	
3000	3000	3500	3000	1171.000000	
3000	3000	3500	3000	1171.000000	
3000	3000	3500	3000	1171.000000	
3000	3000	3500	3000	1171.000000	
3000	3000	3500	3000	1171.000000	
3000	3000	3500	3000	1171.000000	
3448	3000	3500	3000	1171.000000	
3000	3000	3500	3000	1171.000000	
3000	3000	3500	3000	1171.000000	
3000	3000	3500	3000	1171.000000	
3000	3000	3500	3000	1171.000000	
3000	3000	3500	3000	1171.000000	
3000	3000	3500	3000	1171.000000	
3000	3000	3500	3000	1171.000000	
3000	3000	3500	3000	1171.000000	
3000	3000	3500	3000	1171.000000	
3017	3000	3500	3000	1172.000000	
3000	3000	3500	3000	1172.000000	
3000	3000	3500	3000	1172.000000	
3000	3000	3500	3000	1172.000000	
3091	3000	3500	3000	1172.000000	
3000	3000	3500	3000	1172.000000	
3000	3000	3500	3000	1172.000000	
3000	3000	3500	3000	1172.000000	
3000	3000	3500	3000	1172.000000	
3000	3000	3500	3000	1172.000000	
3000	3000	3500	3000	1172.000000	
3000	3000	3500	3000	1172.000000	
3000	3000	3500	3000	1172.000000	
3000	3000	3500	3000	1172.000000	
3000	3000	3500	3000	1172.000000	
3000	3000	3500	3000	1172.000000	
3000	3000	3500	3000	1172.000000	
3000	3000	3500	3000	1172.000000	
3000	3000	3500	3000	1172.000000	
3000	3000	3500	3000	1172.000000	
3000	3000	3500	3000	1172.000000	
3000	3000	3500	3000	1172.000000	
3000	3000	3500	3000	1172.000000	
3000	3000	3500	3000	1173.000000	
3000	3000	3500	3000	1173.000000	
3000	3000	3500	3000	1173.000000	
3000	3000	3500	3000	1173.000000	
3191	3000	3500	3000	1173.000000	
3000	3000	3500	3000	1173.000000	
3000	3000	3500	3000	1173.000000	
3000	3000	3500	3000	1173.000000	
3000	3000	3500	3000	1173.000000	
3000	3000	3500	3000	1173.000000	
3000	3000	3500	3000	1173.000000	
3000	3000	3500	3000	1173.000000	
3000	3000	3500	3000	1173.000000	
3000	3000	3500	3000	1173.000000	
3000	3000	3500	3000	1173.000000	
3000	3000	3500	3000	1173.000000	
3000	3000	3500	3000	1173.000000	
3000	3000	3500	3000	1173.000000	
3000	3000	3500	3000	1173.000000	
3000	3000	3500	3000	1173.000000	
3000	3000	3500	3000	1173.000000	
3000	3000	3500	3000	1173.000000	
3243	3000	3500	3000	1173.000000	
3000	3000	3500	3000	1174.000000	
3000	3000	3500	3000	1174.000000	
3000	3000	3500	3000	1174.000000	
3000	3000	3500	3000	1174.000000	
3000	3000	3500	3000	1174.000000	
3000	3000	3500	3000	1174.000000	
3000	3000	3500	3000	1174.000000	
3000	3000	3500	3000	1174.000000	
3000	3000	3500	3000	1174.000000	
3000	3000	3500	3000	1174.000000	
3371	3000	3500	3000	1174.000000	
3000	3000	3500	3000	1174.000000	
3000	3000	3500	3000	1174.000000	
3000	3000	3500	3000	1174.000000	
3000	3000	3500	3000	1174.000000	
3000	3000	3500	3000	1174.000000	
3000	3000	3500	3000	1174.000000	
3000	3000	3500	3000	1174.000000	
3000	3000	3500	3000	1174.000000	
3000	3000	3500	3000	1174.000000	
3361	3000	3500	3000	1174.000000	
3000	3000	3500	3000	1174.000000	
3000	3000	3500	3000	1174.000000	
3000	3000	3500	3000	1175.000000	
3000	3000	3500	3000	1175.000000	
3000	3000	3500	3000	1175.000000	
3000	3000	3500	3000	1175.000000	
3000	3000	3500	3000	1175.000000	
3000	3000	3500	3000	1175.000000	
3000	3000	3500	3000	1175.000000	
3000	3000	3500	3000	1175.000000	
3000	3000	3500	3000	1175.000000	
3000	3000	3500	3000	1175.000000	
3000	3000	3500	3000	1175.000000	
3000	3000	3500	3000	1175.000000	
3000	3000	3500	3000	1175.000000	
3000	3000	3500	3000	1175.000000	
3000	3000	3500	3000	1175.000000	
3076	3000	3500	3000	1175.000000	
3000	3000	3500	3000	1175.000000	
3000	3000	3500	3000	1175.000000	
3000	3000	3500	3000	1175.000000	
3000	3000	3500	3000	1175.000000	
3000	3000	3500	3000	1175.000000	
3000	3000	3500	3000	1175.000000	
3000	3000	3500	3000	1175.000000	
3000	3000	3500	3000	1176.000000	
3000	3000	3500	3000	1176.000000	
3000	3000	3500	3000	1176.000000	
3000	3000	3500	3000	1176.000000	
3000	3000	3500	3000	1176.000000	
3000	3000	3500	3000	1176.000000	
3000	3000	3500	3000	1176.000000	
3000	3000	3500	3000	1176.000000	
3000	3000	3500	3000	1176.000000	
3000	3000	3500	3000	1176.000000	
3000	3000	3500	3000	1176.000000	
3000	3000	3500	3000	1176.000000	
3421	3000	3500	3000	1176.000000	
3000	3000	3500	3000	1176.000000	
3000	3000	3500	3000	1176.000000	
3000	3000	3500	3000	1176.000000	
3000	3000	3500	3000	1176.000000	
3000	3000	3500	3000	1176.000000	
3000	3000	3500	3000	1176.000000	
3000	3000	3500	3000	1176.000000	
3000	3000	3500	3000	1176.000000	
3483	3000	3500	3000	1176.000000	
3000	3000	3500	3000	1176.000000	
3000	3000	3500	3000	1177.000000	
3000	3000	3500	3000	1177.000000	
3000	3000	3500	3000	1177.000000	
3000	3000	3500	3000	1177.000000	
3000	3000	3500	3000	1177.000000	
3000	3000	3500	3000	1177.000000	
3346	3000	3500	3000	1177.000000	
3000	3000	3500	3000	1177.000000	
3000	3000	3500	3000	1177.000000	
3000	3000	3500	3000	1177.000000	
3000	3000	3500	3000	1177.000000	
3000	3000	3500	3000	1177.000000	
3000	3000	3500	3000	1177.000000	
3000	3000	3500	3000	1177.000000	
3000	3000	3500	3000	1177.000000	
3000	3000	3500	3000	1177.000000	
3000	3000	3500	3000	1177.000000	
3000	3000	3500	3000	1177.000000	
3000	3000	3500	3000	1177.000000	
3000	3000	3500	3000	1177.000000	
3000	3000	3500	3000	1177.000000	
3000	3000	3500	3000	1177.000000	
3000	3000	3500	3000	1178.000000	
3000	3000	3500	3000	1178.000000	
3000	3000	3500	3000	1178.000000	
3000	3000	3500	3000	1178.000000	
3000	3000	3500	3000	1178.000000	
3000	3000	3500	3000	1178.000000	
3000	3000	3500	3000	1178.000000	
3000	3000	3500	3000	1178.000000	
3000	3000	3500	3000	1178.000000	
3000	3000	3500	3000	1178.000000	
3000	3000	3500	3000	1178.000000	
3000	3000	3500	3000	1178.000000	
3000	3000	3500	3000	1178.000000	
3000	3000	3500	3000	1178.000000	
3000	3000	3500	3000	1178.000000	
3000	3000	3500	3000	1178.000000	
3000	3000	3500	3000	1178.000000	
3000	3000	3500	3000	1178.000000	
3000	3000	3500	3000	1178.000000	
3000	3000	3500	3000	1178.000000	
3000	3000	3500	3000	1178.000000	
3000	3000	3500	3000	1178.000000	
3000	3000	3500	3000	1178.000000	
3000	3000	3500	3000	1179.000000	
3000	3000	3500	3000	1179.000000	
3257	3000	3500	3000	1179.000000	
3000	3000	3500	3000	1179.000000	
3000	3000	3500	3000	1179.000000	
3000	3000	3500	3000	1179.000000	
3000	3000	3500	3000	1179.000000	
3000	3000	3500	3000	1179.000000	
3000	3000	3500	3000	1179.000000	
3000	3000	3500	3000	1179.000000	
3000	3000	3500	3000	1179.000000	
3000	3000	3500	3000	1179.000000	
3000	3000	3500	3000	1179.000000	
3000	3000	3500	3000	1179.000000	
3000	3000	3500	3000	1179.000000	
3000	3000	3500	3000	1179.000000	
3000	3000	3500	3000	1179.000000	
3000	3000	3500	3000	1179.000000	
3000	3000	3500	3000	1179.000000	
3000	3000	3500	3000	1179.000000	
3000	3000	3500	3000	1179.000000	
3000	3000	3500	3000	1179.000000	
3000	3000	3500	3000	1179.000000	
3000	3000	3500	3000	1180.000000	
3000	3000	3500	3000	1180.000000	
3000	3000	3500	3000	1180.000000	
3000	3000	3500	3000	1180.000000	
3000	3000	3500	3000	1180.000000	
3000	3000	3500	3000	1180.000000	
3000	3000	3500	3000	1180.000000	
3000	3000	3500	3000	1180.000000	
3000	3000	3500	3000	1180.000000	
3000	3000	3500	3000	1180.000000	
3000	3000	3500	3000	1180.000000	
3000	3000	3500	3000	1180.000000	
3000	3000	3500	3000	1180.000000	
3000	3000	3500	3000	1180.000000	
3000	3000	3500	3000	1180.000000	
3463	3000	3500	3000	1180.000000	
3000	3000	3500	3000	1180.000000	
3000	3000	3500	3000	1180.000000	
3000	3000	3500	3000	1180.000000	
3000	3000	3500	3000	1180.000000	
3000	3000	3500	3000	1180.000000	
3000	3000	3500	3000	1180.000000	
3000	3000	3500	3000	1180.000000	
3000	3000	3500	3000	1181.000000	
3000	3000	3500	3000	1181.000000	
3000	3000	3500	3000	1181.000000	
3000	3000	3500	3000	1181.000000	
3000	3000	3500	3000	1181.000000	
3000	3000	3500	3000	1181.000000	
3000	3000	3500	3000	1181.000000	
3000	3000	3500	3000	1181.000000	
3000	3000	3500	3000	1181.000000	
3000	3000	3500	3000	1181.000000	
3000	3000	3500	3000	1181.000000	
3000	3000	3500	3000	1181.000000	
3000	3000	3500	3000	1181.000000	
3000	3000	3500	3000	1181.000000	
3000	3000	3500	3000	1181.000000	
3000	3000	3500	3000	1181.000000	
3000	3000	3500	3000	1181.000000	
3000	3000	3500	3000	1181.000000	
3000	3000	3500	3000	1181.000000	
3000	3000	3500	3000	1181.000000	
3462	3000	3500	3000	1181.000000	
3000	3000	3500	3000	1181.000000	
3000	3000	3500	3000	1181.000000	
3000	3000	3500	3000	1182.000000	
3000	3000	3500	3000	1182.000000	
3000	3000	3500	3000	1182.000000	
3000	3000	3500	3000	1182.000000	
3000	3000	3500	3000	1182.000000	
3000	3000	3500	3000	1182.000000	
3000	3000	3500	3000	1182.000000	
3000	3000	3500	3000	1182.000000	
3000	3000	3500	3000	1182.000000	
3000	3000	3500	3000	1182.000000	
3000	3000	3500	3000	1182.000000	
3000	3000	3500	3000	1182.000000	
3000	3000	3500	3000	1182.000000	
3000	3000	3500	3000	1182.000000	
3000	3000	3500	3000	1182.000000	
3000	3000	3500	3000	1182.000000	
3000	3000	3500	3000	1182.000000	
3000	3000	3500	3000	1182.000000	
3000	3000	3500	3000	1182.000000	
3000	3000	3500	3000	1182.000000	
3000	3000	3500	3000	1182.000000	
3000	3000	3500	3000	1182.000000	
3000	3000	3500	3000	1182.000000	
3000	3000	3500	3000	1183.000000	
3000	3000	3500	3000	1183.000000	
3000	3000	3500	3000	1183.000000	
3000	3000	3500	3000	1183.000000	
3000	3000	3500	3000	1183.000000	
3000	3000	3500	3000	1183.000000	
3000	3000	3500	3000	1183.000000	
3000	3000	3500	3000	1183.000000	
3000	3000	3500	3000	1183.000000	
3000	3000	3500	3000	1183.000000	
3000	3000	3500	3000	1183.000000	
3000	3000	3500	3000	1183.000000	
3000	3000	3500	3000	1183.000000	
3000	3000	3500	3000	1183.000000	
3000	3000	3500	3000	1183.000000	
3000	3000	3500	3000	1183.000000	
3351	3000	3500	3000	1183.000000	
3000	3000	3500	3000	1183.000000	
3000	3000	3500	3000	1183.000000	
3000	3000	3500	3000	1183.000000	
3000	3000	3500	3000	1183.000000	
3000	3000	3500	3000	1183.000000	
3000	3000	3500	3000	1183.000000	
3000	3000	3500	3000	1184.000000	
3000	3000	3500	3000	1184.000000	
3000	3000	3500	3000	1184.000000	
3172	3000	3500	3000	1184.000000	
3000	3000	3500	3000	1184.000000	
3000	3000	3500	3000	1184.000000	
3000	3000	3500	3000	1184.000000	
3000	3000	3500	3000	1184.000000	
3000	3000	3500	3000	1184.000000	
3000	3000	3500	3000	1184.000000	
3000	3000	3500	3000	1184.000000	
3000	3000	3500	3000	1184.000000	
3000	3000	3500	3000	1184.000000	
3000	3000	3500	3000	1184.000000	
3000	3000	3500	3000	1184.000000	
3000	3000	3500	3000	1184.000000	
3000	3000	3500	3000	1184.000000	
3000	3000	3500	3000	1184.000000	
3000	3000	3500	3000	1184.000000	
3000	3000	3500	3000	1184.000000	
3000	3000	3500	3000	1184.000000	
3000	3000	3500	3000	1184.000000	
3000	3000	3500	3000	1184.000000	
3000	3000	3500	3000	1185.000000	
3000	3000	3500	3000	1185.000000	
3000	3000	3500	3000	1185.000000	
3000	3000	3500	3000	1185.000000	
3382	3000	3500	3000	1185.000000	
3000	3000	3500	3000	1185.000000	
3000	3000	3500	3000	1185.000000	
3000	3000	3500	3000	1185.000000	
3000	3000	3500	3000	1185.000000	
3000	3000	3500	3000	1185.000000	
3000	3000	3500	3000	1185.000000	
3000	3000	3500	3000	1185.000000	
3000	3000	3500	3000	1185.000000	
3000	3000	3500	3000	1185.000000	
3000	3000	3500	3000	1185.000000	
3000	3000	3500	3000	1185.000000	
3000	3000	3500	3000	1185.000000	
3000	3000	3500	3000	1185.000000	
3000	3000	3500	3000	1185.000000	
3000	3000	3500	3000	1185.000000	
3000	3000	3500	3000	1185.000000	
3000	3000	3500	3000	1185.000000	
3000	3000	3500	3000	1185.000000	
3000	3000	3500	3000	1186.000000	
3000	3000	3500	3000	1186.000000	
3000	3000	3500	3000	1186.000000	
3000	3000	3500	3000	1186.000000	
3000	3000	3500	3000	1186.000000	
3000	3000	3500	3000	1186.000000	
3000	3000	3500	3000	1186.000000	
3000	3000	3500	3000	1186.000000	
3000	3000	3500	3000	1186.000000	
3000	3000	3500	3000	1186.000000	
3000	3000	3500	3000	1186.000000	
3000	3000	3500	3000	1186.000000	
3403	3000	3500	3000	1186.000000	
3000	3000	3500	3000	1186.000000	
3000	3000	3500	3000	1186.000000	
3000	3000	3500	3000	1186.000000	
3000	3000	3500	3000	1186.000000	
3196	3000	3500	3000	1186.000000	
3000	3000	3500	3000	1186.000000	
3000	3000	3500	3000	1186.000000	
3000	3000	3500	3000	1186.000000	
3000	3000	3500	3000	1186.000000	
3000	3000	3500	3000	1187.000000	
3000	3000	3500	3000	1187.000000	
3000	3000	3500	3000	1187.000000	
3000	3000	3500	3000	1187.000000	
3000	3000	3500	3000	1187.000000	
3000	3000	3500	3000	1187.000000	
3000	3000	3500	3000	1187.000000	
3000	3000	3500	3000	1187.000000	
3000	3000	3500	3000	1187.000000	
3000	3000	3500	3000	1187.000000	
3000	3000	3500	3000	1187.000000	
3000	3000	3500	3000	1187.000000	
3000	3000	3500	3000	1187.000000	
3000	3000	3500	3000	1187.000000	
3000	3000	3500	3000	1187.000000	
3000	3000	3500	3000	1187.000000	
3000	3000	3500	3000	1187.000000	
3000	3000	3500	3000	1187.000000	
3035	3000	3500	3000	1187.000000	
3000	3000	3500	3000	1187.000000	
3000	3000	3500	3000	1187.000000	
3000	3000	3500	3000	1187.000000	
3000	3000	3500	3000	1187.000000	
3000	3000	3500	3000	1188.000000	
3000	3000	3500	3000	1188.000000	
3000	3000	3500	3000	1188.000000	
3000	3000	3500	3000	1188.000000	
3000	3000	3500	3000	1188.000000	
3000	3000	3500	3000	1188.000000	
3000	3000	3500	3000	1188.000000	
3065	3000	3500	3000	1188.000000	
3000	3000	3500	3000	1188.000000	
3000	3000	3500	3000	1188.000000	
3000	3000	3500	3000	1188.000000	
3000	3000	3500	3000	1188.000000	
3000	3000	3500	3000	1188.000000	
3000	3000	3500	3000	1188.000000	
3000	3000	3500	3000	1188.000000	
3000	3000	3500	3000	1188.000000	
3000	3000	3500	3000	1188.000000	
3000	3000	3500	3000	1188.000000	
3000	3000	3500	3000	1188.000000	
3000	3000	3500	3000	1188.000000	
3000	3000	3500	3000	1188.000000	
3000	3000	3500	3000	1188.000000	
3071	3000	3500	3000	1188.000000	
3000	3000	3500	3000	1189.000000	
3000	3000	3500	3000	1189.000000	
3000	3000	3500	3000	1189.000000	
3000	3000	3500	3000	1189.000000	
3000	3000	3500	3000	1189.000000	
3000	3000	3500	3000	1189.000000	
3000	3000	3500	3000	1189.000000	
3000	3000	3500	3000	1189.000000	
3000	3000	3500	3000	1189.000000	
3000	3000	3500	3000	1189.000000	
3000	3000	3500	3000	1189.000000	
3000	3000	3500	3000	1189.000000	
3000	3000	3500	3000	1189.000000	
3000	3000	3500	3000	1189.000000	
3000	3000	3500	3000	1189.000000	
3000	3000	3500	3000	1189.000000	
3000	3000	3500	3000	1189.000000	
3000	3000	3500	3000	1189.000000	
3000	3000	3500	3000	1189.000000	
3000	3000	3500	3000	1189.000000	
3000	3000	3500	3000	1189.000000	
3000	3000	3500	3000	1189.000000	
3000	3000	3500	3000	1189.000000	
3000	3000	3500	3000	1190.000000	
3000	3000	3500	3000	1190.000000	
3000	3000	3500	3000	1190.000000	
3000	3000	3500	3000	1190.000000	
3000	3000	3500	3000	1190.000000	
3000	3000	3500	3000	1190.000000	
3000	3000	3500	3000	1190.000000	
3378	3000	3500	3000	1190.000000	
3000	3000	3500	3000	1190.000000	
3000	3000	3500	3000	1190.000000	
3000	3000	3500	3000	1190.000000	
3000	3000	3500	3000	1190.000000	
3000	3000	3500	3000	1190.000000	
3000	3000	3500	3000	1190.000000	
3000	3000	3500	3000	1190.000000	
3000	3000	3500	3000	1190.000000	
3000	3000	3500	3000	1190.000000	
3000	3000	3500	3000	1190.000000	
3000	3000	3500	3000	1190.000000	
3000	3000	3500	3000	1190.000000	
3000	3000	3500	3000	1190.000000	
3000	3000	3500	3000	1190.000000	
3000	3000	3500	3000	1190.000000	
3000	3000	3500	3000	1191.000000	
3000	3000	3500	3000	1191.000000	
3000	3000	3500	3000	1191.000000	
3000	3000	3500	3000	1191.000000	
3000	3000	3500	3000	1191.000000	
3000	3000	3500	3000	1191.000000	
3000	3000	3500	3000	1191.000000	
3000	3000	3500	3000	1191.000000	
3000	3000	3500	3000	1191.000000	
3000	3000	3500	3000	1191.000000	
3000	3000	3500	3000	1191.000000	
3000	3000	3500	3000	1191.000000	
3000	3000	3500	3000	1191.000000	
3000	3000	3500	3000	1191.000000	
3000	3000	3500	3000	1191.000000	
3000	3000	3500	3000	1191.000000	
3000	3000	3500	3000	1191.000000	
3000	3000	3500	3000	1191.000000	
3000	3000	3500	3000	1191.000000	
3000	3000	3500	3000	1191.000000	
3000	3000	3500	3000	1191.000000	
3000	3000	3500	3000	1191.000000	
3000	3000	3500	3000	1191.000000	
3000	3000	3500	3000	1192.000000	
3000	3000	3500	3000	1192.000000	
3000	3000	3500	3000	1192.000000	
3000	3000	3500	3000	1192.000000	
3000	3000	3500	3000	1192.000000	
3000	3000	3500	3000	1192.000000	
3000	3000	3500	3000	1192.000000	
3000	3000	3500	3000	1192.000000	
3000	3000	3500	3000	1192.000000	
3000	3000	3500	3000	1192.000000	
3000	3000	3500	3000	1192.000000	
3000	3000	3500	3000	1192.000000	
3000	3000	3500	3000	1192.000000	
3000	3000	3500	3000	1192.000000	
3000	3000	3500	3000	1192.000000	
3000	3000	3500	3000	1192.000000	
3000	3000	3500	3000	1192.000000	
3000	3000	3500	3000	1192.000000	
3000	3000	3500	3000	1192.000000	
3000	3000	3500	3000	1192.000000	
3000	3000	3500	3000	1192.000000	
3000	3000	3500	3000	1192.000000	
3000	3000	3500	3000	1192.000000	
3000	3000	3500	3000	1193.000000	
3000	3000	3500	3000	1193.000000	
3000	3000	3500	3000	1193.000000	
3000	3000	3500	3000	1193.000000	
3000	3000	3500	3000	1193.000000	
3216	3000	3500	3000	1193.000000	
3000	3000	3500	3000	1193.000000	
3000	3000	3500	3000	1193.000000	
3000	3000	3500	3000	1193.000000	
3000	3000	3500	3000	1193.000000	
3000	3000	3500	3000	1193.000000	
3000	3000	3500	3000	1193.000000	
3000	3000	3500	3000	1193.000000	
3402	3000	3500	3000	1193.000000	
3000	3000	3500	3000	1193.000000	
3000	3000	3500	3000	1193.000000	
3000	3000	3500	3000	1193.000000	
3000	3000	3500	3000	1193.000000	
3000	3000	3500	3000	1193.000000	
3000	3000	3500	3000	1193.000000	
3000	3000	3500	3000	1193.000000	
3155	3000	3500	3000	1193.000000	
3000	3000	3500	3000	1193.000000	
3000	3000	3500	3000	1194.000000	
3000	3000	3500	3000	1194.000000	
3000	3000	3500	3000	1194.000000	
3000	3000	3500	3000	1194.000000	
3000	3000	3500	3000	1194.000000	
3000	3000	3500	3000	1194.000000	
3000	3000	3500	3000	1194.000000	
3000	3000	3500	3000	1194.000000	
3000	3000	3500	3000	1194.000000	
3000	3000	3500	3000	1194.000000	
3000	3000	3500	3000	1194.000000	
3000	3000	3500	3000	1194.000000	
3000	3000	3500	3000	1194.000000	
3000	3000	3500	3000	1194.000000	
3000	3000	3500	3000	1194.000000	
3000	3000	3500	3000	1194.000000	
3000	3000	3500	3000	1194.000000	
3000	3000	3500	3000	1194.000000	
3000	3000	3500	3000	1194.000000	
3000	3000	3500	3000	1194.000000	
3000	3000	3500	3000	1194.000000	
3000	3000	3500	3000	1194.000000	
3000	3000	3500	3000	1195.000000	
3000	3000	3500	3000	1195.000000	
3371	3000	3500	3000	1195.000000	
3000	3000	3500	3000	1195.000000	
3000	3000	3500	3000	1195.000000	
3000	3000	3500	3000	1195.000000	
3000	3000	3500	3000	1195.000000	
3000	3000	3500	3000	1195.000000	
3000	3000	3500	3000	1195.000000	
3000	3000	3500	3000	1195.000000	
3000	3000	3500	3000	1195.000000	
3000	3000	3500	3000	1195.000000	
3000	3000	3500	3000	1195.000000	
3000	3000	3500	3000	1195.000000	
3000	3000	3500	3000	1195.000000	
3000	3000	3500	3000	1195.000000	
3000	3000	3500	3000	1195.000000	
3000	3000	3500	3000	1195.000000	
3000	3000	3500	3000	1195.000000	
3000	3000	3500	3000	1195.000000	
3000	3000	3500	3000	1195.000000	
3000	3000	3500	3000	1195.000000	
3000	3000	3500	3000	1195.000000	
3000	3000	3500	3000	1196.000000	
3000	3000	3500	3000	1196.000000	
3000	3000	3500	3000	1196.000000	
3000	3000	3500	3000	1196.000000	
3000	3000	3500	3000	1196.000000	
3000	3000	3500	3000	1196.000000	
3000	3000	3500	3000	1196.000000	
3000	3000	3500	3000	1196.000000	
3000	3000	3500	3000	1196.000000	
3000	3000	3500	3000	1196.000000	
3000	3000	3500	3000	1196.000000	
3000	3000	3500	3000	1196.000000	
3000	3000	3500	3000	1196.000000	
3000	3000	3500	3000	1196.000000	
3000	3000	3500	3000	1196.000000	
3000	3000	3500	3000	1196.000000	
3000	3000	3500	3000	1196.000000	
3000	3000	3500	3000	1196.000000	
3000	3000	3500	3000	1196.000000	
3000	3000	3500	3000	1196.000000	
3000	3000	3500	3000	1196.000000	
3000	3000	3500	3000	1196.000000	
3000	3000	3500	3000	1196.000000	
3000	3000	3500	3000	1197.000000	
3000	3000	3500	3000	1197.000000	
3000	3000	3500	3000	1197.000000	
3428	3000	3500	3000	1197.000000	
3000	3000	3500	3000	1197.000000	
3000	3000	3500	3000	1197.000000	
3000	3000	3500	3000	1197.000000	
3000	3000	3500	3000	1197.000000	
3000	3000	3500	3000	1197.000000	
3000	3000	3500	3000	1197.000000	
3000	3000	3500	3000	1197.000000	
3000	3000	3500	3000	1197.000000	
3000	3000	3500	3000	1197.000000	
3000	3000	3500	3000	1197.000000	
3000	3000	3500	3000	1197.000000	
3000	3000	3500	3000	1197.000000	
3000	3000	3500	3000	1197.000000	
3000	3000	3500	3000	1197.000000	
3000	3000	3500	3000	1197.000000	
3000	3000	3500	3000	1197.000000	
3000	3000	3500	3000	1197.000000	
3000	3000	3500	3000	1197.000000	
3302	3000	3500	3000	1197.000000	
3000	3000	3500	3000	1198.000000	
3203	3000	3500	3000	1198.000000	
3000	3000	3500	3000	1198.000000	
3000	3000	3500	3000	1198.000000	
3000	3000	3500	3000	1198.000000	
3000	3000	3500	3000	1198.000000	
3000	3000	3500	3000	1198.000000	
3000	3000	3500	3000	1198.000000	
3000	3000	3500	3000	1198.000000	
3000	3000	3500	3000	1198.000000	
3000	3000	3500	3000	1198.000000	
3000	3000	3500	3000	1198.000000	
3000	3000	3500	3000	1198.000000	
3000	3000	3500	3000	1198.000000	
3000	3000	3500	3000	1198.000000	
3000	3000	3500	3000	1198.000000	
3000	3000	3500	3000	1198.000000	
3000	3000	3500	3000	1198.000000	
3000	3000	3500	3000	1198.000000	
3000	3000	3500	3000	1198.000000	
3000	3000	3500	3000	1198.000000	
3000	3000	3500	3000	1198.000000	
3000	3000	3500	3000	1198.000000	
3000	3000	3500	3000	1199.000000	
3418	3000	3500	3000	1199.000000	
3000	3000	3500	3000	1199.000000	
3000	3000	3500	3000	1199.000000	
3000	3000	3500	3000	1199.000000	
3000	3000	3500	3000	1199.000000	
3000	3000	3500	3000	1199.000000	
3000	3000	3500	3000	1199.000000	
3000	3000	3500	3000	1199.000000	
3000	3000	3500	3000	1199.000000	
3000	3000	3500	3000	1199.000000	
3000	3000	3500	3000	1199.000000	
3000	3000	3500	3000	1199.000000	
3000	3000	3500	3000	1199.000000	
3000	3000	3500	3000	1199.000000	
3000	3000	3500	3000	1199.000000	
3000	3000	3500	3000	1199.000000	
3000	3000	3500	3000	1199.000000	
3000	3000	3500	3000	1199.000000	
3000	3000	3500	3000	1199.000000	
3000	3000	3500	3000	1199.000000	
3000	3000	3500	3000	1199.000000	
3000	3000	3500	3000	1199.000000	
3000	3000	3500	3000	1200.000000	
3000	3000	3500	3000	1200.000000	
3000	3000	3500	3000	1200.000000	
3275	3000	3500	3000	1200.000000	
3000	3000	3500	3000	1200.000000	
3000	3000	3500	3000	1200.000000	
3330	3000	3500	3000	1200.000000	
3000	3000	3500	3000	1200.000000	
3000	3000	3500	3000	1200.000000	
3000	3000	3500	3000	1200.000000	
3000	3000	3500	3000	1200.000000	
3000	3000	3500	3000	1200.000000	
3000	3000	3500	3000	1200.000000	
3000	3000	3500	3000	1200.000000	
3000	3000	3500	3000	1200.000000	
3000	3000	3500	3000	1200.000000	
3000	3000	3500	3000	1200.000000	
3000	3000	3500	3000	1200.000000	
3000	3000	3500	3000	1200.000000	
3000	3000	3500	3000	1200.000000	
3000	3000	3500	3000	1200.000000	
3000	3000	3500	3000	1200.000000	
3000	3000	3500	3000	1200.000000	
3000	3000	3500	3000	1201.000000	
3000	3000	3500	3000	1201.000000	
3000	3000	3500	3000	1201.000000	
3000	3000	3500	3000	1201.000000	
3000	3000	3500	3000	1201.000000	
3000	3000	3500	3000	1201.000000	
3000	3000	3500	3000	1201.000000	
3000	3000	3500	3000	1201.000000	
3000	3000	3500	3000	1201.000000	
3000	3000	3500	3000	1201.000000	
3000	3000	3500	3000	1201.000000	
3000	3000	3500	3000	1201.000000	
3000	3000	3500	3000	1201.000000	
3000	3000	3500	3000	1201.000000	
3000	3000	3500	3000	1201.000000	
3000	3000	3500	3000	1201.000000	
3000	3000	3500	3000	1201.000000	
3000	3000	3500	3000	1201.000000	
3000	3000	3500	3000	1201.000000	
3000	3000	3500	3000	1201.000000	
3000	3000	3500	3000	1201.000000	
3000	3000	3500	3000	1201.000000	
3000	3000	3500	3000	1201.000000	
3000	3000	3500	3000	1202.000000	
3000	3000	3500	3000	1202.000000	
3000	3000	3500	3000	1202.000000	
3000	3000	3500	3000	1202.000000	
3000	3000	3500	3000	1202.000000	
3000	3000	3500	3000	1202.000000	
3000	3000	3500	3000	1202.000000	
3000	3000	3500	3000	1202.000000	
3000	3000	3500	3000	1202.000000	
3000	3000	3500	3000	1202.000000	
3000	3000	3500	3000	1202.000000	
3000	3000	3500	3000	1202.000000	
3000	3000	3500	3000	1202.000000	
3000	3000	3500	3000	1202.000000	
3000	3000	3500	3000	1202.000000	
3000	3000	3500	3000	1202.000000	
3408	3000	3500	3000	1202.000000	
3000	3000	3500	3000	1202.000000	
3000	3000	3500	3000	1202.000000	
3279	3000	3500	3000	1202.000000	
3000	3000	3500	3000	1202.000000	
3404	3000	3500	3000	1202.000000	
3000	3000	3500	3000	1202.000000	
3000	3000	3500	3000	1203.000000	
3469	3000	3500	3000	1203.000000	
3000	3000	3500	3000	1203.000000	
3000	3000	3500	3000	1203.000000	
3000	3000	3500	3000	1203.000000	
3000	3000	3500	3000	1203.000000	
3000	3000	3500	3000	1203.000000	
3000	3000	3500	3000	1203.000000	
3000	3000	3500	3000	1203.000000	
3000	3000	3500	3000	1203.000000	
3000	3000	3500	3000	1203.000000	
3000	3000	3500	3000	1203.000000	
3000	3000	3500	3000	1203.000000	
3000	3000	3500	3000	1203.000000	
3000	3000	3500	3000	1203.000000	
3000	3000	3500	3000	1203.000000	
3276	3000	3500	3000	1203.000000	
3000	3000	3500	3000	1203.000000	
3000	3000	3500	3000	1203.000000	
3000	3000	3500	3000	1203.000000	
3000	3000	3500	3000	1203.000000	
3000	3000	3500	3000	1203.000000	
3000	3000	3500	3000	1204.000000	
3000	3000	3500	3000	1204.000000	
3000	3000	3500	3000	1204.000000	
3000	3000	3500	3000	1204.000000	
3000	3000	3500	3000	1204.000000	
3000	3000	3500	3000	1204.000000	
3000	3000	3500	3000	1204.000000	
3000	3000	3500	3000	1204.000000	
3000	3000	3500	3000	1204.000000	
3297	3000	3500	3000	1204.000000	
3000	3000	3500	3000	1204.000000	
3000	3000	3500	3000	1204.000000	
3000	3000	3500	3000	1204.000000	
3000	3000	3500	3000	1204.000000	
3000	3000	3500	3000	1204.000000	
3371	3000	3500	3000	1204.000000	
3000	3000	3500	3000	1204.000000	
3000	3000	3500	3000	1204.000000	
3000	3000	3500	3000	1204.000000	
3000	3000	3500	3000	1204.000000	
3000	3000	3500	3000	1204.000000	
3000	3000	3500	3000	1204.000000	
3000	3000	3500	3000	1204.000000	
3000	3000	3500	3000	1205.000000	
3000	3000	3500	3000	1205.000000	
3000	3000	3500	3000	1205.000000	
3000	3000	3500	3000	1205.000000	
3000	3000	3500	3000	1205.000000	
3000	3000	3500	3000	1205.000000	
3000	3000	3500	3000	1205.000000	
3000	3000	3500	3000	1205.000000	
3000	3000	3500	3000	1205.000000	
3000	3000	3500	3000	1205.000000	
3000	3000	3500	3000	1205.000000	
3000	3000	3500	3000	1205.000000	
3000	3000	3500	3000	1205.000000	
3000	3000	3500	3000	1205.000000	
3000	3000	3500	3000	1205.000000	
3000	3000	3500	3000	1205.000000	
3000	3000	3500	3000	1205.000000	
3000	3000	3500	3000	1205.000000	
3000	3000	3500	3000	1205.000000	
3000	3000	3500	3000	1205.000000	
3000	3000	3500	3000	1205.000000	
3000	3000	3500	3000	1205.000000	
3000	3000	3500	3000	1205.000000	
3000	3000	3500	3000	1206.000000	
3000	3000	3500	3000	1206.000000	
3000	3000	3500	3000	1206.000000	
3000	3000	3500	3000	1206.000000	
3000	3000	3500	3000	1206.000000	
3000	3000	3500	3000	1206.000000	
3000	3000	3500	3000	1206.000000	
3000	3000	3500	3000	1206.000000	
3000	3000	3500	3000	1206.000000	
3000	3000	3500	3000	1206.000000	
3000	3000	3500	3000	1206.000000	
3000	3000	3500	3000	1206.000000	
3000	3000	3500	3000	1206.000000	
3000	3000	3500	3000	1206.000000	
3000	3000	3500	3000	1206.000000	
3000	3000	3500	3000	1206.000000	
3000	3000	3500	3000	1206.000000	
3000	3000	3500	3000	1206.000000	
3000	3000	3500	3000	1206.000000	
3000	3000	3500	3000	1206.000000	
3000	3000	3500	3000	1206.000000	
3000	3000	3500	3000	1206.000000	
3000	3000	3500	3000	1206.000000	
3000	3000	3500	3000	1207.000000	
3000	3000	3500	3000	1207.000000	
3000	3000	3500	3000	1207.000000	
3000	3000	3500	3000	1207.000000	
3000	3000	3500	3000	1207.000000	
3000	3000	3500	3000	1207.000000	
3000	3000	3500	3000	1207.000000	
3000	3000	3500	3000	1207.000000	
3000	3000	3500	3000	1207.000000	
3000	3000	3500	3000	1207.000000	
3000	3000	3500	3000	1207.000000	
3000	3000	3500	3000	1207.000000	
3000	3000	3500	3000	1207.000000	
3000	3000	3500	3000	1207.000000	
3000	3000	3500	3000	1207.000000	
3000	3000	3500	3000	1207.000000	
3000	3000	3500	3000	1207.000000	
3000	3000	3500	3000	1207.000000	
3000	3000	3500	3000	1207.000000	
3000	3000	3500	3000	1207.000000	
3000	3000	3500	3000	1207.000000	
3000	3000	3500	3000	1207.000000	
3000	3000	3500	3000	1207.000000	
3000	3000	3500	3000	1208.000000	
3000	3000	3500	3000	1208.000000	
3000	3000	3500	3000	1208.000000	
3000	3000	3500	3000	1208.000000	
3000	3000	3500	3000	1208.000000	
3000	3000	3500	3000	1208.000000	
3000	3000	3500	3000	1208.000000	
3000	3000	3500	3000	1208.000000	
3000	3000	3500	3000	1208.000000	
3000	3000	3500	3000	1208.000000	
3000	3000	3500	3000	1208.000000	
3000	3000	3500	3000	1208.000000	
3000	3000	3500	3000	1208.000000	
3000	3000	3500	3000	1208.000000	
3000	3000	3500	3000	1208.000000	
3000	3000	3500	3000	1208.000000	
3000	3000	3500	3000	1208.000000	
3000	3000	3500	3000	1208.000000	
3000	3000	3500	3000	1208.000000	
3114	3000	3500	3000	1208.000000	
3000	3000	3500	3000	1208.000000	
3000	3000	3500	3000	1208.000000	
3000	3000	3500	3000	1208.000000	
3000	3000	3500	3000	1209.000000	
3000	3000	3500	3000	1209.000000	
3000	3000	3500	3000	1209.000000	
3000	3000	3500	3000	1209.000000	
3000	3000	3500	3000	1209.000000	
3000	3000	3500	3000	1209.000000	
3000	3000	3500	3000	1209.000000	
3000	3000	3500	3000	1209.000000	
3000	3000	3500	3000	1209.000000	
3000	3000	3500	3000	1209.000000	
3260	3000	3500	3000	1209.000000	
3000	3000	3500	3000	1209.000000	
3000	3000	3500	3000	1209.000000	
3000	3000	3500	3000	1209.000000	
3000	3000	3500	3000	1209.000000	
3000	3000	3500	3000	1209.000000	
3000	3000	3500	3000	1209.000000	
3000	3000	3500	3000	1209.000000	
3000	3000	3500	3000	1209.000000	
3000	3000	3500	3000	1209.000000	
3000	3000	3500	3000	1209.000000	
3000	3000	3500	3000	1209.000000	
3000	3000	3500	3000	1209.000000	
3000	3000	3500	3000	1210.000000	
3000	3000	3500	3000	1210.000000	
3000	3000	3500	3000	1210.000000	
3000	3000	3500	3000	1210.000000	
3000	3000	3500	3000	1210.000000	
3000	3000	3500	3000	1210.000000	
3427	3000	3500	3000	1210.000000	
3316	3000	3500	3000	1210.000000	
3000	3000	3500	3000	1210.000000	
3000	3000	3500	3000	1210.000000	
3000	3000	3500	3000	1210.000000	
3000	3000	3500	3000	1210.000000	
3000	3000	3500	3000	1210.000000	
3000	3000	3500	3000	1210.000000	
3000	3000	3500	3000	1210.000000	
3000	3000	3500	3000	1210.000000	
3000	3000	3500	3000	1210.000000	
3000	3000	3500	3000	1210.000000	
3000	3000	3500	3000	1210.000000	
3000	3000	3500	3000	1210.000000	
3000	3000	3500	3000	1210.000000	
3000	3000	3500	3000	1210.000000	
3000	3000	3500	3000	1210.000000	
3000	3000	3500	3000	1211.000000	
3000	3000	3500	3000	1211.000000	
3000	3000	3500	3000	1211.000000	
3000	3000	3500	3000	1211.000000	
3000	3000	3500	3000	1211.000000	
3000	3000	3500	3000	1211.000000	
3000	3000	3500	3000	1211.000000	
3182	3000	3500	3000	1211.000000	
3000	3000	3500	3000	1211.000000	
3000	3000	3500	3000	1211.000000	
3000	3000	3500	3000	1211.000000	
3000	3000	3500	3000	1211.000000	
3000	3000	3500	3000	1211.000000	
3000	3000	3500	3000	1211.000000	
3000	3000	3500	3000	1211.000000	
3337	3000	3500	3000	1211.000000	
3000	3000	3500	3000	1211.000000	
3078	3000	3500	3000	1211.000000	
3000	3000	3500	3000	1211.000000	
3000	3000	3500	3000	1211.000000	
3000	3000	3500	3000	1211.000000	
3000	3000	3500	3000	1211.000000	
3000	3000	3500	3000	1212.000000	
3000	3000	3500	3000	1212.000000	
3000	3000	3500	3000	1212.000000	
3000	3000	3500	3000	1212.000000	
3000	3000	3500	3000	1212.000000	
3000	3000	3500	3000	1212.000000	
3000	3000	3500	3000	1212.000000	
3000	3000	3500	3000	1212.000000	
3000	3000	3500	3000	1212.000000	
3000	3000	3500	3000	1212.000000	
3000	3000	3500	3000	1212.000000	
3000	3000	3500	3000	1212.000000	
3000	3000	3500	3000	1212.000000	
3000	3000	3500	3000	1212.000000	
3000	3000	3500	3000	1212.000000	
3000	3000	3500	3000	1212.000000	
3000	3000	3500	3000	1212.000000	
3000	3000	3500	3000	1212.000000	
3000	3000	3500	3000	1212.000000	
3000	3000	3500	3000	1212.000000	
3000	3000	3500	3000	1212.000000	
3000	3000	3500	3000	1212.000000	
3000	3000	3500	3000	1212.000000	
3000	3000	3500	3000	1213.000000	
3000	3000	3500	3000	1213.000000	
3287	3000	3500	3000	1213.000000	
3000	3000	3500	3000	1213.000000	
3000	3000	3500	3000	1213.000000	
3000	3000	3500	3000	1213.000000	
3000	3000	3500	3000	1213.000000	
3000	3000	3500	3000	1213.000000	
3000	3000	3500	3000	1213.000000	
3000	3000	3500	3000	1213.000000	
3000	3000	3500	3000	1213.000000	
3069	3000	3500	3000	1213.000000	
3246	3000	3500	3000	1213.000000	
3000	3000	3500	3000	1213.000000	
3000	3000	3500	3000	1213.000000	
3000	3000	3500	3000	1213.000000	
3000	3000	3500	3000	1213.000000	
3000	3000	3500	3000	1213.000000	
3000	3000	3500	3000	1213.000000	
3000	3000	3500	3000	1213.000000	
3000	3000	3500	3000	1213.000000	
3000	3000	3500	3000	1213.000000	
3000	3000	3500	3000	1213.000000	
3000	3000	3500	3000	1214.000000	
3000	3000	3500	3000	1214.000000	
3000	3000	3500	3000	1214.000000	
3000	3000	3500	3000	1214.000000	
3000	3000	3500	3000	1214.000000	
3000	3000	3500	3000	1214.000000	
3000	3000	3500	3000	1214.000000	
3000	3000	3500	3000	1214.000000	
3000	3000	3500	3000	1214.000000	
3000	3000	3500	3000	1214.000000	
3000	3000	3500	3000	1214.000000	
3000	3000	3500	3000	1214.000000	
3000	3000	3500	3000	1214.000000	
3000	3000	3500	3000	1214.000000	
3000	3000	3500	3000	1214.000000	
3256	3000	3500	3000	1214.000000	
3000	3000	3500	3000	1214.000000	
3000	3000	3500	3000	1214.000000	
3000	3000	3500	3000	1214.000000	
3000	3000	3500	3000	1214.000000	
3000	3000	3500	3000	1214.000000	
3000	3000	3500	3000	1214.000000	
3000	3000	3500	3000	1214.000000	
3000	3000	3500	3000	1215.000000	
3000	3000	3500	3000	1215.000000	
3000	3000	3500	3000	1215.000000	
3000	3000	3500	3000	1215.000000	
3000	3000	3500	3000	1215.000000	
3000	3000	3500	3000	1215.000000	
3000	3000	3500	3000	1215.000000	
3000	3000	3500	3000	1215.000000	
3000	3000	3500	3000	1215.000000	
3000	3000	3500	3000	1215.000000	
3000	3000	3500	3000	1215.000000	
3000	3000	3500	3000	1215.000000	
3000	3000	3500	3000	1215.000000	
3000	3000	3500	3000	1215.000000	
3000	3000	3500	3000	1215.000000	
3000	3000	3500	3000	1215.000000	
3000	3000	3500	3000	1215.000000	
3000	3000	3500	3000	1215.000000	
3000	3000	3500	3000	1215.000000	
3000	3000	3500	3000	1215.000000	
3000	3000	3500	3000	1215.000000	
3000	3000	3500	3000	1215.000000	
3000	3000	3500	3000	1215.000000	
3000	3000	3500	3000	1216.000000	
3000	3000	3500	3000	1216.000000	
3000	3000	3500	3000	1216.000000	
3000	3000	3500	3000	1216.000000	
3000	3000	3500	3000	1216.000000	
3000	3000	3500	3000	1216.000000	
3000	3000	3500	3000	1216.000000	
3000	3000	3500	3000	1216.000000	
3000	3000	3500	3000	1216.000000	
3305	3000	3500	3000	1216.000000	
3000	3000	3500	3000	1216.000000	
3000	3000	3500	3000	1216.000000	
3000	3000	3500	3000	1216.000000	
3043	3000	3500	3000	1216.000000	
3000	3000	3500	3000	1216.000000	
3000	3000	3500	3000	1216.000000	
3000	3000	3500	3000	1216.000000	
3000	3000	3500	3000	1216.000000	
3000	3000	3500	3000	1216.000000	
3000	3000	3500	3000	1216.000000	
3000	3000	3500	3000	1216.000000	
3000	3000	3500	3000	1216.000000	
3090	3000	3500	3000	1216.000000	
3000	3000	3500	3000	1217.000000	
3000	3000	3500	3000	1217.000000	
3000	3000	3500	3000	1217.000000	
3000	3000	3500	3000	1217.000000	
3000	3000	3500	3000	1217.000000	
3000	3000	3500	3000	1217.000000	
3000	3000	3500	3000	1217.000000	
3000	3000	3500	3000	1217.000000	
3000	3000	3500	3000	1217.000000	
3000	3000	3500	3000	1217.000000	
3000	3000	3500	3000	1217.000000	
3000	3000	3500	3000	1217.000000	
3000	3000	3500	3000	1217.000000	
3000	3000	3500	3000	1217.000000	
3000	3000	3500	3000	1217.000000	
3000	3000	3500	3000	1217.000000	
3000	3000	3500	3000	1217.000000	
3000	3000	3500	3000	1217.000000	
3000	3000	3500	3000	1217.000000	
3000	3000	3500	3000	1217.000000	
3000	3000	3500	3000	1217.000000	
3000	3000	3500	3000	1217.000000	
3000	3000	3500	3000	1217.000000	
3000	3000	3500	3000	1218.000000	
3000	3000	3500	3000	1218.000000	
3000	3000	3500	3000	1218.000000	
3000	3000	3500	3000	1218.000000	
3000	3000	3500	3000	1218.000000	
3000	3000	3500	3000	1218.000000	
3000	3000	3500	3000	1218.000000	
3000	3000	3500	3000	1218.000000	
3000	3000	3500	3000	1218.000000	
3000	3000	3500	3000	1218.000000	
3000	3000	3500	3000	1218.000000	
3000	3000	3500	3000	1218.000000	
3000	3000	3500	3000	1218.000000	
3000	3000	3500	3000	1218.000000	
3000	3000	3500	3000	1218.000000	
3000	3000	3500	3000	1218.000000	
3000	3000	3500	3000	1218.000000	
3000	3000	3500	3000	1218.000000	
3000	3000	3500	3000	1218.000000	
3000	3000	3500	3000	1218.000000	
3000	3000	3500	3000	1218.000000	
3000	3000	3500	3000	1218.000000	
3000	3000	3500	3000	1218.000000	
3000	3000	3500	3000	1219.000000	
3000	3000	3500	3000	1219.000000	
3000	3000	3500	3000	1219.000000	
3000	3000	3500	3000	1219.000000	
3000	3000	3500	3000	1219.000000	
3000	3000	3500	3000	1219.000000	
3000	3000	3500	3000	1219.000000	
3000	3000	3500	3000	1219.000000	
3000	3000	3500	3000	1219.000000	
3000	3000	3500	3000	1219.000000	
3009	3000	3500	3000	1219.000000	
3000	3000	3500	3000	1219.000000	
3000	3000	3500	3000	1219.000000	
3000	3000	3500	3000	1219.000000	
3000	3000	3500	3000	1219.000000	
3000	3000	3500	3000	1219.000000	
3000	3000	3500	3000	1219.000000	
3000	3000	3500	3000	1219.000000	
3000	3000	3500	3000	1219.000000	
3000	3000	3500	3000	1219.000000	
3000	3000	3500	3000	1219.000000	
3000	3000	3500	3000	1219.000000	
3000	3000	3500	3000	1219.000000	
3000	3000	3500	3000	1220.000000	
3000	3000	3500	3000	1220.000000	
3000	3000	3500	3000	1220.000000	
3000	3000	3500	3000	1220.000000	
3000	3000	3500	3000	1220.000000	
3000	3000	3500	3000	1220.000000	
3000	3000	3500	3000	1220.000000	
3000	3000	3500	3000	1220.000000	
3000	3000	3500	3000	1220.000000	
3000	3000	3500	3000	1220.000000	
3000	3000	3500	3000	1220.000000	
3000	3000	3500	3000	1220.000000	
3000	3000	3500	3000	1220.000000	
3000	3000	3500	3000	1220.000000	
3000	3000	3500	3000	1220.000000	
3000	3000	3500	3000	1220.000000	
3000	3000	3500	3000	1220.000000	
3000	3000	3500	3000	1220.000000	
3000	3000	3500	3000	1220.000000	
3000	3000	3500	3000	1220.000000	
3273	3000	3500	3000	1220.000000	
3000	3000	3500	3000	1220.000000	
3000	3000	3500	3000	1221.000000	
3000	3000	3500	3000	1221.000000	
3000	3000	3500	3000	1221.000000	
3000	3000	3500	3000	1221.000000	
3000	3000	3500	3000	1221.000000	
3000	3000	3500	3000	1221.000000	
3000	3000	3500	3000	1221.000000	
3000	3000	3500	3000	1221.000000	
3000	3000	3500	3000	1221.000000	
3000	3000	3500	3000	1221.000000	
3000	3000	3500	3000	1221.000000	
3000	3000	3500	3000	1221.000000	
3000	3000	3500	3000	1221.000000	
3000	3000	3500	3000	1221.000000	
3000	3000	3500	3000	1221.000000	
3000	3000	3500	3000	1221.000000	
3000	3000	3500	3000	1221.000000	
3302	3000	3500	3000	1221.000000	
3000	3000	3500	3000	1221.000000	
3000	3000	3500	3000	1221.000000	
3000	3000	3500	3000	1221.000000	
3000	3000	3500	3000	1221.000000	
3000	3000	3500	3000	1221.000000	
3000	3000	3500	3000	1222.000000	
3000	3000	3500	3000	1222.000000	
3000	3000	3500	3000	1222.000000	
3000	3000	3500	3000	1222.000000	
3000	3000	3500	3000	1222.000000	
3000	3000	3500	3000	1222.000000	
3000	3000	3500	3000	1222.000000	
3000	3000	3500	3000	1222.000000	
3000	3000	3500	3000	1222.000000	
3000	3000	3500	3000	1222.000000	
3000	3000	3500	3000	1222.000000	
3000	3000	3500	3000	1222.000000	
3000	3000	3500	3000	1222.000000	
3000	3000	3500	3000	1222.000000	
3000	3000	3500	3000	1222.000000	
3000	3000	3500	3000	1222.000000	
3000	3000	3500	3000	1222.000000	
3000	3000	3500	3000	1222.000000	
3000	3000	3500	3000	1222.000000	
3000	3000	3500	3000	1222.000000	
3000	3000	3500	3000	1222.000000	
3000	3000	3500	3000	1222.000000	
3000	3000	3500	3000	1222.000000	
3000	3000	3500	3000	1223.000000	
3000	3000	3500	3000	1223.000000	
3000	3000	3500	3000	1223.000000	
3000	3000	3500	3000	1223.000000	
3000	3000	3500	3000	1223.000000	
3000	3000	3500	3000	1223.000000	
3000	3000	3500	3000	1223.000000	
3000	3000	3500	3000	1223.000000	
3000	3000	3500	3000	1223.000000	
3264	3000	3500	3000	1223.000000	
3000	3000	3500	3000	1223.000000	
3000	3000	3500	3000	1223.000000	
3000	3000	3500	3000	1223.000000	
3313	3000	3500	3000	1223.000000	
3000	3000	3500	3000	1223.000000	
3000	3000	3500	3000	1223.000000	
3000	3000	3500	3000	1223.000000	
3000	3000	3500	3000	1223.000000	
3000	3000	3500	3000	1223.000000	
3000	3000	3500	3000	1223.000000	
3000	3000	3500	3000	1223.000000	
3000	3000	3500	3000	1223.000000	
3000	3000	3500	3000	1223.000000	
3000	3000	3500	3000	1224.000000	
3000	3000	3500	3000	1224.000000	
3000	3000	3500	3000	1224.000000	
3000	3000	3500	3000	1224.000000	
3000	3000	3500	3000	1224.000000	
3000	3000	3500	3000	1224.000000	
3000	3000	3500	3000	1224.000000	
3000	3000	3500	3000	1224.000000	
3000	3000	3500	3000	1224.000000	
3000	3000	3500	3000	1224.000000	
3000	3000	3500	3000	1224.000000	
3000	3000	3500	3000	1224.000000	
3000	3000	3500	3000	1224.000000	
3000	3000	3500	3000	1224.000000	
3000	3000	3500	3000	1224.000000	
3000	3000	3500	3000	1224.000000	
3000	3000	3500	3000	1224.000000	
3000	3000	3500	3000	1224.000000	
3000	3000	3500	3000	1224.000000	
3000	3000	3500	3000	1224.000000	
3000	3000	3500	3000	1224.000000	
3000	3000	3500	3000	1224.000000	
3000	3000	3500	3000	1224.000000	
3000	3000	3500	3000	1225.000000	
3000	3000	3500	3000	1225.000000	
3000	3000	3500	3000	1225.000000	
3000	3000	3500	3000	1225.000000	
3000	3000	3500	3000	1225.000000	
3000	3000	3500	3000	1225.000000	
3000	3000	3500	3000	1225.000000	
3000	3000	3500	3000	1225.000000	
3000	3000	3500	3000	1225.000000	
3000	3000	3500	3000	1225.000000	
3328	3000	3500	3000	1225.000000	
3000	3000	3500	3000	1225.000000	
3000	3000	3500	3000	1225.000000	
3000	3000	3500	3000	1225.000000	
3000	3000	3500	3000	1225.000000	
3000	3000	3500	3000	1225.000000	
3000	3000	3500	3000	1225.000000	
3000	3000	3500	3000	1225.000000	
3000	3000	3500	3000	1225.000000	
3000	3000	3500	3000	1225.000000	
3000	3000	3500	3000	1225.000000	
3000	3000	3500	3000	1225.000000	
3000	3000	3500	3000	1225.000000	
3000	3000	3500	3000	1226.000000	
3000	3000	3500	3000	1226.000000	
3000	3000	3500	3000	1226.000000	
3000	3000	3500	3000	1226.000000	
3000	3000	3500	3000	1226.000000	
3000	3000	3500	3000	1226.000000	
3000	3000	3500	3000	1226.000000	
3000	3000	3500	3000	1226.000000	
3000	3000	3500	3000	1226.000000	
3005	3000	3500	3000	1226.000000	
3000	3000	3500	3000	1226.000000	
3211	3000	3500	3000	1226.000000	
3000	3000	3500	3000	1226.000000	
3000	3000	3500	3000	1226.000000	
3000	3000	3500	3000	1226.000000	
3000	3000	3500	3000	1226.000000	
3000	3000	3500	3000	1226.000000	
3000	3000	3500	3000	1226.000000	
3000	3000	3500	3000	1226.000000	
3000	3000	3500	3000	1226.000000	
3000	3000	3500	3000	1226.000000	
3000	3000	3500	3000	1226.000000	
3000	3000	3500	3000	1226.000000	
3000	3000	3500	3000	1227.000000	
3000	3000	3500	3000	1227.000000	
3000	3000	3500	3000	1227.000000	
3000	3000	3500	3000	1227.000000	
3000	3000	3500	3000	1227.000000	
3000	3000	3500	3000	1227.000000	
3000	3000	3500	3000	1227.000000	
3000	3000	3500	3000	1227.000000	
3000	3000	3500	3000	1227.000000	
3000	3000	3500	3000	1227.000000	
3000	3000	3500	3000	1227.000000	
3000	3000	3500	3000	1227.000000	
3000	3000	3500	3000	1227.000000	
3000	3000	3500	3000	1227.000000	
3000	3000	3500	3000	1227.000000	
3000	3000	3500	3000	1227.000000	
3000	3000	3500	3000	1227.000000	
3000	3000	3500	3000	1227.000000	
3000	3000	3500	3000	1227.000000	
3000	3000	3500	3000	1227.000000	
3000	3000	3500	3000	1227.000000	
3000	3000	3500	3000	1227.000000	
3000	3000	3500	3000	1227.000000	
3000	3000	3500	3000	1228.000000	
3000	3000	3500	3000	1228.000000	
3000	3000	3500	3000	1228.000000	
3000	3000	3500	3000	1228.000000	
3000	3000	3500	3000	1228.000000	
3000	3000	3500	3000	1228.000000	
3000	3000	3500	3000	1228.000000	
3000	3000	3500	3000	1228.000000	
3000	3000	3500	3000	1228.000000	
3000	3000	3500	3000	1228.000000	
3000	3000	3500	3000	1228.000000	
3000	3000	3500	3000	1228.000000	
3000	3000	3500	3000	1228.000000	
3000	3000	3500	3000	1228.000000	
3000	3000	3500	3000	1228.000000	
3000	3000	3500	3000	1228.000000	
3000	3000	3500	3000	1228.000000	
3000	3000	3500	3000	1228.000000	
3000	3000	3500	3000	1228.000000	
3000	3000	3500	3000	1228.000000	
3000	3000	3500	3000	1228.000000	
3000	3000	3500	3000	1228.000000	
3000	3000	3500	3000	1229.000000	
3000	3000	3500	3000	1229.000000	
3000	3000	3500	3000	1229.000000	
3000	3000	3500	3000	1229.000000	
3000	3000	3500	3000	1229.000000	
3000	3000	3500	3000	1229.000000	
3000	3000	3500	3000	1229.000000	
3000	3000	3500	3000	1229.000000	
3000	3000	3500	3000	1229.000000	
3000	3000	3500	3000	1229.000000	
3000	3000	3500	3000	1229.000000	
3000	3000	3500	3000	1229.000000	
3000	3000	3500	3000	1229.000000	
3000	3000	3500	3000	1229.000000	
3000	3000	3500	3000	1229.000000	
3000	3000	3500	3000	1229.000000	
3000	3000	3500	3000	1229.000000	
3000	3000	3500	3000	1229.000000	
3000	3000	3500	3000	1229.000000	
3000	3000	3500	3000	1229.000000	
3000	3000	3500	3000	1229.000000	
3000	3000	3500	3000	1229.000000	
3000	3000	3500	3000	1229.000000	
3000	3000	3500	3000	1230.000000	
3000	3000	3500	3000	1230.000000	
3000	3000	3500	3000	1230.000000	
3000	3000	3500	3000	1230.000000	
3000	3000	3500	3000	1230.000000	
3000	3000	3500	3000	1230.000000	
3000	3000	3500	3000	1230.000000	
3000	3000	3500	3000	1230.000000	
3000	3000	3500	3000	1230.000000	
3000	3000	3500	3000	1230.000000	
3000	3000	3500	3000	1230.000000	
3000	3000	3500	3000	1230.000000	
3098	3000	3500	3000	1230.000000	
3000	3000	3500	3000	1230.000000	
3000	3000	3500	3000	1230.000000	
3000	3000	3500	3000	1230.000000	
3000	3000	3500	3000	1230.000000	
3175	3000	3500	3000	1230.000000	
3000	3000	3500	3000	1230.000000	
3020	3000	3500	3000	1230.000000	
3000	3000	3500	3000	1230.000000	
3000	3000	3500	3000	1230.000000	
3000	3000	3500	3000	1230.000000	
3000	3000	3500	3000	1231.000000	
3000	3000	3500	3000	1231.000000	
3000	3000	3500	3000	1231.000000	
3000	3000	3500	3000	1231.000000	
3000	3000	3500	3000	1231.000000	
3000	3000	3500	3000	1231.000000	
3000	3000	3500	3000	1231.000000	
3000	3000	3500	3000	1231.000000	
3141	3000	3500	3000	1231.000000	
3000	3000	3500	3000	1231.000000	
3000	3000	3500	3000	1231.000000	
3000	3000	3500	3000	1231.000000	
3000	3000	3500	3000	1231.000000	
3000	3000	3500	3000	1231.000000	
3000	3000	3500	3000	1231.000000	
3000	3000	3500	3000	1231.000000	
3000	3000	3500	3000	1231.000000	
3000	3000	3500	3000	1231.000000	
3105	3000	3500	3000	1231.000000	
3000	3000	3500	3000	1231.000000	
3000	3000	3500	3000	1231.000000	
3000	3000	3500	3000	1231.000000	
3000	3000	3500	3000	1231.000000	
3000	3000	3500	3000	1232.000000	
3000	3000	3500	3000	1232.000000	
3000	3000	3500	3000	1232.000000	
3000	3000	3500	3000	1232.000000	
3000	3000	3500	3000	1232.000000	
3000	3000	3500	3000	1232.000000	
3000	3000	3500	3000	1232.000000	
3000	3000	3500	3000	1232.000000	
3319	3000	3500	3000	1232.000000	
3000	3000	3500	3000	1232.000000	
3000	3000	3500	3000	1232.000000	
3000	3000	3500	3000	1232.000000	
3000	3000	3500	3000	1232.000000	
3000	3000	3500	3000	1232.000000	
3000	3000	3500	3000	1232.000000	
3000	3000	3500	3000	1232.000000	
3000	3000	3500	3000	1232.000000	
3000	3000	3500	3000	1232.000000	
3000	3000	3500	3000	1232.000000	
3000	3000	3500	3000	1232.000000	
3000	3000	3500	3000	1232.000000	
3000	3000	3500	3000	1232.000000	
3000	3000	3500	3000	1232.000000	
3000	3000	3500	3000	1233.000000	
3000	3000	3500	3000	1233.000000	
3000	3000	3500	3000	1233.000000	
3000	3000	3500	3000	1233.000000	
3000	3000	3500	3000	1233.000000	
3000	3000	3500	3000	1233.000000	
3000	3000	3500	3000	1233.000000	
3000	3000	3500	3000	1233.000000	
3000	3000	3500	3000	1233.000000	
3000	3000	3500	3000	1233.000000	
3000	3000	3500	3000	1233.000000	
3000	3000	3500	3000	1233.000000	
3000	3000	3500	3000	1233.000000	
3000	3000	3500	3000	1233.000000	
3000	3000	3500	3000	1233.000000	
3000	3000	3500	3000	1233.000000	
3135	3000	3500	3000	1233.000000	
3000	3000	3500	3000	1233.000000	
3000	3000	3500	3000	1233.000000	
3000	3000	3500	3000	1233.000000	
3000	3000	3500	3000	1233.000000	
3000	3000	3500	3000	1233.000000	
3000	3000	3500	3000	1233.000000	
3467	3000	3500	3000	1234.000000	
3000	3000	3500	3000	1234.000000	
3000	3000	3500	3000	1234.000000	
3000	3000	3500	3000	1234.000000	
3000	3000	3500	3000	1234.000000	
3000	3000	3500	3000	1234.000000	
3000	3000	3500	3000	1234.000000	
3000	3000	3500	3000	1234.000000	
3000	3000	3500	3000	1234.000000	
3000	3000	3500	3000	1234.000000	
3000	3000	3500	3000	1234.000000	
3000	3000	3500	3000	1234.000000	
3000	3000	3500	3000	1234.000000	
3000	3000	3500	3000	1234.000000	
3000	3000	3500	3000	1234.000000	
3000	3000	3500	3000	1234.000000	
3000	3000	3500	3000	1234.000000	
3000	3000	3500	3000	1234.000000	
3000	3000	3500	3000	1234.000000	
3000	3000	3500	3000	1234.000000	
3000	3000	3500	3000	1234.000000	
3000	3000	3500	3000	1234.000000	
3000	3000	3500	3000	1234.000000	
3000	3000	3500	3000	1235.000000	
3000	3000	3500	3000	1235.000000	
3000	3000	3500	3000	1235.000000	
3000	3000	3500	3000	1235.000000	
3000	3000	3500	3000	1235.000000	
3000	3000	3500	3000	1235.000000	
3000	3000	3500	3000	1235.000000	
3000	3000	3500	3000	1235.000000	
3000	3000	3500	3000	1235.000000	
3000	3000	3500	3000	1235.000000	
3000	3000	3500	3000	1235.000000	
3000	3000	3500	3000	1235.000000	
3000	3000	3500	3000	1235.000000	
3259	3000	3500	3000	1235.000000	
3000	3000	3500	3000	1235.000000	
3000	3000	3500	3000	1235.000000	
3000	3000	3500	3000	1235.000000	
3000	3000	3500	3000	1235.000000	
3000	3000	3500	3000	1235.000000	
3000	3000	3500	3000	1235.000000	
3000	3000	3500	3000	1235.000000	
3000	3000	3500	3000	1235.000000	
3000	3000	3500	3000	1235.000000	
3000	3000	3500	3000	1236.000000	
3000	3000	3500	3000	1236.000000	
3000	3000	3500	3000	1236.000000	
3000	3000	3500	3000	1236.000000	
3000	3000	3500	3000	1236.000000	
3000	3000	3500	3000	1236.000000	
3000	3000	3500	3000	1236.000000	
3000	3000	3500	3000	1236.000000	
3000	3000	3500	3000	1236.000000	
3000	3000	3500	3000	1236.000000	
3000	3000	3500	3000	1236.000000	
3000	3000	3500	3000	1236.000000	
3000	3000	3500	3000	1236.000000	
3000	3000	3500	3000	1236.000000	
3000	3000	3500	3000	1236.000000	
3000	3000	3500	3000	1236.000000	
3000	3000	3500	3000	1236.000000	
3000	3000	3500	3000	1236.000000	
3000	3000	3500	3000	1236.000000	
3000	3000	3500	3000	1236.000000	
3000	3000	3500	3000	1236.000000	
3000	3000	3500	3000	1236.000000	
3000	3000	3500	3000	1236.000000	
3000	3000	3500	3000	1237.000000	
3000	3000	3500	3000	1237.000000	
3000	3000	3500	3000	1237.000000	
3000	3000	3500	3000	1237.000000	
3000	3000	3500	3000	1237.000000	
3000	3000	3500	3000	1237.000000	
3000	3000	3500	3000	1237.000000	
3115	3000	3500	3000	1237.000000	
3000	3000	3500	3000	1237.000000	
3000	3000	3500	3000	1237.000000	
3000	3000	3500	3000	1237.000000	
3000	3000	3500	3000	1237.000000	
3000	3000	3500	3000	1237.000000	
3000	3000	3500	3000	1237.000000	
3000	3000	3500	3000	1237.000000	
3000	3000	3500	3000	1237.000000	
3000	3000	3500	3000	1237.000000	
3000	3000	3500	3000	1237.000000	
3000	3000	3500	3000	1237.000000	
3000	3000	3500	3000	1237.000000	
3000	3000	3500	3000	1237.000000	
3000	3000	3500	3000	1237.000000	
3000	3000	3500	3000	1238.000000	
3000	3000	3500	3000	1238.000000	
3000	3000	3500	3000	1238.000000	
3000	3000	3500	3000	1238.000000	
3000	3000	3500	3000	1238.000000	
3000	3000	3500	3000	1238.000000	
3000	3000	3500	3000	1238.000000	
3000	3000	3500	3000	1238.000000	
3000	3000	3500	3000	1238.000000	
3000	3000	3500	3000	1238.000000	
3000	3000	3500	3000	1238.000000	
3000	3000	3500	3000	1238.000000	
3000	3000	3500	3000	1238.000000	
3000	3000	3500	3000	1238.000000	
3000	3000	3500	3000	1238.000000	
3000	3000	3500	3000	1238.000000	
3418	3000	3500	3000	1238.000000	
3000	3000	3500	3000	1238.000000	
3000	3000	3500	3000	1238.000000	
3000	3000	3500	3000	1238.000000	
3000	3000	3500	3000	1238.000000	
3000	3000	3500	3000	1238.000000	
3000	3000	3500	3000	1238.000000	
3000	3000	3500	3000	1239.000000	
3000	3000	3500	3000	1239.000000	
3000	3000	3500	3000	1239.000000	
3000	3000	3500	3000	1239.000000	
3000	3000	3500	3000	1239.000000	
3000	3000	3500	3000	1239.000000	
3000	3000	3500	3000	1239.000000	
3000	3000	3500	3000	1239.000000	
3000	3000	3500	3000	1239.000000	
3175	3000	3500	3000	1239.000000	
3000	3000	3500	3000	1239.000000	
3000	3000	3500	3000	1239.000000	
3000	3000	3500	3000	1239.000000	
3000	3000	3500	3000	1239.000000	
3000	3000	3500	3000	1239.000000	
3000	3000	3500	3000	1239.000000	
3000	3000	3500	3000	1239.000000	
3000	3000	3500	3000	1239.000000	
3000	3000	3500	3000	1239.000000	
3000	3000	3500	3000	1239.000000	
3000	3000	3500	3000	1239.000000	
3000	3000	3500	3000	1239.000000	
3000	3000	3500	3000	1239.000000	
3000	3000	3500	3000	1240.000000	
3000	3000	3500	3000	1240.000000	
3000	3000	3500	3000	1240.000000	
3000	3000	3500	3000	1240.000000	
3000	3000	3500	3000	1240.000000	
3000	3000	3500	3000	1240.000000	
3000	3000	3500	3000	1240.000000	
3000	3000	3500	3000	1240.000000	
3000	3000	3500	3000	1240.000000	
3000	3000	3500	3000	1240.000000	
3000	3000	3500	3000	1240.000000	
3000	3000	3500	3000	1240.000000	
3000	3000	3500	3000	1240.000000	
3000	3000	3500	3000	1240.000000	
3000	3000	3500	3000	1240.000000	
3000	3000	3500	3000	1240.000000	
3000	3000	3500	3000	1240.000000	
3000	3000	3500	3000	1240.000000	
3000	3000	3500	3000	1240.000000	
3000	3000	3500	3000	1240.000000	
3000	3000	3500	3000	1240.000000	
3000	3000	3500	3000	1240.000000	
3000	3000	3500	3000	1240.000000	
3000	3000	3500	3000	1241.000000	
3000	3000	3500	3000	1241.000000	
3000	3000	3500	3000	1241.000000	
3000	3000	3500	3000	1241.000000	
3000	3000	3500	3000	1241.000000	
3000	3000	3500	3000	1241.000000	
3000	3000	3500	3000	1241.000000	
3000	3000	3500	3000	1241.000000	
3000	3000	3500	3000	1241.000000	
3000	3000	3500	3000	1241.000000	
3000	3000	3500	3000	1241.000000	
3000	3000	3500	3000	1241.000000	
3000	3000	3500	3000	1241.000000	
3000	3000	3500	3000	1241.000000	
3000	3000	3500	3000	1241.000000	
3000	3000	3500	3000	1241.000000	
3000	3000	3500	3000	1241.000000	
3000	3000	3500	3000	1241.000000	
3000	3000	3500	3000	1241.000000	
3000	3000	3500	3000	1241.000000	
3000	3000	3500	3000	1241.000000	
3000	3000	3500	3000	1241.000000	
3000	3000	3500	3000	1241.000000	
3000	3000	3500	3000	1242.000000	
3000	3000	3500	3000	1242.000000	
3000	3000	3500	3000	1242.000000	
3000	3000	3500	3000	1242.000000	
3000	3000	3500	3000	1242.000000	
3000	3000	3500	3000	1242.000000	
3000	3000	3500	3000	1242.000000	
3000	3000	3500	3000	1242.000000	
3000	3000	3500	3000	1242.000000	
3481	3000	3500	3000	1242.000000	
3000	3000	3500	3000	1242.000000	
3000	3000	3500	3000	1242.000000	
3000	3000	3500	3000	1242.000000	
3000	3000	3500	3000	1242.000000	
3000	3000	3500	3000	1242.000000	
3000	3000	3500	3000	1242.000000	
3000	3000	3500	3000	1242.000000	
3000	3000	3500	3000	1242.000000	
3000	3000	3500	3000	1242.000000	
3000	3000	3500	3000	1242.000000	
3000	3000	3500	3000	1242.000000	
3000	3000	3500	3000	1242.000000	
3000	3000	3500	3000	1242.000000	
3000	3000	3500	3000	1243.000000	
3000	3000	3500	3000	1243.000000	
3000	3000	3500	3000	1243.000000	
3000	3000	3500	3000	1243.000000	
3000	3000	3500	3000	1243.000000	
3000	3000	3500	3000	1243.000000	
3000	3000	3500	3000	1243.000000	
3479	3000	3500	3000	1243.000000	
3000	3000	3500	3000	1243.000000	
3000	3000	3500	3000	1243.000000	
3000	3000	3500	3000	1243.000000	
3000	3000	3500	3000	1243.000000	
3000	3000	3500	3000	1243.000000	
3000	3000	3500	3000	1243.000000	
3000	3000	3500	3000	1243.000000	
3000	3000	3500	3000	1243.000000	
3000	3000	3500	3000	1243.000000	
3000	3000	3500	3000	1243.000000	
3000	3000	3500	3000	1243.000000	
3000	3000	3500	3000	1243.000000	
3000	3000	3500	3000	1243.000000	
3000	3000	3500	3000	1243.000000	
3000	3000	3500	3000	1243.000000	
3000	3000	3500	3000	1244.000000	
3000	3000	3500	3000	1244.000000	
3000	3000	3500	3000	1244.000000	
3000	3000	3500	3000	1244.000000	
3000	3000	3500	3000	1244.000000	
3000	3000	3500	3000	1244.000000	
3000	3000	3500	3000	1244.000000	
3000	3000	3500	3000	1244.000000	
3000	3000	3500	3000	1244.000000	
3000	3000	3500	3000	1244.000000	
3000	3000	3500	3000	1244.000000	
3000	3000	3500	3000	1244.000000	
3000	3000	3500	3000	1244.000000	
3000	3000	3500	3000	1244.000000	
3000	3000	3500	3000	1244.000000	
3000	3000	3500	3000	1244.000000	
3000	3000	3500	3000	1244.000000	
3000	3000	3500	3000	1244.000000	
3000	3000	3500	3000	1244.000000	
3000	3000	3500	3000	1244.000000	
3000	3000	3500	3000	1244.000000	
3000	3000	3500	3000	1244.000000	
3000	3000	3500	3000	1244.000000	
3000	3000	3500	3000	1245.000000	
3000	3000	3500	3000	1245.000000	
3359	3000	3500	3000	1245.000000	
3000	3000	3500	3000	1245.000000	
3000	3000	3500	3000	1245.000000	
3000	3000	3500	3000	1245.000000	
3000	3000	3500	3000	1245.000000	
3000	3000	3500	3000	1245.000000	
3000	3000	3500	3000	1245.000000	
3000	3000	3500	3000	1245.000000	
3000	3000	3500	3000	1245.000000	
3000	3000	3500	3000	1245.000000	
3000	3000	3500	3000	1245.000000	
3000	3000	3500	3000	1245.000000	
3000	3000	3500	3000	1245.000000	
3000	3000	3500	3000	1245.000000	
3000	3000	3500	3000	1245.000000	
3000	3000	3500	3000	1245.000000	
3000	3000	3500	3000	1245.000000	
3000	3000	3500	3000	1245.000000	
3000	3000	3500	3000	1245.000000	
3000	3000	3500	3000	1245.000000	
3000	3000	3500	3000	1246.000000	
3000	3000	3500	3000	1246.000000	
3000	3000	3500	3000	1246.000000	
3000	3000	3500	3000	1246.000000	
3000	3000	3500	3000	1246.000000	
3000	3000	3500	3000	1246.000000	
3000	3000	3500	3000	1246.000000	
3000	3000	3500	3000	1246.000000	
3000	3000	3500	3000	1246.000000	
3000	3000	3500	3000	1246.000000	
3000	3000	3500	3000	1246.000000	
3000	3000	3500	3000	1246.000000	
3000	3000	3500	3000	1246.000000	
3000	3000	3500	3000	1246.000000	
3000	3000	3500	3000	1246.000000	
3000	3000	3500	3000	1246.000000	
3000	3000	3500	3000	1246.000000	
3000	3000	3500	3000	1246.000000	
3000	3000	3500	3000	1246.000000	
3000	3000	3500	3000	1246.000000	
3000	3000	3500	3000	1246.000000	
3000	3000	3500	3000	1246.000000	
3000	3000	3500	3000	1246.000000	
3000	3000	3500	3000	1247.000000	
3000	3000	3500	3000	1247.000000	
3000	3000	3500	3000	1247.000000	
3000	3000	3500	3000	1247.000000	
3000	3000	3500	3000	1247.000000	
3000	3000	3500	3000	1247.000000	
3000	3000	3500	3000	1247.000000	
3141	3000	3500	3000	1247.000000	
3000	3000	3500	3000	1247.000000	
3000	3000	3500	3000	1247.000000	
3000	3000	3500	3000	1247.000000	
3000	3000	3500	3000	1247.000000	
3000	3000	3500	3000	1247.000000	
3000	3000	3500	3000	1247.000000	
3000	3000	3500	3000	1247.000000	
3000	3000	3500	3000	1247.000000	
3000	3000	3500	3000	1247.000000	
3000	3000	3500	3000	1247.000000	
3000	3000	3500	3000	1247.000000	
3000	3000	3500	3000	1247.000000	
3000	3000	3500	3000	1247.000000	
3000	3000	3500	3000	1247.000000	
3000	3000	3500	3000	1247.000000	
3000	3000	3500	3000	1248.000000	
3000	3000	3500	3000	1248.000000	
3000	3000	3500	3000	1248.000000	
3000	3000	3500	3000	1248.000000	
3000	3000	3500	3000	1248.000000	
3000	3000	3500	3000	1248.000000	
3000	3000	3500	3000	1248.000000	
3000	3000	3500	3000	1248.000000	
3000	3000	3500	3000	1248.000000	
3000	3000	3500	3000	1248.000000	
3000	3000	3500	3000	1248.000000	
3000	3000	3500	3000	1248.000000	
3000	3000	3500	3000	1248.000000	
3000	3000	3500	3000	1248.000000	
3000	3000	3500	3000	1248.000000	
3000	3000	3500	3000	1248.000000	
3000	3000	3500	3000	1248.000000	
3000	3000	3500	3000	1248.000000	
3000	3000	3500	3000	1248.000000	
3000	3000	3500	3000	1248.000000	
3000	3000	3500	3000	1248.000000	
3000	3000	3500	3000	1248.000000	
3457	3000	3500	3000	1248.000000	
3000	3000	3500	3000	1249.000000	
3000	3000	3500	3000	1249.000000	
3000	3000	3500	3000	1249.000000	
3000	3000	3500	3000	1249.000000	
3000	3000	3500	3000	1249.000000	
3194	3000	3500	3000	1249.000000	
3000	3000	3500	3000	1249.000000	
3000	3000	3500	3000	1249.000000	
3000	3000	3500	3000	1249.000000	
3000	3000	3500	3000	1249.000000	
3000	3000	3500	3000	1249.000000	
3000	3000	3500	3000	1249.000000	
3000	3000	3500	3000	1249.000000	
3000	3000	3500	3000	1249.000000	
3000	3000	3500	3000	1249.000000	
3000	3000	3500	3000	1249.000000	
3000	3000	3500	3000	1249.000000	
3000	3000	3500	3000	1249.000000	
3000	3000	3500	3000	1249.000000	
3000	3000	3500	3000	1249.000000	
3000	3000	3500	3000	1249.000000	
3000	3000	3500	3000	1249.000000	
3000	3000	3500	3000	1249.000000	
3000	3000	3500	3000	1250.000000	
3000	3000	3500	3000	1250.000000	
3000	3000	3500	3000	1250.000000	
3000	3000	3500	3000	1250.000000	
3000	3000	3500	3000	1250.000000	
3000	3000	3500	3000	1250.000000	
3000	3000	3500	3000	1250.000000	
3000	3000	3500	3000	1250.000000	
3000	3000	3500	3000	1250.000000	
3000	3000	3500	3000	1250.000000	
3000	3000	3500	3000	1250.000000	
3000	3000	3500	3000	1250.000000	
3000	3000	3500	3000	1250.000000	
3000	3000	3500	3000	1250.000000	
3138	3000	3500	3000	1250.000000	
3000	3000	3500	3000	1250.000000	
3000	3000	3500	3000	1250.000000	
3000	3000	3500	3000	1250.000000	
3000	3000	3500	3000	1250.000000	
3000	3000	3500	3000	1250.000000	
3000	3000	3500	3000	1250.000000	
3000	3000	3500	3000	1250.000000	
3000	3000	3500	3000	1250.000000	
3000	3000	3500	3000	1251.000000	
3000	3000	3500	3000	1251.000000	
3000	3000	3500	3000	1251.000000	
3000	3000	3500	3000	1251.000000	
3000	3000	3500	3000	1251.000000	
3000	3000	3500	3000	1251.000000	
3000	3000	3500	3000	1251.000000	
3168	3000	3500	3000	1251.000000	
3000	3000	3500	3000	1251.000000	
3000	3000	3500	3000	1251.000000	
3000	3000	3500	3000	1251.000000	
3000	3000	3500	3000	1251.000000	
3000	3000	3500	3000	1251.000000	
3000	3000	3500	3000	1251.000000	
3000	3000	3500	3000	1251.000000	
3000	3000	3500	3000	1251.000000	
3000	3000	3500	3000	1251.000000	
3000	3000	3500	3000	1251.000000	
3000	3000	3500	3000	1251.000000	
3000	3000	3500	3000	1251.000000	
3000	3000	3500	3000	1251.000000	
3000	3000	3500	3000	1251.000000	
3000	3000	3500	3000	1251.000000	
3000	3000	3500	3000	1252.000000	
3000	3000	3500	3000	1252.000000	
3000	3000	3500	3000	1252.000000	
3000	3000	3500	3000	1252.000000	
3477	3000	3500	3000	1252.000000	
3000	3000	3500	3000	1252.000000	
3000	3000	3500	3000	1252.000000	
3000	3000	3500	3000	1252.000000	
3000	3000	3500	3000	1252.000000	
3000	3000	3500	3000	1252.000000	
3000	3000	3500	3000	1252.000000	
3000	3000	3500	3000	1252.000000	
3000	3000	3500	3000	1252.000000	
3000	3000	3500	3000	1252.000000	
3497	3000	3500	3000	1252.000000	
3000	3000	3500	3000	1252.000000	
3000	3000	3500	3000	1252.000000	
3000	3000	3500	3000	1252.000000	
3000	3000	3500	3000	1252.000000	
3000	3000	3500	3000	1252.000000	
3000	3000	3500	3000	1252.000000	
3000	3000	3500	3000	1252.000000	
3000	3000	3500	3000	1252.000000	
3000	3000	3500	3000	1253.000000	
3000	3000	3500	3000	1253.000000	
3000	3000	3500	3000	1253.000000	
3000	3000	3500	3000	1253.000000	
3000	3000	3500	3000	1253.000000	
3000	3000	3500	3000	1253.000000	
3000	3000	3500	3000	1253.000000	
3000	3000	3500	3000	1253.000000	
3000	3000	3500	3000	1253.000000	
3000	3000	3500	3000	1253.000000	
3000	3000	3500	3000	1253.000000	
3000	3000	3500	3000	1253.000000	
3000	3000	3500	3000	1253.000000	
3000	3000	3500	3000	1253.000000	
3000	3000	3500	3000	1253.000000	
3000	3000	3500	3000	1253.000000	
3000	3000	3500	3000	1253.000000	
3000	3000	3500	3000	1253.000000	
3000	3000	3500	3000	1253.000000	
3000	3000	3500	3000	1253.000000	
3000	3000	3500	3000	1253.000000	
3000	3000	3500	3000	1253.000000	
3000	3000	3500	3000	1253.000000	
3000	3000	3500	3000	1254.000000	
3000	3000	3500	3000	1254.000000	
3000	3000	3500	3000	1254.000000	
3000	3000	3500	3000	1254.000000	
3000	3000	3500	3000	1254.000000	
3000	3000	3500	3000	1254.000000	
3000	3000	3500	3000	1254.000000	
3000	3000	3500	3000	1254.000000	
3000	3000	3500	3000	1254.000000	
3000	3000	3500	3000	1254.000000	
3000	3000	3500	3000	1254.000000	
3000	3000	3500	3000	1254.000000	
3000	3000	3500	3000	1254.000000	
3444	3000	3500	3000	1254.000000	
3000	3000	3500	3000	1254.000000	
3000	3000	3500	3000	1254.000000	
3000	3000	3500	3000	1254.000000	
3000	3000	3500	3000	1254.000000	
3000	3000	3500	3000	1254.000000	
3000	3000	3500	3000	1254.000000	
3000	3000	3500	3000	1254.000000	
3000	3000	3500	3000	1254.000000	
3000	3000	3500	3000	1255.000000	
3000	3000	3500	3000	1255.000000	
3000	3000	3500	3000	1255.000000	
3000	3000	3500	3000	1255.000000	
3000	3000	3500	3000	1255.000000	
3176	3000	3500	3000	1255.000000	
3000	3000	3500	3000	1255.000000	
3000	3000	3500	3000	1255.000000	
3000	3000	3500	3000	1255.000000	
3000	3000	3500	3000	1255.000000	
3000	3000	3500	3000	1255.000000	
3000	3000	3500	3000	1255.000000	
3000	3000	3500	3000	1255.000000	
3000	3000	3500	3000	1255.000000	
3000	3000	3500	3000	1255.000000	
3000	3000	3500	3000	1255.000000	
3000	3000	3500	3000	1255.000000	
3000	3000	3500	3000	1255.000000	
3000	3000	3500	3000	1255.000000	
3000	3000	3500	3000	1255.000000	
3000	3000	3500	3000	1255.000000	
3000	3000	3500	3000	1255.000000	
3000	3000	3500	3000	1255.000000	
3000	3000	3500	3000	1256.000000	
3000	3000	3500	3000	1256.000000	
3000	3000	3500	3000	1256.000000	
3000	3000	3500	3000	1256.000000	
3000	3000	3500	3000	1256.000000	
3000	3000	3500	3000	1256.000000	
3000	3000	3500	3000	1256.000000	
3000	3000	3500	3000	1256.000000	
3000	3000	3500	3000	1256.000000	
3000	3000	3500	3000	1256.000000	
3000	3000	3500	3000	1256.000000	
3000	3000	3500	3000	1256.000000	
3000	3000	3500	3000	1256.000000	
3000	3000	3500	3000	1256.000000	
3000	3000	3500	3000	1256.000000	
3000	3000	3500	3000	1256.000000	
3000	3000	3500	3000	1256.000000	
3000	3000	3500	3000	1256.000000	
3000	3000	3500	3000	1256.000000	
3000	3000	3500	3000	1256.000000	
3000	3000	3500	3000	1256.000000	
3000	3000	3500	3000	1256.000000	
3000	3000	3500	3000	1256.000000	
3000	3000	3500	3000	1257.000000	
3000	3000	3500	3000	1257.000000	
3000	3000	3500	3000	1257.000000	
3000	3000	3500	3000	1257.000000	
3000	3000	3500	3000	1257.000000	
3000	3000	3500	3000	1257.000000	
3000	3000	3500	3000	1257.000000	
3231	3000	3500	3000	1257.000000	
3000	3000	3500	3000	1257.000000	
3000	3000	3500	3000	1257.000000	
3000	3000	3500	3000	1257.000000	
3000	3000	3500	3000	1257.000000	
3000	3000	3500	3000	1257.000000	
3000	3000	3500	3000	1257.000000	
3000	3000	3500	3000	1257.000000	
3217	3000	3500	3000	1257.000000	
3000	3000	3500	3000	1257.000000	
3000	3000	3500	3000	1257.000000	
3000	3000	3500	3000	1257.000000	
3000	3000	3500	3000	1257.000000	
3000	3000	3500	3000	1257.000000	
3000	3000	3500	3000	1257.000000	
3000	3000	3500	3000	1257.000000	
3000	3000	3500	3000	1258.000000	
3000	3000	3500	3000	1258.000000	
3000	3000	3500	3000	1258.000000	
3000	3000	3500	3000	1258.000000	
3000	3000	3500	3000	1258.000000	
3000	3000	3500	3000	1258.000000	
3000	3000	3500	3000	1258.000000	
3000	3000	3500	3000	1258.000000	
3000	3000	3500	3000	1258.000000	
3000	3000	3500	3000	1258.000000	
3000	3000	3500	3000	1258.000000	
3392	3000	3500	3000	1258.000000	
3000	3000	3500	3000	1258.000000	
3000	3000	3500	3000	1258.000000	
3000	3000	3500	3000	1258.000000	
3000	3000	3500	3000	1258.000000	
3234	3000	3500	3000	1258.000000	
3000	3000	3500	3000	1258.000000	
3000	3000	3500	3000	1258.000000	
3000	3000	3500	3000	1258.000000	
3000	3000	3500	3000	1258.000000	
3000	3000	3500	3000	1258.000000	
3000	3000	3500	3000	1258.000000	
3000	3000	3500	3000	1259.000000	
3000	3000	3500	3000	1259.000000	
3216	3000	3500	3000	1259.000000	
3000	3000	3500	3000	1259.000000	
3000	3000	3500	3000	1259.000000	
3000	3000	3500	3000	1259.000000	
3109	3000	3500	3000	1259.000000	
3000	3000	3500	3000	1259.000000	
3000	3000	3500	3000	1259.000000	
3000	3000	3500	3000	1259.000000	
3000	3000	3500	3000	1259.000000	
3000	3000	3500	3000	1259.000000	
3000	3000	3500	3000	1259.000000	
3000	3000	3500	3000	1259.000000	
3000	3000	3500	3000	1259.000000	
3000	3000	3500	3000	1259.000000	
3000	3000	3500	3000	1259.000000	
3000	3000	3500	3000	1259.000000	
3000	3000	3500	3000	1259.000000	
3000	3000	3500	3000	1259.000000	
3000	3000	3500	3000	1259.000000	
3169	3000	3500	3000	1259.000000	
3000	3000	3500	3000	1259.000000	
3000	3000	3500	3000	1260.000000	
3000	3000	3500	3000	1260.000000	
3000	3000	3500	3000	1260.000000	
3000	3000	3500	3000	1260.000000	
3000	3000	3500	3000	1260.000000	
3000	3000	3500	3000	1260.000000	
3000	3000	3500	3000	1260.000000	
3000	3000	3500	3000	1260.000000	
3000	3000	3500	3000	1260.000000	
3000	3000	3500	3000	1260.000000	
3000	3000	3500	3000	1260.000000	
3000	3000	3500	3000	1260.000000	
3000	3000	3500	3000	1260.000000	
3000	3000	3500	3000	1260.000000	
3000	3000	3500	3000	1260.000000	
3000	3000	3500	3000	1260.000000	
3000	3000	3500	3000	1260.000000	
3418	3000	3500	3000	1260.000000	
3000	3000	3500	3000	1260.000000	
3000	3000	3500	3000	1260.000000	
3000	3000	3500	3000	1260.000000	
3462	3000	3500	3000	1260.000000	
3000	3000	3500	3000	1260.000000	
3000	3000	3500	3000	1261.000000	
3000	3000	3500	3000	1261.000000	
3000	3000	3500	3000	1261.000000	
3000	3000	3500	3000	1261.000000	
3000	3000	3500	3000	1261.000000	
3000	3000	3500	3000	1261.000000	
3000	3000	3500	3000	1261.000000	
3000	3000	3500	3000	1261.000000	
3000	3000	3500	3000	1261.000000	
3000	3000	3500	3000	1261.000000	
3000	3000	3500	3000	1261.000000	
3000	3000	3500	3000	1261.000000	
3000	3000	3500	3000	1261.000000	
3000	3000	3500	3000	1261.000000	
3000	3000	3500	3000	1261.000000	
3000	3000	3500	3000	1261.000000	
3000	3000	3500	3000	1261.000000	
3000	3000	3500	3000	1261.000000	
3000	3000	3500	3000	1261.000000	
3000	3000	3500	3000	1261.000000	
3000	3000	3500	3000	1261.000000	
3000	3000	3500	3000	1261.000000	
3000	3000	3500	3000	1261.000000	
3000	3000	3500	3000	1262.000000	
3341	3000	3500	3000	1262.000000	
3000	3000	3500	3000	1262.000000	
3000	3000	3500	3000	1262.000000	
3000	3000	3500	3000	1262.000000	
3000	3000	3500	3000	1262.000000	
3142	3000	3500	3000	1262.000000	
3000	3000	3500	3000	1262.000000	
3000	3000	3500	3000	1262.000000	
3000	3000	3500	3000	1262.000000	
3000	3000	3500	3000	1262.000000	
3000	3000	3500	3000	1262.000000	
3000	3000	3500	3000	1262.000000	
3000	3000	3500	3000	1262.000000	
3000	3000	3500	3000	1262.000000	
3000	3000	3500	3000	1262.000000	
3000	3000	3500	3000	1262.000000	
3000	3000	3500	3000	1262.000000	
3000	3000	3500	3000	1262.000000	
3000	3000	3500	3000	1262.000000	
3000	3000	3500	3000	1262.000000	
3000	3000	3500	3000	1262.000000	
3000	3000	3500	3000	1262.000000	
3000	3000	3500	3000	1263.000000	
3000	3000	3500	3000	1263.000000	
3000	3000	3500	3000	1263.000000	
3000	3000	3500	3000	1263.000000	
3000	3000	3500	3000	1263.000000	
3000	3000	3500	3000	1263.000000	
3000	3000	3500	3000	1263.000000	
3000	3000	3500	3000	1263.000000	
3000	3000	3500	3000	1263.000000	
3000	3000	3500	3000	1263.000000	
3000	3000	3500	3000	1263.000000	
3000	3000	3500	3000	1263.000000	
3000	3000	3500	3000	1263.000000	
3000	3000	3500	3000	1263.000000	
3000	3000	3500	3000	1263.000000	
3000	3000	3500	3000	1263.000000	
3000	3000	3500	3000	1263.000000	
3000	3000	3500	3000	1263.000000	
3000	3000	3500	3000	1263.000000	
3000	3000	3500	3000	1263.000000	
3000	3000	3500	3000	1263.000000	
3047	3000	3500	3000	1263.000000	
3000	3000	3500	3000	1264.000000	
3000	3000	3500	3000	1264.000000	
3000	3000	3500	3000	1264.000000	
3000	3000	3500	3000	1264.000000	
3384	3000	3500	3000	1264.000000	
3000	3000	3500	3000	1264.000000	
3000	3000	3500	3000	1264.000000	
3000	3000	3500	3000	1264.000000	
3000	3000	3500	3000	1264.000000	
3000	3000	3500	3000	1264.000000	
3000	3000	3500	3000	1264.000000	
3000	3000	3500	3000	1264.000000	
3000	3000	3500	3000	1264.000000	
3000	3000	3500	3000	1264.000000	
3000	3000	3500	3000	1264.000000	
3000	3000	3500	3000	1264.000000	
3000	3000	3500	3000	1264.000000	
3000	3000	3500	3000	1264.000000	
3000	3000	3500	3000	1264.000000	
3000	3000	3500	3000	1264.000000	
3000	3000	3500	3000	1264.000000	
3000	3000	3500	3000	1264.000000	
3000	3000	3500	3000	1264.000000	
3000	3000	3500	3000	1265.000000	
3000	3000	3500	3000	1265.000000	
3000	3000	3500	3000	1265.000000	
3000	3000	3500	3000	1265.000000	
3000	3000	3500	3000	1265.000000	
3000	3000	3500	3000	1265.000000	
3000	3000	3500	3000	1265.000000	
3000	3000	3500	3000	1265.000000	
3000	3000	3500	3000	1265.000000	
3000	3000	3500	3000	1265.000000	
3000	3000	3500	3000	1265.000000	
3000	3000	3500	3000	1265.000000	
3000	3000	3500	3000	1265.000000	
3000	3000	3500	3000	1265.000000	
3187	3000	3500	3000	1265.000000	
3000	3000	3500	3000	1265.000000	
3000	3000	3500	3000	1265.000000	
3000	3000	3500	3000	1265.000000	
3000	3000	3500	3000	1265.000000	
3000	3000	3500	3000	1265.000000	
3000	3000	3500	3000	1265.000000	
3000	3000	3500	3000	1265.000000	
3000	3000	3500	3000	1265.000000	
3000	3000	3500	3000	1266.000000	
3000	3000	3500	3000	1266.000000	
3000	3000	3500	3000	1266.000000	
3000	3000	3500	3000	1266.000000	
3000	3000	3500	3000	1266.000000	
3000	3000	3500	3000	1266.000000	
3000	3000	3500	3000	1266.000000	
3000	3000	3500	3000	1266.000000	
3000	3000	3500	3000	1266.000000	
3000	3000	3500	3000	1266.000000	
3000	3000	3500	3000	1266.000000	
3000	3000	3500	3000	1266.000000	
3000	3000	3500	3000	1266.000000	
3000	3000	3500	3000	1266.000000	
3000	3000	3500	3000	1266.000000	
3000	3000	3500	3000	1266.000000	
3000	3000	3500	3000	1266.000000	
3000	3000	3500	3000	1266.000000	
3000	3000	3500	3000	1266.000000	
3000	3000	3500	3000	1266.000000	
3055	3000	3500	3000	1266.000000	
3000	3000	3500	3000	1266.000000	
3000	3000	3500	3000	1266.000000	
3000	3000	3500	3000	1267.000000	
3000	3000	3500	3000	1267.000000	
3000	3000	3500	3000	1267.000000	
3000	3000	3500	3000	1267.000000	
3000	3000	3500	3000	1267.000000	
3000	3000	3500	3000	1267.000000	
3000	3000	3500	3000	1267.000000	
3000	3000	3500	3000	1267.000000	
3000	3000	3500	3000	1267.000000	
3000	3000	3500	3000	1267.000000	
3000	3000	3500	3000	1267.000000	
3000	3000	3500	3000	1267.000000	
3000	3000	3500	3000	1267.000000	
3000	3000	3500	3000	1267.000000	
3000	3000	3500	3000	1267.000000	
3000	3000	3500	3000	1267.000000	
3000	3000	3500	3000	1267.000000	
3000	3000	3500	3000	1267.000000	
3000	3000	3500	3000	1267.000000	
3000	3000	3500	3000	1267.000000	
3000	3000	3500	3000	1267.000000	
3000	3000	3500	3000	1267.000000	
3000	3000	3500	3000	1267.000000	
3000	3000	3500	3000	1268.000000	
3000	3000	3500	3000	1268.000000	
3000	3000	3500	3000	1268.000000	
3000	3000	3500	3000	1268.000000	
3000	3000	3500	3000	1268.000000	
3000	3000	3500	3000	1268.000000	
3000	3000	3500	3000	1268.000000	
3000	3000	3500	3000	1268.000000	
3236	3000	3500	3000	1268.000000	
3000	3000	3500	3000	1268.000000	
3000	3000	3500	3000	1268.000000	
3000	3000	3500	3000	1268.000000	
3000	3000	3500	3000	1268.000000	
3000	3000	3500	3000	1268.000000	
3000	3000	3500	3000	1268.000000	
3344	3000	3500	3000	1268.000000	
3000	3000	3500	3000	1268.000000	
3000	3000	3500	3000	1268.000000	
3000	3000	3500	3000	1268.000000	
3000	3000	3500	3000	1268.000000	
3000	3000	3500	3000	1268.000000	
3000	3000	3500	3000	1268.000000	
3000	3000	3500	3000	1268.000000	
3000	3000	3500	3000	1269.000000	
3000	3000	3500	3000	1269.000000	
3000	3000	3500	3000	1269.000000	
3000	3000	3500	3000	1269.000000	
3000	3000	3500	3000	1269.000000	
3000	3000	3500	3000	1269.000000	
3000	3000	3500	3000	1269.000000	
3000	3000	3500	3000	1269.000000	
3000	3000	3500	3000	1269.000000	
3000	3000	3500	3000	1269.000000	
3000	3000	3500	3000	1269.000000	
3000	3000	3500	3000	1269.000000	
3000	3000	3500	3000	1269.000000	
3000	3000	3500	3000	1269.000000	
3000	3000	3500	3000	1269.000000	
3000	3000	3500	3000	1269.000000	
3000	3000	3500	3000	1269.000000	
3000	3000	3500	3000	1269.000000	
3000	3000	3500	3000	1269.000000	
3000	3000	3500	3000	1269.000000	
3000	3000	3500	3000	1269.000000	
3000	3000	3500	3000	1269.000000	
3000	3000	3500	3000	1269.000000	
3000	3000	3500	3000	1270.000000	
3000	3000	3500	3000	1270.000000	
3000	3000	3500	3000	1270.000000	
3000	3000	3500	3000	1270.000000	
3000	3000	3500	3000	1270.000000	
3000	3000	3500	3000	1270.000000	
3000	3000	3500	3000	1270.000000	
3000	3000	3500	3000	1270.000000	
3000	3000	3500	3000	1270.000000	
3000	3000	3500	3000	1270.000000	
3000	3000	3500	3000	1270.000000	
3000	3000	3500	3000	1270.000000	
3000	3000	3500	3000	1270.000000	
3000	3000	3500	3000	1270.000000	
3000	3000	3500	3000	1270.000000	
3000	3000	3500	3000	1270.000000	
3000	3000	3500	3000	1270.000000	
3000	3000	3500	3000	1270.000000	
3000	3000	3500	3000	1270.000000	
3000	3000	3500	3000	1270.000000	
3000	3000	3500	3000	1270.000000	
3000	3000	3500	3000	1270.000000	
3000	3000	3500	3000	1270.000000	
3000	3000	3500	3000	1271.000000	
3000	3000	3500	3000	1271.000000	
3000	3000	3500	3000	1271.000000	
3000	3000	3500	3000	1271.000000	
3000	3000	3500	3000	1271.000000	
3000	3000	3500	3000	1271.000000	
3000	3000	3500	3000	1271.000000	
3000	3000	3500	3000	1271.000000	
3000	3000	3500	3000	1271.000000	
3000	3000	3500	3000	1271.000000	
3000	3000	3500	3000	1271.000000	
3000	3000	3500	3000	1271.000000	
3000	3000	3500	3000	1271.000000	
3000	3000	3500	3000	1271.000000	
3000	3000	3500	3000	1271.000000	
3000	3000	3500	3000	1271.000000	
3000	3000	3500	3000	1271.000000	
3000	3000	3500	3000	1271.000000	
3000	3000	3500	3000	1271.000000	
3000	3000	3500	3000	1271.000000	
3000	3000	3500	3000	1271.000000	
3000	3000	3500	3000	1271.000000	
3000	3000	3500	3000	1272.000000	
3000	3000	3500	3000	1272.000000	
3000	3000	3500	3000	1272.000000	
3000	3000	3500	3000	1272.000000	
3000	3000	3500	3000	1272.000000	
3000	3000	3500	3000	1272.000000	
3000	3000	3500	3000	1272.000000	
3334	3000	3500	3000	1272.000000	
3000	3000	3500	3000	1272.000000	
3000	3000	3500	3000	1272.000000	
3000	3000	3500	3000	1272.000000	
3000	3000	3500	3000	1272.000000	
3000	3000	3500	3000	1272.000000	
3000	3000	3500	3000	1272.000000	
3000	3000	3500	3000	1272.000000	
3000	3000	3500	3000	1272.000000	
3000	3000	3500	3000	1272.000000	
3000	3000	3500	3000	1272.000000	
3000	3000	3500	3000	1272.000000	
3000	3000	3500	3000	1272.000000	
3000	3000	3500	3000	1272.000000	
3000	3000	3500	3000	1272.000000	
3000	3000	3500	3000	1272.000000	
3000	3000	3500	3000	1273.000000	
3000	3000	3500	3000	1273.000000	
3000	3000	3500	3000	1273.000000	
3000	3000	3500	3000	1273.000000	
3000	3000	3500	3000	1273.000000	
3000	3000	3500	3000	1273.000000	
3000	3000	3500	3000	1273.000000	
3000	3000	3500	3000	1273.000000	
3000	3000	3500	3000	1273.000000	
3000	3000	3500	3000	1273.000000	
3000	3000	3500	3000	1273.000000	
3000	3000	3500	3000	1273.000000	
3000	3000	3500	3000	1273.000000	
3000	3000	3500	3000	1273.000000	
3000	3000	3500	3000	1273.000000	
3000	3000	3500	3000	1273.000000	
3000	3000	3500	3000	1273.000000	
3000	3000	3500	3000	1273.000000	
3000	3000	3500	3000	1273.000000	
3000	3000	3500	3000	1273.000000	
3000	3000	3500	3000	1273.000000	
3000	3000	3500	3000	1273.000000	
3000	3000	3500	3000	1273.000000	
3000	3000	3500	3000	1274.000000	
3000	3000	3500	3000	1274.000000	
3000	3000	3500	3000	1274.000000	
3000	3000	3500	3000	1274.000000	
3000	3000	3500	3000	1274.000000	
3000	3000	3500	3000	1274.000000	
3000	3000	3500	3000	1274.000000	
3000	3000	3500	3000	1274.000000	
3000	3000	3500	3000	1274.000000	
3000	3000	3500	3000	1274.000000	
3000	3000	3500	3000	1274.000000	
3000	3000	3500	3000	1274.000000	
3000	3000	3500	3000	1274.000000	
3000	3000	3500	3000	1274.000000	
3000	3000	3500	3000	1274.000000	
3000	3000	3500	3000	1274.000000	
3000	3000	3500	3000	1274.000000	
3000	3000	3500	3000	1274.000000	
3000	3000	3500	3000	1274.000000	
3000	3000	3500	3000	1274.000000	
3000	3000	3500	3000	1274.000000	
3000	3000	3500	3000	1274.000000	
3000	3000	3500	3000	1274.000000	
3000	3000	3500	3000	1275.000000	
3000	3000	3500	3000	1275.000000	
3000	3000	3500	3000	1275.000000	
3000	3000	3500	3000	1275.000000	
3000	3000	3500	3000	1275.000000	
3150	3000	3500	3000	1275.000000	
3000	3000	3500	3000	1275.000000	
3000	3000	3500	3000	1275.000000	
3000	3000	3500	3000	1275.000000	
3000	3000	3500	3000	1275.000000	
3000	3000	3500	3000	1275.000000	
3000	3000	3500	3000	1275.000000	
3000	3000	3500	3000	1275.000000	
3000	3000	3500	3000	1275.000000	
3000	3000	3500	3000	1275.000000	
3000	3000	3500	3000	1275.000000	
3000	3000	3500	3000	1275.000000	
3000	3000	3500	3000	1275.000000	
3000	3000	3500	3000	1275.000000	
3000	3000	3500	3000	1275.000000	
3368	3000	3500	3000	1275.000000	
3000	3000	3500	3000	1275.000000	
3000	3000	3500	3000	1275.000000	
3000	3000	3500	3000	1276.000000	
3000	3000	3500	3000	1276.000000	
3000	3000	3500	3000	1276.000000	
3000	3000	3500	3000	1276.000000	
3000	3000	3500	3000	1276.000000	
3000	3000	3500	3000	1276.000000	
3000	3000	3500	3000	1276.000000	
3000	3000	3500	3000	1276.000000	
3000	3000	3500	3000	1276.000000	
3000	3000	3500	3000	1276.000000	
3000	3000	3500	3000	1276.000000	
3000	3000	3500	3000	1276.000000	
3000	3000	3500	3000	1276.000000	
3000	3000	3500	3000	1276.000000	
3000	3000	3500	3000	1276.000000	
3490	3000	3500	3000	1276.000000	
3000	3000	3500	3000	1276.000000	
3000	3000	3500	3000	1276.000000	
3495	3000	3500	3000	1276.000000	
3000	3000	3500	3000	1276.000000	
3000	3000	3500	3000	1276.000000	
3000	3000	3500	3000	1276.000000	
3000	3000	3500	3000	1276.000000	
3000	3000	3500	3000	1277.000000	
3000	3000	3500	3000	1277.000000	
3000	3000	3500	3000	1277.000000	
3449	3000	3500	3000	1277.000000	
3000	3000	3500	3000	1277.000000	
3000	3000	3500	3000	1277.000000	
3000	3000	3500	3000	1277.000000	
3000	3000	3500	3000	1277.000000	
3000	3000	3500	3000	1277.000000	
3000	3000	3500	3000	1277.000000	
3000	3000	3500	3000	1277.000000	
3000	3000	3500	3000	1277.000000	
3000	3000	3500	3000	1277.000000	
3000	3000	3500	3000	1277.000000	
3000	3000	3500	3000	1277.000000	
3000	3000	3500	3000	1277.000000	
3000	3000	3500	3000	1277.000000	
3000	3000	3500	3000	1277.000000	
3000	3000	3500	3000	1277.000000	
3000	3000	3500	3000	1277.000000	
3000	3000	3500	3000	1277.000000	
3000	3000	3500	3000	1277.000000	
3000	3000	3500	3000	1277.000000	
3000	3000	3500	3000	1278.000000	
3000	3000	3500	3000	1278.000000	
3000	3000	3500	3000	1278.000000	
3000	3000	3500	3000	1278.000000	
3000	3000	3500	3000	1278.000000	
3000	3000	3500	3000	1278.000000	
3000	3000	3500	3000	1278.000000	
3000	3000	3500	3000	1278.000000	
3000	3000	3500	3000	1278.000000	
3000	3000	3500	3000	1278.000000	
3000	3000	3500	3000	1278.000000	
3000	3000	3500	3000	1278.000000	
3000	3000	3500	3000	1278.000000	
3000	3000	3500	3000	1278.000000	
3000	3000	3500	3000	1278.000000	
3000	3000	3500	3000	1278.000000	
3000	3000	3500	3000	1278.000000	
3000	3000	3500	3000	1278.000000	
3000	3000	3500	3000	1278.000000	
3000	3000	3500	3000	1278.000000	
3000	3000	3500	3000	1278.000000	
3000	3000	3500	3000	1278.000000	
3000	3000	3500	3000	1278.000000	
3000	3000	3500	3000	1279.000000	
3000	3000	3500	3000	1279.000000	
3000	3000	3500	3000	1279.000000	
3000	3000	3500	3000	1279.000000	
3000	3000	3500	3000	1279.000000	
3000	3000	3500	3000	1279.000000	
3000	3000	3500	3000	1279.000000	
3000	3000	3500	3000	1279.000000	
3000	3000	3500	3000	1279.000000	
3000	3000	3500	3000	1279.000000	
3000	3000	3500	3000	1279.000000	
3000	3000	3500	3000	1279.000000	
3024	3000	3500	3000	1279.000000	
3000	3000	3500	3000	1279.000000	
3495	3000	3500	3000	1279.000000	
3000	3000	3500	3000	1279.000000	
3137	3024	3500	3024	1278.000000	
3000	3000	3500	3000	1279.000000	
3000	3000	3500	3000	1279.000000	
3444	3000	3500	3000	1279.000000	
3000	3000	3500	3000	1279.000000	
3000	3000	3500	3000	1279.000000	
3000	3000	3500	3000	1279.000000	
3000	3000	3500	3000	1280.000000	
3000	3000	3500	3000	1280.000000	
3000	3000	3500	3000	1280.000000	
3000	3000	3500	3000	1280.000000	
3000	3000	3500	3000	1280.000000	
3000	3000	3500	3000	1280.000000	
3000	3000	3500	3000	1280.000000	
3000	3000	3500	3000	1280.000000	
3000	3000	3500	3000	1280.000000	
3000	3000	3500	3000	1280.000000	
3000	3000	3500	3000	1280.000000	
3000	3000	3500	3000	1280.000000	
3000	3000	3500	3000	1280.000000	
3000	3000	3500	3000	1280.000000	
3000	3000	3500	3000	1280.000000	
3000	3000	3500	3000	1280.000000	
3000	3000	3500	3000	1280.000000	
3000	3000	3500	3000	1280.000000	
3000	3000	3500	3000	1280.000000	
3000	3000	3500	3000	1280.000000	
3434	3000	3500	3000	1280.000000	
3000	3000	3500	3000	1280.000000	
3000	3000	3500	3000	1281.000000	
3000	3000	3500	3000	1281.000000	
3000	3000	3500	3000	1281.000000	
3000	3000	3500	3000	1281.000000	
3000	3000	3500	3000	1281.000000	
3000	3000	3500	3000	1281.000000	
3000	3000	3500	3000	1281.000000	
3000	3000	3500	3000	1281.000000	
3000	3000	3500	3000	1281.000000	
3000	3000	3500	3000	1281.000000	
3000	3000	3500	3000	1281.000000	
3000	3000	3500	3000	1281.000000	
3394	3000	3500	3000	1281.000000	
3000	3000	3500	3000	1281.000000	
3000	3000	3500	3000	1281.000000	
3120	3000	3500	3000	1281.000000	
3000	3000	3500	3000	1281.000000	
3479	3000	3500	3000	1281.000000	
3000	3000	3500	3000	1281.000000	
3000	3000	3500	3000	1281.000000	
3000	3000	3500	3000	1281.000000	
3000	3000	3500	3000	1281.000000	
3000	3000	3500	3000	1281.000000	
3074	3000	3500	3000	1282.000000	
3000	3000	3500	3000	1282.000000	
3000	3000	3500	3000	1282.000000	
3000	3000	3500	3000	1282.000000	
3000	3000	3500	3000	1282.000000	
3219	3000	3500	3000	1282.000000	
3000	3000	3500	3000	1282.000000	
3000	3000	3500	3000	1282.000000	
3000	3000	3500	3000	1282.000000	
3000	3000	3500	3000	1282.000000	
3000	3000	3500	3000	1282.000000	
3000	3000	3500	3000	1282.000000	
3000	3000	3500	3000	1282.000000	
3000	3000	3500	3000	1282.000000	
3000	3000	3500	3000	1282.000000	
3000	3000	3500	3000	1282.000000	
3000	3000	3500	3000	1282.000000	
3000	3000	3500	3000	1282.000000	
3000	3000	3500	3000	1282.000000	
3000	3000	3500	3000	1282.000000	
3000	3000	3500	3000	1282.000000	
3000	3000	3500	3000	1282.000000	
3000	3000	3500	3000	1282.000000	
3000	3000	3500	3000	1283.000000	
3000	3000	3500	3000	1283.000000	
3000	3000	3500	3000	1283.000000	
3000	3000	3500	3000	1283.000000	
3000	3000	3500	3000	1283.000000	
3000	3000	3500	3000	1283.000000	
3000	3000	3500	3000	1283.000000	
3000	3000	3500	3000	1283.000000	
3000	3000	3500	3000	1283.000000	
3000	3000	3500	3000	1283.000000	
3000	3000	3500	3000	1283.000000	
3055	3000	3500	3000	1283.000000	
3000	3000	3500	3000	1283.000000	
3000	3000	3500	3000	1283.000000	
3000	3000	3500	3000	1283.000000	
3000	3000	3500	3000	1283.000000	
3000	3000	3500	3000	1283.000000	
3000	3000	3500	3000	1283.000000	
3000	3000	3500	3000	1283.000000	
3000	3000	3500	3000	1283.000000	
3000	3000	3500	3000	1283.000000	
3000	3000	3500	3000	1283.000000	
3000	3000	3500	3000	1283.000000	
3000	3000	3500	3000	1284.000000	
3106	3000	3500	3000	1284.000000	
3000	3000	3500	3000	1284.000000	
3000	3000	3500	3000	1284.000000	
3000	3000	3500	3000	1284.000000	
3000	3000	3500	3000	1284.000000	
3000	3000	3500	3000	1284.000000	
3000	3000	3500	3000	1284.000000	
3000	3000	3500	3000	1284.000000	
3000	3000	3500	3000	1284.000000	
3000	3000	3500	3000	1284.000000	
3000	3000	3500	3000	1284.000000	
3000	3000	3500	3000	1284.000000	
3000	3000	3500	3000	1284.000000	
3000	3000	3500	3000	1284.000000	
3000	3000	3500	3000	1284.000000	
3000	3000	3500	3000	1284.000000	
3000	3000	3500	3000	1284.000000	
3048	3000	3500	3000	1284.000000	
3000	3000	3500	3000	1284.000000	
3000	3000	3500	3000	1284.000000	
3000	3000	3500	3000	1284.000000	
3000	3000	3500	3000	1284.000000	
3000	3000	3500	3000	1285.000000	
3000	3000	3500	3000	1285.000000	
3000	3000	3500	3000	1285.000000	
3000	3000	3500	3000	1285.000000	
3000	3000	3500	3000	1285.000000	
3000	3000	3500	3000	1285.000000	
3000	3000	3500	3000	1285.000000	
3000	3000	3500	3000	1285.000000	
3000	3000	3500	3000	1285.000000	
3000	3000	3500	3000	1285.000000	
3000	3000	3500	3000	1285.000000	
3000	3000	3500	3000	1285.000000	
3000	3000	3500	3000	1285.000000	
3000	3000	3500	3000	1285.000000	
3000	3000	3500	3000	1285.000000	
3000	3000	3500	3000	1285.000000	
3000	3000	3500	3000	1285.000000	
3000	3000	3500	3000	1285.000000	
3000	3000	3500	3000	1285.000000	
3000	3000	3500	3000	1285.000000	
3000	3000	3500	3000	1285.000000	
3000	3000	3500	3000	1285.000000	
3290	3000	3500	3000	1285.000000	
3000	3000	3500	3000	1286.000000	
3000	3000	3500	3000	1286.000000	
3000	3000	3500	3000	1286.000000	
3000	3000	3500	3000	1286.000000	
3000	3000	3500	3000	1286.000000	
3000	3000	3500	3000	1286.000000	
3000	3000	3500	3000	1286.000000	
3000	3000	3500	3000	1286.000000	
3000	3000	3500	3000	1286.000000	
3000	3000	3500	3000	1286.000000	
3000	3000	3500	3000	1286.000000	
3000	3000	3500	3000	1286.000000	
3000	3000	3500	3000	1286.000000	
3000	3000	3500	3000	1286.000000	
3000	3000	3500	3000	1286.000000	
3000	3000	3500	3000	1286.000000	
3000	3000	3500	3000	1286.000000	
3000	3000	3500	3000	1286.000000	
3000	3000	3500	3000	1286.000000	
3000	3000	3500	3000	1286.000000	
3000	3000	3500	3000	1286.000000	
3000	3000	3500	3000	1286.000000	
3000	3000	3500	3000	1286.000000	
3000	3000	3500	3000	1287.000000	
3000	3000	3500	3000	1287.000000	
3276	3000	3500	3000	1287.000000	
3000	3000	3500	3000	1287.000000	
3000	3000	3500	3000	1287.000000	
3000	3000	3500	3000	1287.000000	
3155	3000	3500	3000	1287.000000	
3000	3000	3500	3000	1287.000000	
3000	3000	3500	3000	1287.000000	
3000	3000	3500	3000	1287.000000	
3000	3000	3500	3000	1287.000000	
3134	3000	3500	3000	1287.000000	
3000	3000	3500	3000	1287.000000	
3000	3000	3500	3000	1287.000000	
3000	3000	3500	3000	1287.000000	
3000	3000	3500	3000	1287.000000	
3000	3000	3500	3000	1287.000000	
3000	3000	3500	3000	1287.000000	
3000	3000	3500	3000	1287.000000	
3000	3000	3500	3000	1287.000000	
3000	3000	3500	3000	1287.000000	
3288	3000	3500	3000	1287.000000	
3000	3000	3500	3000	1287.000000	
3000	3000	3500	3000	1288.000000	
3000	3000	3500	3000	1288.000000	
3000	3000	3500	3000	1288.000000	
3000	3000	3500	3000	1288.000000	
3000	3000	3500	3000	1288.000000	
3000	3000	3500	3000	1288.000000	
3000	3000	3500	3000	1288.000000	
3000	3000	3500	3000	1288.000000	
3000	3000	3500	3000	1288.000000	
3000	3000	3500	3000	1288.000000	
3000	3000	3500	3000	1288.000000	
3000	3000	3500	3000	1288.000000	
3000	3000	3500	3000	1288.000000	
3000	3000	3500	3000	1288.000000	
3000	3000	3500	3000	1288.000000	
3000	3000	3500	3000	1288.000000	
3000	3000	3500	3000	1288.000000	
3000	3000	3500	3000	1288.000000	
3000	3000	3500	3000	1288.000000	
3000	3000	3500	3000	1288.000000	
3000	3000	3500	3000	1288.000000	
3000	3000	3500	3000	1288.000000	
3000	3000	3500	3000	1289.000000	
3000	3000	3500	3000	1289.000000	
3000	3000	3500	3000	1289.000000	
3000	3000	3500	3000	1289.000000	
3000	3000	3500	3000	1289.000000	
3000	3000	3500	3000	1289.000000	
3000	3000	3500	3000	1289.000000	
3000	3000	3500	3000	1289.000000	
3000	3000	3500	3000	1289.000000	
3000	3000	3500	3000	1289.000000	
3000	3000	3500	3000	1289.000000	
3000	3000	3500	3000	1289.000000	
3000	3000	3500	3000	1289.000000	
3000	3000	3500	3000	1289.000000	
3000	3000	3500	3000	1289.000000	
3000	3000	3500	3000	1289.000000	
3000	3000	3500	3000	1289.000000	
3000	3000	3500	3000	1289.000000	
3000	3000	3500	3000	1289.000000	
3000	3000	3500	3000	1289.000000	
3000	3000	3500	3000	1289.000000	
3000	3000	3500	3000	1289.000000	
3000	3000	3500	3000	1289.000000	
3000	3000	3500	3000	1290.000000	
3000	3000	3500	3000	1290.000000	
3000	3000	3500	3000	1290.000000	
3000	3000	3500	3000	1290.000000	
3000	3000	3500	3000	1290.000000	
3000	3000	3500	3000	1290.000000	
3000	3000	3500	3000	1290.000000	
3159	3000	3500	3000	1290.000000	
3000	3000	3500	3000	1290.000000	
3000	3000	3500	3000	1290.000000	
3000	3000	3500	3000	1290.000000	
3000	3000	3500	3000	1290.000000	
3000	3000	3500	3000	1290.000000	
3009	3000	3500	3000	1290.000000	
3000	3000	3500	3000	1290.000000	
3000	3000	3500	3000	1290.000000	
3000	3000	3500	3000	1290.000000	
3000	3000	3500	3000	1290.000000	
3000	3000	3500	3000	1290.000000	
3000	3000	3500	3000	1290.000000	
3000	3000	3500	3000	1290.000000	
3000	3000	3500	3000	1290.000000	
3000	3000	3500	3000	1290.000000	
3000	3000	3500	3000	1291.000000	
3000	3000	3500	3000	1291.000000	
3000	3000	3500	3000	1291.000000	
3000	3000	3500	3000	1291.000000	
3000	3000	3500	3000	1291.000000	
3000	3000	3500	3000	1291.000000	
3000	3000	3500	3000	1291.000000	
3000	3000	3500	3000	1291.000000	
3000	3000	3500	3000	1291.000000	
3000	3000	3500	3000	1291.000000	
3000	3000	3500	3000	1291.000000	
3000	3000	3500	3000	1291.000000	
3000	3000	3500	3000	1291.000000	
3000	3000	3500	3000	1291.000000	
3000	3000	3500	3000	1291.000000	
3000	3000	3500	3000	1291.000000	
3000	3000	3500	3000	1291.000000	
3000	3000	3500	3000	1291.000000	
3000	3000	3500	3000	1291.000000	
3000	3000	3500	3000	1291.000000	
3000	3000	3500	3000	1291.000000	
3000	3000	3500	3000	1291.000000	
3000	3000	3500	3000	1291.000000	
3000	3000	3500	3000	1292.000000	
3015	3000	3500	3000	1292.000000	
3000	3000	3500	3000	1292.000000	
3000	3000	3500	3000	1292.000000	
3000	3000	3500	3000	1292.000000	
3000	3000	3500	3000	1292.000000	
3000	3000	3500	3000	1292.000000	
3000	3000	3500	3000	1292.000000	
3000	3000	3500	3000	1292.000000	
3055	3000	3500	3000	1292.000000	
3000	3000	3500	3000	1292.000000	
3000	3000	3500	3000	1292.000000	
3000	3000	3500	3000	1292.000000	
3000	3000	3500	3000	1292.000000	
3000	3000	3500	3000	1292.000000	
3000	3000	3500	3000	1292.000000	
3000	3000	3500	3000	1292.000000	
3000	3000	3500	3000	1292.000000	
3000	3000	3500	3000	1292.000000	
3000	3000	3500	3000	1292.000000	
3000	3000	3500	3000	1292.000000	
3000	3000	3500	3000	1292.000000	
3000	3000	3500	3000	1292.000000	
3000	3000	3500	3000	1293.000000	
3000	3000	3500	3000	1293.000000	
3000	3000	3500	3000	1293.000000	
3000	3000	3500	3000	1293.000000	
3000	3000	3500	3000	1293.000000	
3000	3000	3500	3000	1293.000000	
3000	3000	3500	3000	1293.000000	
3412	3000	3500	3000	1293.000000	
3000	3000	3500	3000	1293.000000	
3000	3000	3500	3000	1293.000000	
3000	3000	3500	3000	1293.000000	
3000	3000	3500	3000	1293.000000	
3000	3000	3500	3000	1293.000000	
3000	3000	3500	3000	1293.000000	
3000	3000	3500	3000	1293.000000	
3000	3000	3500	3000	1293.000000	
3000	3000	3500	3000	1293.000000	
3301	3000	3500	3000	1293.000000	
3382	3000	3500	3000	1293.000000	
3000	3000	3500	3000	1293.000000	
3000	3000	3500	3000	1293.000000	
3466	3301	3500	3301	1278.000000	
3000	3000	3500	3000	1293.000000	
3000	3000	3500	3000	1293.000000	
3000	3000	3500	3000	1294.000000	
3000	3000	3500	3000	1294.000000	
3000	3000	3500	3000	1294.000000	
3000	3000	3500	3000	1294.000000	
3000	3000	3500	3000	1294.000000	
3000	3000	3500	3000	1294.000000	
3000	3000	3500	3000	1294.000000	
3000	3000	3500	3000	1294.000000	
3000	3000	3500	3000	1294.000000	
3226	3000	3500	3000	1294.000000	
3000	3000	3500	3000	1294.000000	
3123	3000	3500	3000	1294.000000	
3000	3000	3500	3000	1294.000000	
3000	3000	3500	3000	1294.000000	
3000	3000	3500	3000	1294.000000	
3000	3000	3500	3000	1294.000000	
3000	3000	3500	3000	1294.000000	
3000	3000	3500	3000	1294.000000	
3000	3000	3500	3000	1294.000000	
3000	3000	3500	3000	1294.000000	
3000	3000	3500	3000	1294.000000	
3000	3000	3500	3000	1294.000000	
3000	3000	3500	3000	1295.000000	
3000	3000	3500	3000	1295.000000	
3000	3000	3500	3000	1295.000000	
3000	3000	3500	3000	1295.000000	
3000	3000	3500	3000	1295.000000	
3000	3000	3500	3000	1295.000000	
3000	3000	3500	3000	1295.000000	
3000	3000	3500	3000	1295.000000	
3000	3000	3500	3000	1295.000000	
3000	3000	3500	3000	1295.000000	
3000	3000	3500	3000	1295.000000	
3000	3000	3500	3000	1295.000000	
3000	3000	3500	3000	1295.000000	
3000	3000	3500	3000	1295.000000	
3000	3000	3500	3000	1295.000000	
3000	3000	3500	3000	1295.000000	
3000	3000	3500	3000	1295.000000	
3000	3000	3500	3000	1295.000000	
3000	3000	3500	3000	1295.000000	
3000	3000	3500	3000	1295.000000	
3000	3000	3500	3000	1295.000000	
3000	3000	3500	3000	1295.000000	
3000	3000	3500	3000	1295.000000	
3000	3000	3500	3000	1296.000000	
3000	3000	3500	3000	1296.000000	
3000	3000	3500	3000	1296.000000	
3000	3000	3500	3000	1296.000000	
3000	3000	3500	3000	1296.000000	
3000	3000	3500	3000	1296.000000	
3000	3000	3500	3000	1296.000000	
3158	3000	3500	3000	1296.000000	
3000	3000	3500	3000	1296.000000	
3000	3000	3500	3000	1296.000000	
3000	3000	3500	3000	1296.000000	
3000	3000	3500	3000	1296.000000	
3000	3000	3500	3000	1296.000000	
3000	3000	3500	3000	1296.000000	
3000	3000	3500	3000	1296.000000	
3000	3000	3500	3000	1296.000000	
3000	3000	3500	3000	1296.000000	
3000	3000	3500	3000	1296.000000	
3000	3000	3500	3000	1296.000000	
3000	3000	3500	3000	1296.000000	
3000	3000	3500	3000	1296.000000	
3000	3000	3500	3000	1296.000000	
3000	3000	3500	3000	1296.000000	
3000	3000	3500	3000	1297.000000	
3000	3000	3500	3000	1297.000000	
3000	3000	3500	3000	1297.000000	
3000	3000	3500	3000	1297.000000	
3000	3000	3500	3000	1297.000000	
3000	3000	3500	3000	1297.000000	
3000	3000	3500	3000	1297.000000	
3000	3000	3500	3000	1297.000000	
3000	3000	3500	3000	1297.000000	
3000	3000	3500	3000	1297.000000	
3462	3000	3500	3000	1297.000000	
3000	3000	3500	3000	1297.000000	
3000	3000	3500	3000	1297.000000	
3000	3000	3500	3000	1297.000000	
3000	3000	3500	3000	1297.000000	
3000	3000	3500	3000	1297.000000	
3000	3000	3500	3000	1297.000000	
3000	3000	3500	3000	1297.000000	
3000	3000	3500	3000	1297.000000	
3000	3000	3500	3000	1297.000000	
3000	3000	3500	3000	1297.000000	
3000	3000	3500	3000	1297.000000	
3000	3000	3500	3000	1297.000000	
3000	3000	3500	3000	1298.000000	
3000	3000	3500	3000	1298.000000	
3000	3000	3500	3000	1298.000000	
3000	3000	3500	3000	1298.000000	
3000	3000	3500	3000	1298.000000	
3000	3000	3500	3000	1298.000000	
3132	3000	3500	3000	1298.000000	
3000	3000	3500	3000	1298.000000	
3000	3000	3500	3000	1298.000000	
3000	3000	3500	3000	1298.000000	
3000	3000	3500	3000	1298.000000	
3000	3000	3500	3000	1298.000000	
3000	3000	3500	3000	1298.000000	
3000	3000	3500	3000	1298.000000	
3000	3000	3500	3000	1298.000000	
3000	3000	3500	3000	1298.000000	
3000	3000	3500	3000	1298.000000	
3000	3000	3500	3000	1298.000000	
3000	3000	3500	3000	1298.000000	
3000	3000	3500	3000	1298.000000	
3000	3000	3500	3000	1298.000000	
3000	3000	3500	3000	1298.000000	
3000	3000	3500	3000	1298.000000	
3000	3000	3500	3000	1299.000000	
3000	3000	3500	3000	1299.000000	
3000	3000	3500	3000	1299.000000	
3000	3000	3500	3000	1299.000000	
3000	3000	3500	3000	1299.000000	
3000	3000	3500	3000	1299.000000	
3000	3000	3500	3000	1299.000000	
3000	3000	3500	3000	1299.000000	
3000	3000	3500	3000	1299.000000	
3000	3000	3500	3000	1299.000000	
3000	3000	3500	3000	1299.000000	
3000	3000	3500	3000	1299.000000	
3000	3000	3500	3000	1299.000000	
3000	3000	3500	3000	1299.000000	
3000	3000	3500	3000	1299.000000	
3000	3000	3500	3000	1299.000000	
3000	3000	3500	3000	1299.000000	
3000	3000	3500	3000	1299.000000	
3000	3000	3500	3000	1299.000000	
3000	3000	3500	3000	1299.000000	
3446	3000	3500	3000	1299.000000	
3000	3000	3500	3000	1299.000000	
3000	3000	3500	3000	1299.000000	
3000	3000	3500	3000	1300.000000	
3000	3000	3500	3000	1300.000000	
3000	3000	3500	3000	1300.000000	
3000	3000	3500	3000	1300.000000	
3000	3000	3500	3000	1300.000000	
3000	3000	3500	3000	1300.000000	
3000	3000	3500	3000	1300.000000	
3000	3000	3500	3000	1300.000000	
3000	3000	3500	3000	1300.000000	
3000	3000	3500	3000	1300.000000	
3000	3000	3500	3000	1300.000000	
3000	3000	3500	3000	1300.000000	
3000	3000	3500	3000	1300.000000	
3000	3000	3500	3000	1300.000000	
3000	3000	3500	3000	1300.000000	
3000	3000	3500	3000	1300.000000	
3000	3000	3500	3000	1300.000000	
3000	3000	3500	3000	1300.000000	
3000	3000	3500	3000	1300.000000	
3000	3000	3500	3000	1300.000000	
3334	3000	3500	3000	1300.000000	
3000	3000	3500	3000	1300.000000	
3000	3000	3500	3000	1300.000000	
3000	3000	3500	3000	1301.000000	
3000	3000	3500	3000	1301.000000	
3000	3000	3500	3000	1301.000000	
3000	3000	3500	3000	1301.000000	
3000	3000	3500	3000	1301.000000	
3000	3000	3500	3000	1301.000000	
3000	3000	3500	3000	1301.000000	
3000	3000	3500	3000	1301.000000	
3000	3000	3500	3000	1301.000000	
3000	3000	3500	3000	1301.000000	
3000	3000	3500	3000	1301.000000	
3401	3000	3500	3000	1301.000000	
3000	3000	3500	3000	1301.000000	
3000	3000	3500	3000	1301.000000	
3000	3000	3500	3000	1301.000000	
3000	3000	3500	3000	1301.000000	
3000	3000	3500	3000	1301.000000	
3000	3000	3500	3000	1301.000000	
3000	3000	3500	3000	1301.000000	
3000	3000	3500	3000	1301.000000	
3000	3000	3500	3000	1301.000000	
3000	3000	3500	3000	1301.000000	
3000	3000	3500	3000	1301.000000	
3000	3000	3500	3000	1302.000000	
3000	3000	3500	3000	1302.000000	
3000	3000	3500	3000	1302.000000	
3000	3000	3500	3000	1302.000000	
3366	3000	3500	3000	1302.000000	
3000	3000	3500	3000	1302.000000	
3000	3000	3500	3000	1302.000000	
3000	3000	3500	3000	1302.000000	
3000	3000	3500	3000	1302.000000	
3000	3000	3500	3000	1302.000000	
3000	3000	3500	3000	1302.000000	
3000	3000	3500	3000	1302.000000	
3000	3000	3500	3000	1302.000000	
3000	3000	3500	3000	1302.000000	
3000	3000	3500	3000	1302.000000	
3000	3000	3500	3000	1302.000000	
3000	3000	3500	3000	1302.000000	
3000	3000	3500	3000	1302.000000	
3000	3000	3500	3000	1302.000000	
3000	3000	3500	3000	1302.000000	
3000	3000	3500	3000	1302.000000	
3000	3000	3500	3000	1302.000000	
3000	3000	3500	3000	1303.000000	
3000	3000	3500	3000	1303.000000	
3000	3000	3500	3000	1303.000000	
3000	3000	3500	3000	1303.000000	
3000	3000	3500	3000	1303.000000	
3000	3000	3500	3000	1303.000000	
3000	3000	3500	3000	1303.000000	
3000	3000	3500	3000	1303.000000	
3000	3000	3500	3000	1303.000000	
3000	3000	3500	3000	1303.000000	
3000	3000	3500	3000	1303.000000	
3000	3000	3500	3000	1303.000000	
3000	3000	3500	3000	1303.000000	
3000	3000	3500	3000	1303.000000	
3000	3000	3500	3000	1303.000000	
3000	3000	3500	3000	1303.000000	
3000	3000	3500	3000	1303.000000	
3000	3000	3500	3000	1303.000000	
3000	3000	3500	3000	1303.000000	
3000	3000	3500	3000	1303.000000	
3026	3000	3500	3000	1303.000000	
3000	3000	3500	3000	1303.000000	
3000	3000	3500	3000	1303.000000	
3000	3000	3500	3000	1304.000000	
3000	3000	3500	3000	1304.000000	
3000	3000	3500	3000	1304.000000	
3000	3000	3500	3000	1304.000000	
3000	3000	3500	3000	1304.000000	
3000	3000	3500	3000	1304.000000	
3000	3000	3500	3000	1304.000000	
3000	3000	3500	3000	1304.000000	
3000	3000	3500	3000	1304.000000	
3000	3000	3500	3000	1304.000000	
3000	3000	3500	3000	1304.000000	
3000	3000	3500	3000	1304.000000	
3000	3000	3500	3000	1304.000000	
3000	3000	3500	3000	1304.000000	
3000	3000	3500	3000	1304.000000	
3000	3000	3500	3000	1304.000000	
3000	3000	3500	3000	1304.000000	
3000	3000	3500	3000	1304.000000	
3000	3000	3500	3000	1304.000000	
3000	3000	3500	3000	1304.000000	
3000	3000	3500	3000	1304.000000	
3000	3000	3500	3000	1304.000000	
3000	3000	3500	3000	1304.000000	
3000	3000	3500	3000	1305.000000	
3000	3000	3500	3000	1305.000000	
3000	3000	3500	3000	1305.000000	
3000	3000	3500	3000	1305.000000	
3000	3000	3500	3000	1305.000000	
3000	3000	3500	3000	1305.000000	
3000	3000	3500	3000	1305.000000	
3000	3000	3500	3000	1305.000000	
3000	3000	3500	3000	1305.000000	
3000	3000	3500	3000	1305.000000	
3467	3000	3500	3000	1305.000000	
3000	3000	3500	3000	1305.000000	
3000	3000	3500	3000	1305.000000	
3000	3000	3500	3000	1305.000000	
3000	3000	3500	3000	1305.000000	
3000	3000	3500	3000	1305.000000	
3000	3000	3500	3000	1305.000000	
3000	3000	3500	3000	1305.000000	
3000	3000	3500	3000	1305.000000	
3000	3000	3500	3000	1305.000000	
3000	3000	3500	3000	1305.000000	
3280	3000	3500	3000	1305.000000	
3000	3000	3500	3000	1305.000000	
3000	3000	3500	3000	1306.000000	
3000	3000	3500	3000	1306.000000	
3000	3000	3500	3000	1306.000000	
3000	3000	3500	3000	1306.000000	
3000	3000	3500	3000	1306.000000	
3000	3000	3500	3000	1306.000000	
3000	3000	3500	3000	1306.000000	
3000	3000	3500	3000	1306.000000	
3000	3000	3500	3000	1306.000000	
3000	3000	3500	3000	1306.000000	
3000	3000	3500	3000	1306.000000	
3000	3000	3500	3000	1306.000000	
3000	3000	3500	3000	1306.000000	
3000	3000	3500	3000	1306.000000	
3000	3000	3500	3000	1306.000000	
3000	3000	3500	3000	1306.000000	
3000	3000	3500	3000	1306.000000	
3000	3000	3500	3000	1306.000000	
3000	3000	3500	3000	1306.000000	
3000	3000	3500	3000	1306.000000	
3000	3000	3500	3000	1306.000000	
3000	3000	3500	3000	1306.000000	
3000	3000	3500	3000	1306.000000	
3000	3000	3500	3000	1307.000000	
3000	3000	3500	3000	1307.000000	
3390	3000	3500	3000	1307.000000	
3000	3000	3500	3000	1307.000000	
3000	3000	3500	3000	1307.000000	
3000	3000	3500	3000	1307.000000	
3000	3000	3500	3000	1307.000000	
3150	3000	3500	3000	1307.000000	
3000	3000	3500	3000	1307.000000	
3000	3000	3500	3000	1307.000000	
3000	3000	3500	3000	1307.000000	
3000	3000	3500	3000	1307.000000	
3000	3000	3500	3000	1307.000000	
3404	3000	3500	3000	1307.000000	
3000	3000	3500	3000	1307.000000	
3000	3000	3500	3000	1307.000000	
3000	3000	3500	3000	1307.000000	
3000	3000	3500	3000	1307.000000	
3000	3000	3500	3000	1307.000000	
3000	3000	3500	3000	1307.000000	
3000	3000	3500	3000	1307.000000	
3000	3000	3500	3000	1307.000000	
3000	3000	3500	3000	1307.000000	
3142	3000	3500	3000	1308.000000	
3000	3000	3500	3000	1308.000000	
3000	3000	3500	3000	1308.000000	
3000	3000	3500	3000	1308.000000	
3000	3000	3500	3000	1308.000000	
3000	3000	3500	3000	1308.000000	
3000	3000	3500	3000	1308.000000	
3000	3000	3500	3000	1308.000000	
3000	3000	3500	3000	1308.000000	
3000	3000	3500	3000	1308.000000	
3000	3000	3500	3000	1308.000000	
3000	3000	3500	3000	1308.000000	
3000	3000	3500	3000	1308.000000	
3000	3000	3500	3000	1308.000000	
3000	3000	3500	3000	1308.000000	
3000	3000	3500	3000	1308.000000	
3000	3000	3500	3000	1308.000000	
3000	3000	3500	3000	1308.000000	
3000	3000	3500	3000	1308.000000	
3000	3000	3500	3000	1308.000000	
3000	3000	3500	3000	1308.000000	
3000	3000	3500	3000	1308.000000	
3259	3000	3500	3000	1308.000000	
3000	3000	3500	3000	1309.000000	
3000	3000	3500	3000	1309.000000	
3000	3000	3500	3000	1309.000000	
3000	3000	3500	3000	1309.000000	
3388	3000	3500	3000	1309.000000	
3000	3000	3500	3000	1309.000000	
3000	3000	3500	3000	1309.000000	
3000	3000	3500	3000	1309.000000	
3000	3000	3500	3000	1309.000000	
3000	3000	3500	3000	1309.000000	
3000	3000	3500	3000	1309.000000	
3000	3000	3500	3000	1309.000000	
3000	3000	3500	3000	1309.000000	
3000	3000	3500	3000	1309.000000	
3000	3000	3500	3000	1309.000000	
3000	3000	3500	3000	1309.000000	
3000	3000	3500	3000	1309.000000	
3000	3000	3500	3000	1309.000000	
3000	3000	3500	3000	1309.000000	
3000	3000	3500	3000	1309.000000	
3000	3000	3500	3000	1309.000000	
3000	3000	3500	3000	1309.000000	
3000	3000	3500	3000	1309.000000	
3000	3000	3500	3000	1310.000000	
3000	3000	3500	3000	1310.000000	
3000	3000	3500	3000	1310.000000	
3000	3000	3500	3000	1310.000000	
3000	3000	3500	3000	1310.000000	
3000	3000	3500	3000	1310.000000	
3000	3000	3500	3000	1310.000000	
3000	3000	3500	3000	1310.000000	
3000	3000	3500	3000	1310.000000	
3000	3000	3500	3000	1310.000000	
3000	3000	3500	3000	1310.000000	
3000	3000	3500	3000	1310.000000	
3000	3000	3500	3000	1310.000000	
3000	3000	3500	3000	1310.000000	
3000	3000	3500	3000	1310.000000	
3000	3000	3500	3000	1310.000000	
3000	3000	3500	3000	1310.000000	
3000	3000	3500	3000	1310.000000	
3000	3000	3500	3000	1310.000000	
3000	3000	3500	3000	1310.000000	
3000	3000	3500	3000	1310.000000	
3000	3000	3500	3000	1310.000000	
3000	3000	3500	3000	1310.000000	
3000	3000	3500	3000	1311.000000	
3000	3000	3500	3000	1311.000000	
3000	3000	3500	3000	1311.000000	
3000	3000	3500	3000	1311.000000	
3499	3000	3500	3000	1311.000000	
3000	3000	3500	3000	1311.000000	
3000	3000	3500	3000	1311.000000	
3000	3000	3500	3000	1311.000000	
3000	3000	3500	3000	1311.000000	
3000	3000	3500	3000	1311.000000	
3000	3000	3500	3000	1311.000000	
3000	3000	3500	3000	1311.000000	
3000	3000	3500	3000	1311.000000	
3000	3000	3500	3000	1311.000000	
3000	3000	3500	3000	1311.000000	
3000	3000	3500	3000	1311.000000	
3000	3000	3500	3000	1311.000000	
3322	3000	3500	3000	1311.000000	
3000	3000	3500	3000	1311.000000	
3000	3000	3500	3000	1311.000000	
3000	3000	3500	3000	1311.000000	
3000	3000	3500	3000	1311.000000	
3000	3000	3500	3000	1312.000000	
3000	3000	3500	3000	1312.000000	
3224	3000	3500	3000	1312.000000	
3000	3000	3500	3000	1312.000000	
3000	3000	3500	3000	1312.000000	
3000	3000	3500	3000	1312.000000	
3000	3000	3500	3000	1312.000000	
3000	3000	3500	3000	1312.000000	
3000	3000	3500	3000	1312.000000	
3000	3000	3500	3000	1312.000000	
3006	3000	3500	3000	1312.000000	
3000	3000	3500	3000	1312.000000	
3000	3000	3500	3000	1312.000000	
3000	3000	3500	3000	1312.000000	
3000	3000	3500	3000	1312.000000	
3000	3000	3500	3000	1312.000000	
3000	3000	3500	3000	1312.000000	
3000	3000	3500	3000	1312.000000	
3000	3000	3500	3000	1312.000000	
3485	3000	3500	3000	1312.000000	
3000	3000	3500	3000	1312.000000	
3000	3000	3500	3000	1312.000000	
3000	3000	3500	3000	1312.000000	
3000	3000	3500	3000	1313.000000	
3000	3000	3500	3000	1313.000000	
3000	3000	3500	3000	1313.000000	
3000	3000	3500	3000	1313.000000	
3000	3000	3500	3000	1313.000000	
3000	3000	3500	3000	1313.000000	
3000	3000	3500	3000	1313.000000	
3000	3000	3500	3000	1313.000000	
3325	3000	3500	3000	1313.000000	
3000	3000	3500	3000	1313.000000	
3000	3000	3500	3000	1313.000000	
3427	3000	3500	3000	1313.000000	
3000	3000	3500	3000	1313.000000	
3000	3000	3500	3000	1313.000000	
3000	3000	3500	3000	1313.000000	
3000	3000	3500	3000	1313.000000	
3000	3000	3500	3000	1313.000000	
3000	3000	3500	3000	1313.000000	
3000	3000	3500	3000	1313.000000	
3000	3000	3500	3000	1313.000000	
3258	3000	3500	3000	1313.000000	
3000	3000	3500	3000	1313.000000	
3000	3000	3500	3000	1313.000000	
3000	3000	3500	3000	1314.000000	
3000	3000	3500	3000	1314.000000	
3000	3000	3500	3000	1314.000000	
3000	3000	3500	3000	1314.000000	
3000	3000	3500	3000	1314.000000	
3000	3000	3500	3000	1314.000000	
3000	3000	3500	3000	1314.000000	
3000	3000	3500	3000	1314.000000	
3000	3000	3500	3000	1314.000000	
3000	3000	3500	3000	1314.000000	
3000	3000	3500	3000	1314.000000	
3000	3000	3500	3000	1314.000000	
3000	3000	3500	3000	1314.000000	
3000	3000	3500	3000	1314.000000	
3000	3000	3500	3000	1314.000000	
3000	3000	3500	3000	1314.000000	
3000	3000	3500	3000	1314.000000	
3000	3000	3500	3000	1314.000000	
3000	3000	3500	3000	1314.000000	
3000	3000	3500	3000	1314.000000	
3000	3000	3500	3000	1314.000000	
3490	3000	3500	3000	1314.000000	
3000	3000	3500	3000	1314.000000	
3000	3000	3500	3000	1315.000000	
3000	3000	3500	3000	1315.000000	
3000	3000	3500	3000	1315.000000	
3000	3000	3500	3000	1315.000000	
3000	3000	3500	3000	1315.000000	
3000	3000	3500	3000	1315.000000	
3000	3000	3500	3000	1315.000000	
3000	3000	3500	3000	1315.000000	
3000	3000	3500	3000	1315.000000	
3000	3000	3500	3000	1315.000000	
3000	3000	3500	3000	1315.000000	
3000	3000	3500	3000	1315.000000	
3000	3000	3500	3000	1315.000000	
3000	3000	3500	3000	1315.000000	
3000	3000	3500	3000	1315.000000	
3283	3000	3500	3000	1315.000000	
3000	3000	3500	3000	1315.000000	
3000	3000	3500	3000	1315.000000	
3000	3000	3500	3000	1315.000000	
3000	3000	3500	3000	1315.000000	
3000	3000	3500	3000	1315.000000	
3000	3000	3500	3000	1315.000000	
3000	3000	3500	3000	1315.000000	
3000	3000	3500	3000	1316.000000	
3000	3000	3500	3000	1316.000000	
3000	3000	3500	3000	1316.000000	
3000	3000	3500	3000	1316.000000	
3000	3000	3500	3000	1316.000000	
3000	3000	3500	3000	1316.000000	
3000	3000	3500	3000	1316.000000	
3000	3000	3500	3000	1316.000000	
3000	3000	3500	3000	1316.000000	
3000	3000	3500	3000	1316.000000	
3000	3000	3500	3000	1316.000000	
3000	3000	3500	3000	1316.000000	
3000	3000	3500	3000	1316.000000	
3000	3000	3500	3000	1316.000000	
3000	3000	3500	3000	1316.000000	
3335	3000	3500	3000	1316.000000	
3000	3000	3500	3000	1316.000000	
3000	3000	3500	3000	1316.000000	
3000	3000	3500	3000	1316.000000	
3000	3000	3500	3000	1316.000000	
3000	3000	3500	3000	1316.000000	
3000	3000	3500	3000	1316.000000	
3000	3000	3500	3000	1316.000000	
3000	3000	3500	3000	1317.000000	
3000	3000	3500	3000	1317.000000	
3000	3000	3500	3000	1317.000000	
3000	3000	3500	3000	1317.000000	
3000	3000	3500	3000	1317.000000	
3000	3000	3500	3000	1317.000000	
3000	3000	3500	3000	1317.000000	
3000	3000	3500	3000	1317.000000	
3000	3000	3500	3000	1317.000000	
3000	3000	3500	3000	1317.000000	
3000	3000	3500	3000	1317.000000	
3000	3000	3500	3000	1317.000000	
3000	3000	3500	3000	1317.000000	
3000	3000	3500	3000	1317.000000	
3000	3000	3500	3000	1317.000000	
3000	3000	3500	3000	1317.000000	
3000	3000	3500	3000	1317.000000	
3000	3000	3500	3000	1317.000000	
3000	3000	3500	3000	1317.000000	
3000	3000	3500	3000	1317.000000	
3000	3000	3500	3000	1317.000000	
3000	3000	3500	3000	1317.000000	
3000	3000	3500	3000	1317.000000	
3000	3000	3500	3000	1318.000000	
3000	3000	3500	3000	1318.000000	
3000	3000	3500	3000	1318.000000	
3000	3000	3500	3000	1318.000000	
3258	3000	3500	3000	1318.000000	
3000	3000	3500	3000	1318.000000	
3000	3000	3500	3000	1318.000000	
3049	3000	3500	3000	1318.000000	
3000	3000	3500	3000	1318.000000	
3000	3000	3500	3000	1318.000000	
3000	3000	3500	3000	1318.000000	
3000	3000	3500	3000	1318.000000	
3000	3000	3500	3000	1318.000000	
3000	3000	3500	3000	1318.000000	
3000	3000	3500	3000	1318.000000	
3000	3000	3500	3000	1318.000000	
3000	3000	3500	3000	1318.000000	
3000	3000	3500	3000	1318.000000	
3000	3000	3500	3000	1318.000000	
3000	3000	3500	3000	1318.000000	
3000	3000	3500	3000	1318.000000	
3000	3000	3500	3000	1318.000000	
3000	3000	3500	3000	1318.000000	
3000	3000	3500	3000	1319.000000	
3000	3000	3500	3000	1319.000000	
3000	3000	3500	3000	1319.000000	
3000	3000	3500	3000	1319.000000	
3000	3000	3500	3000	1319.000000	
3000	3000	3500	3000	1319.000000	
3000	3000	3500	3000	1319.000000	
3000	3000	3500	3000	1319.000000	
3000	3000	3500	3000	1319.000000	
3000	3000	3500	3000	1319.000000	
3000	3000	3500	3000	1319.000000	
3000	3000	3500	3000	1319.000000	
3000	3000	3500	3000	1319.000000	
3000	3000	3500	3000	1319.000000	
3000	3000	3500	3000	1319.000000	
3000	3000	3500	3000	1319.000000	
3000	3000	3500	3000	1319.000000	
3000	3000	3500	3000	1319.000000	
3000	3000	3500	3000	1319.000000	
3000	3000	3500	3000	1319.000000	
3000	3000	3500	3000	1319.000000	
3000	3000	3500	3000	1319.000000	
3000	3000	3500	3000	1320.000000	
3000	3000	3500	3000	1320.000000	
3000	3000	3500	3000	1320.000000	
3000	3000	3500	3000	1320.000000	
3000	3000	3500	3000	1320.000000	
3000	3000	3500	3000	1320.000000	
3000	3000	3500	3000	1320.000000	
3000	3000	3500	3000	1320.000000	
3000	3000	3500	3000	1320.000000	
3000	3000	3500	3000	1320.000000	
3000	3000	3500	3000	1320.000000	
3000	3000	3500	3000	1320.000000	
3000	3000	3500	3000	1320.000000	
3000	3000	3500	3000	1320.000000	
3000	3000	3500	3000	1320.000000	
3000	3000	3500	3000	1320.000000	
3000	3000	3500	3000	1320.000000	
3000	3000	3500	3000	1320.000000	
3000	3000	3500	3000	1320.000000	
3101	3000	3500	3000	1320.000000	
3000	3000	3500	3000	1320.000000	
3000	3000	3500	3000	1320.000000	
3000	3000	3500	3000	1320.000000	
3000	3000	3500	3000	1321.000000	
3000	3000	3500	3000	1321.000000	
3000	3000	3500	3000	1321.000000	
3000	3000	3500	3000	1321.000000	
3000	3000	3500	3000	1321.000000	
3000	3000	3500	3000	1321.000000	
3000	3000	3500	3000	1321.000000	
3000	3000	3500	3000	1321.000000	
3000	3000	3500	3000	1321.000000	
3000	3000	3500	3000	1321.000000	
3000	3000	3500	3000	1321.000000	
3000	3000	3500	3000	1321.000000	
3000	3000	3500	3000	1321.000000	
3000	3000	3500	3000	1321.000000	
3000	3000	3500	3000	1321.000000	
3000	3000	3500	3000	1321.000000	
3000	3000	3500	3000	1321.000000	
3000	3000	3500	3000	1321.000000	
3000	3000	3500	3000	1321.000000	
3000	3000	3500	3000	1321.000000	
3000	3000	3500	3000	1321.000000	
3000	3000	3500	3000	1321.000000	
3000	3000	3500	3000	1321.000000	
3000	3000	3500	3000	1322.000000	
3000	3000	3500	3000	1322.000000	
3000	3000	3500	3000	1322.000000	
3300	3000	3500	3000	1322.000000	
3000	3000	3500	3000	1322.000000	
3000	3000	3500	3000	1322.000000	
3000	3000	3500	3000	1322.000000	
3000	3000	3500	3000	1322.000000	
3000	3000	3500	3000	1322.000000	
3000	3000	3500	3000	1322.000000	
3000	3000	3500	3000	1322.000000	
3000	3000	3500	3000	1322.000000	
3000	3000	3500	3000	1322.000000	
3000	3000	3500	3000	1322.000000	
3000	3000	3500	3000	1322.000000	
3000	3000	3500	3000	1322.000000	
3000	3000	3500	3000	1322.000000	
3000	3000	3500	3000	1322.000000	
3000	3000	3500	3000	1322.000000	
3000	3000	3500	3000	1322.000000	
3000	3000	3500	3000	1322.000000	
3000	3000	3500	3000	1322.000000	
3000	3000	3500	3000	1322.000000	
3000	3000	3500	3000	1323.000000	
3000	3000	3500	3000	1323.000000	
3000	3000	3500	3000	1323.000000	
3000	3000	3500	3000	1323.000000	
3000	3000	3500	3000	1323.000000	
3000	3000	3500	3000	1323.000000	
3000	3000	3500	3000	1323.000000	
3000	3000	3500	3000	1323.000000	
3000	3000	3500	3000	1323.000000	
3000	3000	3500	3000	1323.000000	
3289	3000	3500	3000	1323.000000	
3000	3000	3500	3000	1323.000000	
3000	3000	3500	3000	1323.000000	
3000	3000	3500	3000	1323.000000	
3000	3000	3500	3000	1323.000000	
3000	3000	3500	3000	1323.000000	
3000	3000	3500	3000	1323.000000	
3000	3000	3500	3000	1323.000000	
3000	3000	3500	3000	1323.000000	
3000	3000	3500	3000	1323.000000	
3000	3000	3500	3000	1323.000000	
3000	3000	3500	3000	1323.000000	
3000	3000	3500	3000	1323.000000	
3000	3000	3500	3000	1324.000000	
3000	3000	3500	3000	1324.000000	
3000	3000	3500	3000	1324.000000	
3000	3000	3500	3000	1324.000000	
3000	3000	3500	3000	1324.000000	
3000	3000	3500	3000	1324.000000	
3000	3000	3500	3000	1324.000000	
3427	3000	3500	3000	1324.000000	
3000	3000	3500	3000	1324.000000	
3000	3000	3500	3000	1324.000000	
3000	3000	3500	3000	1324.000000	
3000	3000	3500	3000	1324.000000	
3000	3000	3500	3000	1324.000000	
3492	3000	3500	3000	1324.000000	
3000	3000	3500	3000	1324.000000	
3000	3000	3500	3000	1324.000000	
3000	3000	3500	3000	1324.000000	
3000	3000	3500	3000	1324.000000	
3000	3000	3500	3000	1324.000000	
3000	3000	3500	3000	1324.000000	
3000	3000	3500	3000	1324.000000	
3000	3000	3500	3000	1324.000000	
3000	3000	3500	3000	1324.000000	
3000	3000	3500	3000	1325.000000	
3000	3000	3500	3000	1325.000000	
3000	3000	3500	3000	1325.000000	
3000	3000	3500	3000	1325.000000	
3000	3000	3500	3000	1325.000000	
3000	3000	3500	3000	1325.000000	
3000	3000	3500	3000	1325.000000	
3000	3000	3500	3000	1325.000000	
3000	3000	3500	3000	1325.000000	
3000	3000	3500	3000	1325.000000	
3000	3000	3500	3000	1325.000000	
3000	3000	3500	3000	1325.000000	
3000	3000	3500	3000	1325.000000	
3000	3000	3500	3000	1325.000000	
3000	3000	3500	3000	1325.000000	
3000	3000	3500	3000	1325.000000	
3000	3000	3500	3000	1325.000000	
3000	3000	3500	3000	1325.000000	
3000	3000	3500	3000	1325.000000	
3000	3000	3500	3000	1325.000000	
3000	3000	3500	3000	1325.000000	
3000	3000	3500	3000	1325.000000	
3000	3000	3500	3000	1325.000000	
3000	3000	3500	3000	1326.000000	
3000	3000	3500	3000	1326.000000	
3000	3000	3500	3000	1326.000000	
3000	3000	3500	3000	1326.000000	
3000	3000	3500	3000	1326.000000	
3000	3000	3500	3000	1326.000000	
3000	3000	3500	3000	1326.000000	
3000	3000	3500	3000	1326.000000	
3000	3000	3500	3000	1326.000000	
3000	3000	3500	3000	1326.000000	
3000	3000	3500	3000	1326.000000	
3000	3000	3500	3000	1326.000000	
3000	3000	3500	3000	1326.000000	
3000	3000	3500	3000	1326.000000	
3000	3000	3500	3000	1326.000000	
3000	3000	3500	3000	1326.000000	
3000	3000	3500	3000	1326.000000	
3000	3000	3500	3000	1326.000000	
3000	3000	3500	3000	1326.000000	
3000	3000	3500	3000	1326.000000	
3000	3000	3500	3000	1326.000000	
3416	3000	3500	3000	1326.000000	
3000	3000	3500	3000	1326.000000	
3000	3000	3500	3000	1327.000000	
3000	3000	3500	3000	1327.000000	
3498	3000	3500	3000	1327.000000	
3000	3000	3500	3000	1327.000000	
3000	3000	3500	3000	1327.000000	
3000	3000	3500	3000	1327.000000	
3000	3000	3500	3000	1327.000000	
3000	3000	3500	3000	1327.000000	
3000	3000	3500	3000	1327.000000	
3000	3000	3500	3000	1327.000000	
3000	3000	3500	3000	1327.000000	
3000	3000	3500	3000	1327.000000	
3000	3000	3500	3000	1327.000000	
3000	3000	3500	3000	1327.000000	
3000	3000	3500	3000	1327.000000	
3000	3000	3500	3000	1327.000000	
3000	3000	3500	3000	1327.000000	
3000	3000	3500	3000	1327.000000	
3000	3000	3500	3000	1327.000000	
3000	3000	3500	3000	1327.000000	
3000	3000	3500	3000	1327.000000	
3000	3000	3500	3000	1327.000000	
3000	3000	3500	3000	1327.000000	
3000	3000	3500	3000	1328.000000	
3000	3000	3500	3000	1328.000000	
3000	3000	3500	3000	1328.000000	
3000	3000	3500	3000	1328.000000	
3000	3000	3500	3000	1328.000000	
3000	3000	3500	3000	1328.000000	
3000	3000	3500	3000	1328.000000	
3000	3000	3500	3000	1328.000000	
3030	3000	3500	3000	1328.000000	
3000	3000	3500	3000	1328.000000	
3000	3000	3500	3000	1328.000000	
3000	3000	3500	3000	1328.000000	
3000	3000	3500	3000	1328.000000	
3000	3000	3500	3000	1328.000000	
3000	3000	3500	3000	1328.000000	
3000	3000	3500	3000	1328.000000	
3000	3000	3500	3000	1328.000000	
3000	3000	3500	3000	1328.000000	
3000	3000	3500	3000	1328.000000	
3000	3000	3500	3000	1328.000000	
3000	3000	3500	3000	1328.000000	
3000	3000	3500	3000	1328.000000	
3000	3000	3500	3000	1329.000000	
3000	3000	3500	3000	1329.000000	
3000	3000	3500	3000	1329.000000	
3000	3000	3500	3000	1329.000000	
3000	3000	3500	3000	1329.000000	
3000	3000	3500	3000	1329.000000	
3000	3000	3500	3000	1329.000000	
3000	3000	3500	3000	1329.000000	
3000	3000	3500	3000	1329.000000	
3000	3000	3500	3000	1329.000000	
3000	3000	3500	3000	1329.000000	
3000	3000	3500	3000	1329.000000	
3000	3000	3500	3000	1329.000000	
3000	3000	3500	3000	1329.000000	
3309	3000	3500	3000	1329.000000	
3000	3000	3500	3000	1329.000000	
3000	3000	3500	3000	1329.000000	
3000	3000	3500	3000	1329.000000	
3000	3000	3500	3000	1329.000000	
3000	3000	3500	3000	1329.000000	
3000	3000	3500	3000	1329.000000	
3000	3000	3500	3000	1329.000000	
3000	3000	3500	3000	1329.000000	
3000	3000	3500	3000	1330.000000	
3000	3000	3500	3000	1330.000000	
3000	3000	3500	3000	1330.000000	
3000	3000	3500	3000	1330.000000	
3000	3000	3500	3000	1330.000000	
3000	3000	3500	3000	1330.000000	
3000	3000	3500	3000	1330.000000	
3000	3000	3500	3000	1330.000000	
3000	3000	3500	3000	1330.000000	
3000	3000	3500	3000	1330.000000	
3000	3000	3500	3000	1330.000000	
3000	3000	3500	3000	1330.000000	
3000	3000	3500	3000	1330.000000	
3482	3000	3500	3000	1330.000000	
3000	3000	3500	3000	1330.000000	
3000	3000	3500	3000	1330.000000	
3000	3000	3500	3000	1330.000000	
3000	3000	3500	3000	1330.000000	
3000	3000	3500	3000	1330.000000	
3000	3000	3500	3000	1330.000000	
3000	3000	3500	3000	1330.000000	
3000	3000	3500	3000	1330.000000	
3000	3000	3500	3000	1330.000000	
3000	3000	3500	3000	1331.000000	
3000	3000	3500	3000	1331.000000	
3000	3000	3500	3000	1331.000000	
3000	3000	3500	3000	1331.000000	
3000	3000	3500	3000	1331.000000	
3000	3000	3500	3000	1331.000000	
3000	3000	3500	3000	1331.000000	
3000	3000	3500	3000	1331.000000	
3000	3000	3500	3000	1331.000000	
3000	3000	3500	3000	1331.000000	
3000	3000	3500	3000	1331.000000	
3000	3000	3500	3000	1331.000000	
3000	3000	3500	3000	1331.000000	
3000	3000	3500	3000	1331.000000	
3000	3000	3500	3000	1331.000000	
3000	3000	3500	3000	1331.000000	
3000	3000	3500	3000	1331.000000	
3000	3000	3500	3000	1331.000000	
3261	3000	3500	3000	1331.000000	
3000	3000	3500	3000	1331.000000	
3000	3000	3500	3000	1331.000000	
3000	3000	3500	3000	1331.000000	
3000	3000	3500	3000	1331.000000	
3000	3000	3500	3000	1332.000000	
3000	3000	3500	3000	1332.000000	
3000	3000	3500	3000	1332.000000	
3000	3000	3500	3000	1332.000000	
3000	3000	3500	3000	1332.000000	
3000	3000	3500	3000	1332.000000	
3000	3000	3500	3000	1332.000000	
3000	3000	3500	3000	1332.000000	
3000	3000	3500	3000	1332.000000	
3000	3000	3500	3000	1332.000000	
3000	3000	3500	3000	1332.000000	
3000	3000	3500	3000	1332.000000	
3000	3000	3500	3000	1332.000000	
3000	3000	3500	3000	1332.000000	
3000	3000	3500	3000	1332.000000	
3000	3000	3500	3000	1332.000000	
3000	3000	3500	3000	1332.000000	
3000	3000	3500	3000	1332.000000	
3000	3000	3500	3000	1332.000000	
3000	3000	3500	3000	1332.000000	
3000	3000	3500	3000	1332.000000	
3000	3000	3500	3000	1332.000000	
3000	3000	3500	3000	1332.000000	
3000	3000	3500	3000	1333.000000	
3000	3000	3500	3000	1333.000000	
3000	3000	3500	3000	1333.000000	
3000	3000	3500	3000	1333.000000	
3000	3000	3500	3000	1333.000000	
3077	3000	3500	3000	1333.000000	
3000	3000	3500	3000	1333.000000	
3000	3000	3500	3000	1333.000000	
3000	3000	3500	3000	1333.000000	
3000	3000	3500	3000	1333.000000	
3000	3000	3500	3000	1333.000000	
3000	3000	3500	3000	1333.000000	
3382	3000	3500	3000	1333.000000	
3000	3000	3500	3000	1333.000000	
3000	3000	3500	3000	1333.000000	
3000	3000	3500	3000	1333.000000	
3000	3000	3500	3000	1333.000000	
3000	3000	3500	3000	1333.000000	
3000	3000	3500	3000	1333.000000	
3000	3000	3500	3000	1333.000000	
3000	3000	3500	3000	1333.000000	
3000	3000	3500	3000	1333.000000	
3000	3000	3500	3000	1333.000000	
3000	3000	3500	3000	1334.000000	
3000	3000	3500	3000	1334.000000	
3000	3000	3500	3000	1334.000000	
3000	3000	3500	3000	1334.000000	
3000	3000	3500	3000	1334.000000	
3000	3000	3500	3000	1334.000000	
3000	3000	3500	3000	1334.000000	
3000	3000	3500	3000	1334.000000	
3000	3000	3500	3000	1334.000000	
3000	3000	3500	3000	1334.000000	
3000	3000	3500	3000	1334.000000	
3000	3000	3500	3000	1334.000000	
3000	3000	3500	3000	1334.000000	
3000	3000	3500	3000	1334.000000	
3000	3000	3500	3000	1334.000000	
3000	3000	3500	3000	1334.000000	
3000	3000	3500	3000	1334.000000	
3000	3000	3500	3000	1334.000000	
3000	3000	3500	3000	1334.000000	
3000	3000	3500	3000	1334.000000	
3000	3000	3500	3000	1334.000000	
3000	3000	3500	3000	1334.000000	
3000	3000	3500	3000	1334.000000	
3000	3000	3500	3000	1335.000000	
3000	3000	3500	3000	1335.000000	
3000	3000	3500	3000	1335.000000	
3000	3000	3500	3000	1335.000000	
3000	3000	3500	3000	1335.000000	
3000	3000	3500	3000	1335.000000	
3000	3000	3500	3000	1335.000000	
3000	3000	3500	3000	1335.000000	
3000	3000	3500	3000	1335.000000	
3000	3000	3500	3000	1335.000000	
3000	3000	3500	3000	1335.000000	
3000	3000	3500	3000	1335.000000	
3000	3000	3500	3000	1335.000000	
3000	3000	3500	3000	1335.000000	
3000	3000	3500	3000	1335.000000	
3000	3000	3500	3000	1335.000000	
3000	3000	3500	3000	1335.000000	
3000	3000	3500	3000	1335.000000	
3000	3000	3500	3000	1335.000000	
3000	3000	3500	3000	1335.000000	
3000	3000	3500	3000	1335.000000	
3000	3000	3500	3000	1335.000000	
3000	3000	3500	3000	1335.000000	
3000	3000	3500	3000	1336.000000	
3000	3000	3500	3000	1336.000000	
3000	3000	3500	3000	1336.000000	
3000	3000	3500	3000	1336.000000	
3000	3000	3500	3000	1336.000000	
3000	3000	3500	3000	1336.000000	
3000	3000	3500	3000	1336.000000	
3000	3000	3500	3000	1336.000000	
3000	3000	3500	3000	1336.000000	
3000	3000	3500	3000	1336.000000	
3000	3000	3500	3000	1336.000000	
3000	3000	3500	3000	1336.000000	
3000	3000	3500	3000	1336.000000	
3000	3000	3500	3000	1336.000000	
3000	3000	3500	3000	1336.000000	
3000	3000	3500	3000	1336.000000	
3000	3000	3500	3000	1336.000000	
3000	3000	3500	3000	1336.000000	
3000	3000	3500	3000	1336.000000	
3000	3000	3500	3000	1336.000000	
3000	3000	3500	3000	1336.000000	
3000	3000	3500	3000	1336.000000	
3000	3000	3500	3000	1337.000000	
3000	3000	3500	3000	1337.000000	
3000	3000	3500	3000	1337.000000	
3000	3000	3500	3000	1337.000000	
3000	3000	3500	3000	1337.000000	
3000	3000	3500	3000	1337.000000	
3000	3000	3500	3000	1337.000000	
3000	3000	3500	3000	1337.000000	
3000	3000	3500	3000	1337.000000	
3000	3000	3500	3000	1337.000000	
3000	3000	3500	3000	1337.000000	
3000	3000	3500	3000	1337.000000	
3000	3000	3500	3000	1337.000000	
3000	3000	3500	3000	1337.000000	
3000	3000	3500	3000	1337.000000	
3000	3000	3500	3000	1337.000000	
3000	3000	3500	3000	1337.000000	
3000	3000	3500	3000	1337.000000	
3000	3000	3500	3000	1337.000000	
3000	3000	3500	3000	1337.000000	
3037	3000	3500	3000	1337.000000	
3000	3000	3500	3000	1337.000000	
3000	3000	3500	3000	1337.000000	
3000	3000	3500	3000	1338.000000	
3000	3000	3500	3000	1338.000000	
3000	3000	3500	3000	1338.000000	
3000	3000	3500	3000	1338.000000	
3000	3000	3500	3000	1338.000000	
3000	3000	3500	3000	1338.000000	
3330	3000	3500	3000	1338.000000	
3000	3000	3500	3000	1338.000000	
3000	3000	3500	3000	1338.000000	
3000	3000	3500	3000	1338.000000	
3000	3000	3500	3000	1338.000000	
3000	3000	3500	3000	1338.000000	
3000	3000	3500	3000	1338.000000	
3000	3000	3500	3000	1338.000000	
3000	3000	3500	3000	1338.000000	
3000	3000	3500	3000	1338.000000	
3000	3000	3500	3000	1338.000000	
3000	3000	3500	3000	1338.000000	
3000	3000	3500	3000	1338.000000	
3000	3000	3500	3000	1338.000000	
3000	3000	3500	3000	1338.000000	
3000	3000	3500	3000	1338.000000	
3000	3000	3500	3000	1338.000000	
3000	3000	3500	3000	1339.000000	
3000	3000	3500	3000	1339.000000	
3000	3000	3500	3000	1339.000000	
3468	3000	3500	3000	1339.000000	
3000	3000	3500	3000	1339.000000	
3000	3000	3500	3000	1339.000000	
3000	3000	3500	3000	1339.000000	
3469	3000	3500	3000	1339.000000	
3000	3000	3500	3000	1339.000000	
3000	3000	3500	3000	1339.000000	
3000	3000	3500	3000	1339.000000	
3000	3000	3500	3000	1339.000000	
3000	3000	3500	3000	1339.000000	
3000	3000	3500	3000	1339.000000	
3000	3000	3500	3000	1339.000000	
3000	3000	3500	3000	1339.000000	
3000	3000	3500	3000	1339.000000	
3000	3000	3500	3000	1339.000000	
3000	3000	3500	3000	1339.000000	
3000	3000	3500	3000	1339.000000	
3000	3000	3500	3000	1339.000000	
3000	3000	3500	3000	1339.000000	
3000	3000	3500	3000	1339.000000	
3000	3000	3500	3000	1340.000000	
3000	3000	3500	3000	1340.000000	
3000	3000	3500	3000	1340.000000	
3000	3000	3500	3000	1340.000000	
3000	3000	3500	3000	1340.000000	
3000	3000	3500	3000	1340.000000	
3000	3000	3500	3000	1340.000000	
3000	3000	3500	3000	1340.000000	
3000	3000	3500	3000	1340.000000	
3000	3000	3500	3000	1340.000000	
3000	3000	3500	3000	1340.000000	
3000	3000	3500	3000	1340.000000	
3082	3000	3500	3000	1340.000000	
3000	3000	3500	3000	1340.000000	
3000	3000	3500	3000	1340.000000	
3000	3000	3500	3000	1340.000000	
3000	3000	3500	3000	1340.000000	
3000	3000	3500	3000	1340.000000	
3000	3000	3500	3000	1340.000000	
3000	3000	3500	3000	1340.000000	
3000	3000	3500	3000	1340.000000	
3000	3000	3500	3000	1340.000000	
3000	3000	3500	3000	1340.000000	
3000	3000	3500	3000	1341.000000	
3000	3000	3500	3000	1341.000000	
3000	3000	3500	3000	1341.000000	
3000	3000	3500	3000	1341.000000	
3000	3000	3500	3000	1341.000000	
3000	3000	3500	3000	1341.000000	
3000	3000	3500	3000	1341.000000	
3000	3000	3500	3000	1341.000000	
3000	3000	3500	3000	1341.000000	
3000	3000	3500	3000	1341.000000	
3000	3000	3500	3000	1341.000000	
3000	3000	3500	3000	1341.000000	
3000	3000	3500	3000	1341.000000	
3000	3000	3500	3000	1341.000000	
3000	3000	3500	3000	1341.000000	
3000	3000	3500	3000	1341.000000	
3000	3000	3500	3000	1341.000000	
3000	3000	3500	3000	1341.000000	
3000	3000	3500	3000	1341.000000	
3000	3000	3500	3000	1341.000000	
3000	3000	3500	3000	1341.000000	
3000	3000	3500	3000	1341.000000	
3000	3000	3500	3000	1341.000000	
3000	3000	3500	3000	1342.000000	
3000	3000	3500	3000	1342.000000	
3000	3000	3500	3000	1342.000000	
3478	3000	3500	3000	1342.000000	
3000	3000	3500	3000	1342.000000	
3000	3000	3500	3000	1342.000000	
3000	3000	3500	3000	1342.000000	
3000	3000	3500	3000	1342.000000	
3000	3000	3500	3000	1342.000000	
3000	3000	3500	3000	1342.000000	
3000	3000	3500	3000	1342.000000	
3000	3000	3500	3000	1342.000000	
3174	3000	3500	3000	1342.000000	
3000	3000	3500	3000	1342.000000	
3000	3000	3500	3000	1342.000000	
3018	3000	3500	3000	1342.000000	
3000	3000	3500	3000	1342.000000	
3000	3000	3500	3000	1342.000000	
3000	3000	3500	3000	1342.000000	
3000	3000	3500	3000	1342.000000	
3000	3000	3500	3000	1342.000000	
3000	3000	3500	3000	1342.000000	
3000	3000	3500	3000	1342.000000	
3000	3000	3500	3000	1343.000000	
3000	3000	3500	3000	1343.000000	
3000	3000	3500	3000	1343.000000	
3000	3000	3500	3000	1343.000000	
3000	3000	3500	3000	1343.000000	
3000	3000	3500	3000	1343.000000	
3000	3000	3500	3000	1343.000000	
3000	3000	3500	3000	1343.000000	
3000	3000	3500	3000	1343.000000	
3000	3000	3500	3000	1343.000000	
3000	3000	3500	3000	1343.000000	
3000	3000	3500	3000	1343.000000	
3000	3000	3500	3000	1343.000000	
3477	3000	3500	3000	1343.000000	
3000	3000	3500	3000	1343.000000	
3000	3000	3500	3000	1343.000000	
3000	3000	3500	3000	1343.000000	
3000	3000	3500	3000	1343.000000	
3000	3000	3500	3000	1343.000000	
3000	3000	3500	3000	1343.000000	
3000	3000	3500	3000	1343.000000	
3000	3000	3500	3000	1343.000000	
3000	3000	3500	3000	1343.000000	
3185	3000	3500	3000	1344.000000	
3000	3000	3500	3000	1344.000000	
3000	3000	3500	3000	1344.000000	
3000	3000	3500	3000	1344.000000	
3000	3000	3500	3000	1344.000000	
3000	3000	3500	3000	1344.000000	
3000	3000	3500	3000	1344.000000	
3000	3000	3500	3000	1344.000000	
3000	3000	3500	3000	1344.000000	
3000	3000	3500	3000	1344.000000	
3000	3000	3500	3000	1344.000000	
3000	3000	3500	3000	1344.000000	
3000	3000	3500	3000	1344.000000	
3000	3000	3500	3000	1344.000000	
3000	3000	3500	3000	1344.000000	
3000	3000	3500	3000	1344.000000	
3000	3000	3500	3000	1344.000000	
3000	3000	3500	3000	1344.000000	
3000	3000	3500	3000	1344.000000	
3000	3000	3500	3000	1344.000000	
3000	3000	3500	3000	1344.000000	
3000	3000	3500	3000	1344.000000	
3000	3000	3500	3000	1344.000000	
3000	3000	3500	3000	1345.000000	
3000	3000	3500	3000	1345.000000	
3000	3000	3500	3000	1345.000000	
3000	3000	3500	3000	1345.000000	
3000	3000	3500	3000	1345.000000	
3000	3000	3500	3000	1345.000000	
3000	3000	3500	3000	1345.000000	
3000	3000	3500	3000	1345.000000	
3000	3000	3500	3000	1345.000000	
3000	3000	3500	3000	1345.000000	
3000	3000	3500	3000	1345.000000	
3000	3000	3500	3000	1345.000000	
3000	3000	3500	3000	1345.000000	
3000	3000	3500	3000	1345.000000	
3000	3000	3500	3000	1345.000000	
3000	3000	3500	3000	1345.000000	
3000	3000	3500	3000	1345.000000	
3000	3000	3500	3000	1345.000000	
3000	3000	3500	3000	1345.000000	
3000	3000	3500	3000	1345.000000	
3000	3000	3500	3000	1345.000000	
3000	3000	3500	3000	1345.000000	
3000	3000	3500	3000	1346.000000	
3000	3000	3500	3000	1346.000000	
3000	3000	3500	3000	1346.000000	
3000	3000	3500	3000	1346.000000	
3000	3000	3500	3000	1346.000000	
3000	3000	3500	3000	1346.000000	
3000	3000	3500	3000	1346.000000	
3000	3000	3500	3000	1346.000000	
3000	3000	3500	3000	1346.000000	
3000	3000	3500	3000	1346.000000	
3000	3000	3500	3000	1346.000000	
3000	3000	3500	3000	1346.000000	
3000	3000	3500	3000	1346.000000	
3000	3000	3500	3000	1346.000000	
3000	3000	3500	3000	1346.000000	
3000	3000	3500	3000	1346.000000	
3000	3000	3500	3000	1346.000000	
3000	3000	3500	3000	1346.000000	
3000	3000	3500	3000	1346.000000	
3000	3000	3500	3000	1346.000000	
3000	3000	3500	3000	1346.000000	
3000	3000	3500	3000	1346.000000	
3232	3000	3500	3000	1346.000000	
3000	3000	3500	3000	1347.000000	
3000	3000	3500	3000	1347.000000	
3000	3000	3500	3000	1347.000000	
3000	3000	3500	3000	1347.000000	
3000	3000	3500	3000	1347.000000	
3000	3000	3500	3000	1347.000000	
3000	3000	3500	3000	1347.000000	
3000	3000	3500	3000	1347.000000	
3000	3000	3500	3000	1347.000000	
3000	3000	3500	3000	1347.000000	
3000	3000	3500	3000	1347.000000	
3478	3000	3500	3000	1347.000000	
3000	3000	3500	3000	1347.000000	
3000	3000	3500	3000	1347.000000	
3000	3000	3500	3000	1347.000000	
3000	3000	3500	3000	1347.000000	
3000	3000	3500	3000	1347.000000	
3331	3000	3500	3000	1347.000000	
3000	3000	3500	3000	1347.000000	
3000	3000	3500	3000	1347.000000	
3000	3000	3500	3000	1347.000000	
3000	3000	3500	3000	1347.000000	
3000	3000	3500	3000	1347.000000	
3000	3000	3500	3000	1348.000000	
3000	3000	3500	3000	1348.000000	
3000	3000	3500	3000	1348.000000	
3000	3000	3500	3000	1348.000000	
3000	3000	3500	3000	1348.000000	
3000	3000	3500	3000	1348.000000	
3000	3000	3500	3000	1348.000000	
3000	3000	3500	3000	1348.000000	
3000	3000	3500	3000	1348.000000	
3000	3000	3500	3000	1348.000000	
3000	3000	3500	3000	1348.000000	
3000	3000	3500	3000	1348.000000	
3000	3000	3500	3000	1348.000000	
3000	3000	3500	3000	1348.000000	
3000	3000	3500	3000	1348.000000	
3000	3000	3500	3000	1348.000000	
3000	3000	3500	3000	1348.000000	
3000	3000	3500	3000	1348.000000	
3000	3000	3500	3000	1348.000000	
3000	3000	3500	3000	1348.000000	
3000	3000	3500	3000	1348.000000	
3000	3000	3500	3000	1348.000000	
3000	3000	3500	3000	1348.000000	
3000	3000	3500	3000	1349.000000	
3000	3000	3500	3000	1349.000000	
3000	3000	3500	3000	1349.000000	
3000	3000	3500	3000	1349.000000	
3279	3000	3500	3000	1349.000000	
3000	3000	3500	3000	1349.000000	
3000	3000	3500	3000	1349.000000	
3000	3000	3500	3000	1349.000000	
3000	3000	3500	3000	1349.000000	
3057	3000	3500	3000	1349.000000	
3000	3000	3500	3000	1349.000000	
3000	3000	3500	3000	1349.000000	
3000	3000	3500	3000	1349.000000	
3000	3000	3500	3000	1349.000000	
3000	3000	3500	3000	1349.000000	
3000	3000	3500	3000	1349.000000	
3000	3000	3500	3000	1349.000000	
3000	3000	3500	3000	1349.000000	
3000	3000	3500	3000	1349.000000	
3000	3000	3500	3000	1349.000000	
3000	3000	3500	3000	1349.000000	
3000	3000	3500	3000	1349.000000	
3000	3000	3500	3000	1349.000000	
3000	3000	3500	3000	1350.000000	
3000	3000	3500	3000	1350.000000	
3000	3000	3500	3000	1350.000000	
3000	3000	3500	3000	1350.000000	
3000	3000	3500	3000	1350.000000	
3000	3000	3500	3000	1350.000000	
3000	3000	3500	3000	1350.000000	
3000	3000	3500	3000	1350.000000	
3000	3000	3500	3000	1350.000000	
3000	3000	3500	3000	1350.000000	
